--------- beginning of /dev/log/kernel
01-06 06:29:12.000     0     0 I KERNEL  : [    0.000000] Initializing cgroup subsys cpuset
01-06 06:29:12.000     0     0 I KERNEL  : [    0.000000] Initializing cgroup subsys cpu
01-06 06:29:12.000     0     0 I KERNEL  : [    0.000000] Linux version 3.4.34-gc095934 (svnadmin@nataku03) (gcc version 4.6 20120106 (prerelease) (GCC) ) #1 SMP PREEMPT Mon Jan 6 01:17:14 CST 2014
01-06 06:29:12.000     0     0 I KERNEL  : [    0.000000] BIOS-provided physical RAM map:
01-06 06:29:12.000     0     0 I KERNEL  : [    0.000000]  BIOS-e820: 0000000000000000 - 0000000000098000 (usable)
01-06 06:29:12.000     0     0 I KERNEL  : [    0.000000]  BIOS-e820: 0000000000100000 - 0000000000d00000 (usable)
01-06 06:29:12.000     0     0 I KERNEL  : [    0.000000]  BIOS-e820: 0000000000d00000 - 0000000001000000 (reserved)
01-06 06:29:12.000     0     0 I KERNEL  : [    0.000000]  BIOS-e820: 0000000001000000 - 0000000036ff0000 (usable)
01-06 06:29:12.000     0     0 I KERNEL  : [    0.000000]  BIOS-e820: 0000000036ff0000 - 00000000378fd000 (reserved)
01-06 06:29:12.000     0     0 I KERNEL  : [    0.000000]  BIOS-e820: 00000000378fd400 - 00000000379fd400 (reserved)
01-06 06:29:12.000     0     0 I KERNEL  : [    0.000000]  BIOS-e820: 00000000379fd400 - 000000003eeff400 (usable)
01-06 06:29:12.000     0     0 I KERNEL  : [    0.000000]  BIOS-e820: 000000003ef00000 - 0000000040000000 (reserved)
01-06 06:29:12.000     0     0 I KERNEL  : [    0.000000]  BIOS-e820: 00000000fec00000 - 00000000fec01000 (reserved)
01-06 06:29:12.000     0     0 I KERNEL  : [    0.000000]  BIOS-e820: 00000000fee00000 - 00000000fee01000 (reserved)
01-06 06:29:12.000     0     0 I KERNEL  : [    0.000000]  BIOS-e820: 00000000ff000000 - 0000000100000000 (reserved)
01-06 06:29:12.000     0     0 I KERNEL  : [    0.000000] kmemleak: Kernel memory leak detector disabled
01-06 06:29:12.000     0     0 I KERNEL  : [    0.000000] NX (Execute Disable) protection: active
01-06 06:29:12.000     0     0 I KERNEL  : [    0.000000] SMBIOS 2.6 present.
01-06 06:29:12.000     0     0 I KERNEL  : [    0.000000] DMI: Intel Corporation CloverTrail/CloverTrail, BIOS 364 2014.01.02:03.20.19
01-06 06:29:12.000     0     0 I KERNEL  : [    0.000000] e820 update range: 0000000000000000 - 0000000000010000 (usable) ==> (reserved)
01-06 06:29:12.000     0     0 I KERNEL  : [    0.000000] e820 remove range: 00000000000a0000 - 0000000000100000 (usable)
01-06 06:29:12.000     0     0 I KERNEL  : [    0.000000] last_pfn = 0x3eeff max_arch_pfn = 0x1000000
01-06 06:29:12.000     0     0 I KERNEL  : [    0.000000] MTRR default type: uncachable
01-06 06:29:12.000     0     0 I KERNEL  : [    0.000000] MTRR fixed ranges enabled:
01-06 06:29:12.000     0     0 I KERNEL  : [    0.000000]   00000-9FFFF write-back
01-06 06:29:12.000     0     0 I KERNEL  : [    0.000000]   A0000-BFFFF uncachable
01-06 06:29:12.000     0     0 I KERNEL  : [    0.000000]   C0000-FFFFF write-back
01-06 06:29:12.000     0     0 I KERNEL  : [    0.000000] MTRR variable ranges enabled:
01-06 06:29:12.000     0     0 I KERNEL  : [    0.000000]   0 base 000000000 mask FC0000000 write-back
01-06 06:29:12.000     0     0 I KERNEL  : [    0.000000]   1 base 03F000000 mask FFF000000 uncachable
01-06 06:29:12.000     0     0 I KERNEL  : [    0.000000]   2 disabled
01-06 06:29:12.000     0     0 I KERNEL  : [    0.000000]   3 disabled
01-06 06:29:12.000     0     0 I KERNEL  : [    0.000000]   4 disabled
01-06 06:29:12.000     0     0 I KERNEL  : [    0.000000]   5 disabled
01-06 06:29:12.000     0     0 I KERNEL  : [    0.000000]   6 disabled
01-06 06:29:12.000     0     0 I KERNEL  : [    0.000000]   7 disabled
01-06 06:29:12.000     0     0 I KERNEL  : [    0.000000] x86 PAT enabled: cpu 0, old 0x7040600070406, new 0x7010600070106
01-06 06:29:12.000     0     0 I KERNEL  : [    0.000000] original variable MTRRs
01-06 06:29:12.000     0     0 I KERNEL  : [    0.000000] reg 0, base: 0GB, range: 1GB, type WB
01-06 06:29:12.000     0     0 I KERNEL  : [    0.000000] reg 1, base: 1008MB, range: 16MB, type UC
01-06 06:29:12.000     0     0 I KERNEL  : [    0.000000] total RAM covered: 1008M
01-06 06:29:12.000     0     0 I KERNEL  : [    0.000000] Found optimal setting for mtrr clean up
01-06 06:29:12.000     0     0 I KERNEL  : [    0.000000]  gran_size: 64K 	chunk_size: 32M 	num_reg: 2  	lose cover RAM: 0G
01-06 06:29:12.000     0     0 I KERNEL  : [    0.000000] New variable MTRRs
01-06 06:29:12.000     0     0 I KERNEL  : [    0.000000] reg 0, base: 0GB, range: 1GB, type WB
01-06 06:29:12.000     0     0 I KERNEL  : [    0.000000] reg 1, base: 1008MB, range: 16MB, type UC
01-06 06:29:12.000     0     0 I KERNEL  : [    0.000000] initial memory mapped : 0 - 02600000
01-06 06:29:12.000     0     0 I KERNEL  : [    0.000000] Base memory trampoline at [c0097000] 97000 size 4096
01-06 06:29:12.000     0     0 I KERNEL  : [    0.000000] Initialized persistent memory from 345fe000-347fdfff
01-06 06:29:12.000     0     0 I KERNEL  : [    0.000000] init_memory_mapping: 0000000000000000-00000000347fe000
01-06 06:29:12.000     0     0 I KERNEL  : [    0.000000]  0000000000 - 0000200000 page 4k
01-06 06:29:12.000     0     0 I KERNEL  : [    0.000000]  0000200000 - 0034600000 page 2M
01-06 06:29:12.000     0     0 I KERNEL  : [    0.000000]  0034600000 - 00347fe000 page 4k
01-06 06:29:12.000     0     0 I KERNEL  : [    0.000000] kernel direct mapping tables up to 0x347fdfff @ [mem 0x025fa000-0x025fffff]
01-06 06:29:12.000     0     0 I KERNEL  : [    0.000000] RAMDISK: 07be5000 - 08000000
01-06 06:29:12.000     0     0 I KERNEL  : [    0.000000] 167MB HIGHMEM available.
01-06 06:29:12.000     0     0 I KERNEL  : [    0.000000] 839MB LOWMEM available.
01-06 06:29:12.000     0     0 I KERNEL  : [    0.000000]   mapped low ram: 0 - 347fe000
01-06 06:29:12.000     0     0 I KERNEL  : [    0.000000]   low ram: 0 - 347fe000
01-06 06:29:12.000     0     0 I KERNEL  : [    0.000000] Zone PFN ranges:
01-06 06:29:12.000     0     0 I KERNEL  : [    0.000000]   DMA      0x00000010 -> 0x00001000
01-06 06:29:12.000     0     0 I KERNEL  : [    0.000000]   Normal   0x00001000 -> 0x000347fe
01-06 06:29:12.000     0     0 I KERNEL  : [    0.000000]   HighMem  0x000347fe -> 0x0003eeff
01-06 06:29:12.000     0     0 I KERNEL  : [    0.000000] Movable zone start PFN for each node
01-06 06:29:12.000     0     0 I KERNEL  : [    0.000000] Early memory PFN ranges
01-06 06:29:12.000     0     0 I KERNEL  : [    0.000000]     0: 0x00000010 -> 0x00000098
01-06 06:29:12.000     0     0 I KERNEL  : [    0.000000]     0: 0x00000100 -> 0x00000d00
01-06 06:29:12.000     0     0 I KERNEL  : [    0.000000]     0: 0x00001000 -> 0x00036ff0
01-06 06:29:12.000     0     0 I KERNEL  : [    0.000000]     0: 0x000379fe -> 0x0003eeff
01-06 06:29:12.000     0     0 I KERNEL  : [    0.000000] On node 0 totalpages: 254329
01-06 06:29:12.000     0     0 I KERNEL  : [    0.000000] free_area_init_node: node 0, pgdat c1ce1580, node_mem_map f3e1d200
01-06 06:29:12.000     0     0 I KERNEL  : [    0.000000]   DMA zone: 32 pages used for memmap
01-06 06:29:12.000     0     0 I KERNEL  : [    0.000000]   DMA zone: 0 pages reserved
01-06 06:29:12.000     0     0 I KERNEL  : [    0.000000]   DMA zone: 3176 pages, LIFO batch:0
01-06 06:29:12.000     0     0 I KERNEL  : [    0.000000]   Normal zone: 1648 pages used for memmap
01-06 06:29:12.000     0     0 I KERNEL  : [    0.000000]   Normal zone: 209294 pages, LIFO batch:31
01-06 06:29:12.000     0     0 I KERNEL  : [    0.000000]   HighMem zone: 335 pages used for memmap
01-06 06:29:12.000     0     0 I KERNEL  : [    0.000000]   HighMem zone: 39844 pages, LIFO batch:7
01-06 06:29:12.000     0     0 I KERNEL  : [    0.000000] Using APIC driver default
01-06 06:29:12.000     0     0 I KERNEL  : [    0.000000] SFI: Simple Firmware Interface v0.81 http://simplefirmware.org
01-06 06:29:12.000     0     0 I KERNEL  : [    0.000000] SFI: SYST E0200, 0078 (v1  INTEL INTELFDK)
01-06 06:29:12.000     0     0 I KERNEL  : [    0.000000] SFI: CPUS E029E, 0028 (v1  INTEL INTELFDK)
01-06 06:29:12.000     0     0 I KERNEL  : [    0.000000] SFI: FREQ E02D2, 003C (v1  INTEL INTELFDK)
01-06 06:29:12.000     0     0 I KERNEL  : [    0.000000] SFI: MMAP E031A, 0234 (v1  INTEL INTELFDK)
01-06 06:29:12.000     0     0 I KERNEL  : [    0.000000] SFI: XSDT E0560, 002C (v1  INTEL INTELFDK)
01-06 06:29:12.000     0     0 I KERNEL  : [    0.000000] SFI: APIC E05EA, 0020 (v1  INTEL INTELFDK)
01-06 06:29:12.000     0     0 I KERNEL  : [    0.000000] SFI: MTMR E0616, 0058 (v2  INTEL INTELFDK)
01-06 06:29:12.000     0     0 I KERNEL  : [    0.000000] SFI: MRTC E067A, 0024 (v1  INTEL INTELFDK)
01-06 06:29:12.000     0     0 I KERNEL  : [    0.000000] SFI: WAKE E06AA, 0020 (v2  INTEL INTELFDK)
01-06 06:29:12.000     0     0 I KERNEL  : [    0.000000] SFI: DEVS E06DE, 047D (v1  INTEL INTELFDK)
01-06 06:29:12.000     0     0 I KERNEL  : [    0.000000] SFI: GPIO E0B67, 0722 (v1  INTEL INTELFDK)
01-06 06:29:12.000     0     0 I KERNEL  : [    0.000000] SFI: OEMB E1295, 0060 (v5 UMGFDK CFGINFO!)
01-06 06:29:12.000     0     0 I KERNEL  : [    0.000000] SFI: OEM0 E1301, 0068 (v4 Intel  BATTERY )
01-06 06:29:12.000     0     0 I KERNEL  : [    0.000000] SFI: registering lapic[0]
01-06 06:29:12.000     0     0 I KERNEL  : [    0.000000] SFI: registering lapic[1]
01-06 06:29:12.000     0     0 I KERNEL  : [    0.000000] SFI: registering lapic[2]
01-06 06:29:12.000     0     0 I KERNEL  : [    0.000000] SFI: registering lapic[3]
01-06 06:29:12.000     0     0 I KERNEL  : [    0.000000] IOAPIC[0]: apic_id 0, version 31, address 0xfec00000, GSI 0-76
01-06 06:29:12.000     0     0 I KERNEL  : [    0.000000] SMP: Allowing 4 CPUs, 0 hotplug CPUs
01-06 06:29:12.000     0     0 I KERNEL  : [    0.000000] nr_irqs_gsi: 93
01-06 06:29:12.000     0     0 I KERNEL  : [    0.000000] Allocating PCI resources starting at 40000000 (gap: 40000000:bec00000)
01-06 06:29:12.000     0     0 I KERNEL  : [    0.000000] setup_percpu: NR_CPUS:4 nr_cpumask_bits:4 nr_cpu_ids:4 nr_node_ids:1
01-06 06:29:12.000     0     0 I KERNEL  : [    0.000000] PERCPU: Embedded 13 pages/cpu @f3de2000 s31360 r0 d21888 u53248
01-06 06:29:12.000     0     0 I KERNEL  : [    0.000000] pcpu-alloc: s31360 r0 d21888 u53248 alloc=13*4096
01-06 06:29:12.000     0     0 I KERNEL  : [    0.000000] pcpu-alloc: [0] 0 [0] 1 [0] 2 [0] 3 
01-06 06:29:12.000     0     0 I KERNEL  : [    0.000000] Built 1 zonelists in Zone order, mobility grouping on.  Total pages: 252314
01-06 06:29:12.000     0     0 I KERNEL  : [    0.000000] Kernel command line: init=/init pci=noearly console=ttyMFD2 console=logk0 earlyprintk=nologger loglevel=4 hsu_dma=7 kmemleak=off ptrace.ptrace_can_access=1 androidboot.bootmedia=sdcard androidboot.hardware=falcon androidboot.spid=xxxx:xxxx:xxxx:xxxx:xxxx:xxxx androidboot.serialno=01234567890123456789012345678901 androidboot.lcdsize=0540x0960 ip=50.0.0.2:50.0.0.1::255.255.255.0::usb0:on nmi_watchdog=panic softlockup_panic=1 vmalloc=172M g_android.fastboot=1 droidboot.scratch=100 androidboot.wakesrc=01 androidboot.mode=fota
01-06 06:29:12.000     0     0 I KERNEL  : [    0.000000] PID hash table entries: 4096 (order: 2, 16384 bytes)
01-06 06:29:12.000     0     0 I KERNEL  : [    0.000000] Dentry cache hash table entries: 131072 (order: 7, 524288 bytes)
01-06 06:29:12.000     0     0 I KERNEL  : [    0.000000] Inode-cache hash table entries: 65536 (order: 6, 262144 bytes)
01-06 06:29:12.000     0     0 I KERNEL  : [    0.000000] Initializing CPU#0
01-06 06:29:12.000     0     0 I KERNEL  : [    0.000000] allocated 2062200 bytes of page_cgroup
01-06 06:29:12.000     0     0 I KERNEL  : [    0.000000] please try 'cgroup_disable=memory' option if you don't want memory cgroups
01-06 06:29:12.000     0     0 I KERNEL  : [    0.000000] Initializing HighMem for node 0 (000347fe:0003eeff)
01-06 06:29:12.000     0     0 I KERNEL  : [    0.000000] Memory: 985184k/1031164k available (7459k kernel code, 32132k reserved, 3823k data, 552k init, 160716k highmem)
01-06 06:29:12.000     0     0 I KERNEL  : [    0.000000] virtual kernel memory layout:
01-06 06:29:12.000     0     0 I KERNEL  : [    0.000000]     fixmap  : 0xfff64000 - 0xfffff000   ( 620 kB)
01-06 06:29:12.000     0     0 I KERNEL  : [    0.000000]     pkmap   : 0xffc00000 - 0xffe00000   (2048 kB)
01-06 06:29:12.000     0     0 I KERNEL  : [    0.000000]     vmalloc : 0xf4ffe000 - 0xffbfe000   ( 172 MB)
01-06 06:29:12.000     0     0 I KERNEL  : [    0.000000]     lowmem  : 0xc0000000 - 0xf47fe000   ( 839 MB)
01-06 06:29:12.000     0     0 I KERNEL  : [    0.000000]       .init : 0xc1d05000 - 0xc1d8f000   ( 552 kB)
01-06 06:29:12.000     0     0 I KERNEL  : [    0.000000]       .data : 0xc1948f6b - 0xc1d04c00   (3823 kB)
01-06 06:29:12.000     0     0 I KERNEL  : [    0.000000]       .text : 0xc1200000 - 0xc1948f6b   (7459 kB)
01-06 06:29:12.000     0     0 I KERNEL  : [    0.000000] Checking if this processor honours the WP bit even in supervisor mode...Ok.
01-06 06:29:12.000     0     0 I KERNEL  : [    0.000000] SLUB: Genslabs=15, HWalign=64, Order=0-3, MinObjects=0, CPUs=4, Nodes=1
01-06 06:29:12.000     0     0 I KERNEL  : [    0.000000] Preemptible hierarchical RCU implementation.
01-06 06:29:12.000     0     0 I KERNEL  : [    0.000000] 	Additional per-CPU info printed with stalls.
01-06 06:29:12.000     0     0 I KERNEL  : [    0.000000] NR_IRQS:2304 nr_irqs:1024 16
01-06 06:29:12.000     0     0 I KERNEL  : [    0.000000] CPU 0 irqstacks, hard=f340a000 soft=f3410000
01-06 06:29:12.000     0     0 I KERNEL  : [    0.000000] vRTC: sec: 12 min: 29 hour: 6 day: 6 mon: 1 year: 2014
01-06 06:29:12.000     0     0 I KERNEL  : [    0.000000] Console: colour dummy device 80x25
01-06 06:29:12.000     0     0 I KERNEL  : [    0.000000] register logcat console
01-06 06:29:12.000     0     0 I KERNEL  : [    0.000000] console [logk0] enabled
01-06 06:29:12.000     0     0 I KERNEL  : [    0.000000] See a Clovertrail+ B0/B1/B2 processor and will correct its tsc info!
01-06 06:29:12.000     0     0 I KERNEL  : [    0.000000] Detected 1198.080 MHz processor.
01-06 06:29:12.000     0     0 I KERNEL  : [    0.000008] Calibrating delay loop (skipped), value calculated using timer frequency.. 
01-06 06:29:12.000     0     0 I KERNEL  : 2396.16 BogoMIPS (lpj=11980800)
01-06 06:29:12.000     0     0 I KERNEL  : [    0.000034] pid_max: default: 32768 minimum: 301
01-06 06:29:12.000     0     0 I KERNEL  : [    0.000138] Security Framework initialized
01-06 06:29:12.000     0     0 I KERNEL  : [    0.000238] Mount-cache hash table entries: 512
01-06 06:29:12.000     0     0 I KERNEL  : [    0.001085] Initializing cgroup subsys cpuacct
01-06 06:29:12.000     0     0 I KERNEL  : [    0.001102] Initializing cgroup subsys memory
01-06 06:29:12.000     0     0 I KERNEL  : [    0.001140] Initializing cgroup subsys devices
01-06 06:29:12.000     0     0 I KERNEL  : [    0.001153] Initializing cgroup subsys freezer
01-06 06:29:12.000     0     0 I KERNEL  : [    0.001165] Initializing cgroup subsys blkio
01-06 06:29:12.000     0     0 I KERNEL  : [    0.001196] Initializing cgroup subsys perf_event
01-06 06:29:12.000     0     0 I KERNEL  : [    0.001308] CPU: Physical Processor ID: 0
01-06 06:29:12.000     0     0 I KERNEL  : [    0.001321] CPU: Processor Core ID: 0
01-06 06:29:12.000     0     0 I KERNEL  : [    0.001334] mce: CPU supports 5 MCE banks
01-06 06:29:12.000     0     0 I KERNEL  : [    0.001363] CPU0: Thermal monitoring enabled (TM2)
01-06 06:29:12.000     0     0 I KERNEL  : [    0.001379] using mwait in idle threads.
01-06 06:29:12.000     0     0 I KERNEL  : [    0.001714] SFI: MCFG E05A2, 003C (v1  INTEL INTELFDK)
01-06 06:29:12.000     0     0 I KERNEL  : [    0.001732] ftrace: allocating 29969 entries in 59 pages
01-06 06:29:12.000     1     1 I KERNEL  : [    0.071235] Enabling APIC mode:  Flat.  Using 1 I/O APICs
01-06 06:29:12.000     1     1 I KERNEL  : [    0.071322] CPU0: 
01-06 06:29:12.000     1     1 I KERNEL  : Intel(R) Atom(TM) CPU Z2520  @ 1.20GHz
01-06 06:29:12.000     1     1 I KERNEL  :  stepping 01
01-06 06:29:12.000     1     1 I KERNEL  : [    0.071360] Performance Events: 
01-06 06:29:12.000     1     1 I KERNEL  : PEBS fmt0+, 
01-06 06:29:12.000     1     1 I KERNEL  : generic architected perfmon, 
01-06 06:29:12.000     1     1 I KERNEL  : Intel PMU driver.
01-06 06:29:12.000     1     1 I KERNEL  : [    0.071400] ... version:                3
01-06 06:29:12.000     1     1 I KERNEL  : [    0.071411] ... bit width:              40
01-06 06:29:12.000     1     1 I KERNEL  : [    0.071421] ... generic registers:      2
01-06 06:29:12.000     1     1 I KERNEL  : [    0.071432] ... value mask:             000000ffffffffff
01-06 06:29:12.000     1     1 I KERNEL  : [    0.071443] ... max period:             000000007fffffff
01-06 06:29:12.000     1     1 I KERNEL  : [    0.071454] ... fixed-purpose events:   3
01-06 06:29:12.000     1     1 I KERNEL  : [    0.071464] ... event mask:             0000000700000003
01-06 06:29:12.040     1     1 I KERNEL  : [    0.111691] NMI watchdog: enabled, takes one hw-pmu counter.
01-06 06:29:12.080     1     1 I KERNEL  : [    0.151442] CPU 1 irqstacks, hard=f34e6000 soft=f34f0000
01-06 06:29:12.080     1     1 I KERNEL  : [    0.151467] Booting Node   0, Processors 
01-06 06:29:12.080     1     1 I KERNEL  :  #1
01-06 06:29:12.090     1     1 I KERNEL  : 
01-06 06:29:12.090     1     1 I KERNEL  : [    0.161676] Initializing CPU#1
01-06 06:29:12.090     1     1 I KERNEL  : [    0.162715] NMI watchdog: enabled, takes one hw-pmu counter.
01-06 06:29:12.130     1     1 I KERNEL  : [    0.201400] CPU 2 irqstacks, hard=f351c000 soft=f351e000
01-06 06:29:12.130     1     1 I KERNEL  : [    0.201424]  #2
01-06 06:29:12.140     1     1 I KERNEL  : 
01-06 06:29:12.140     1     1 I KERNEL  : [    0.211489] Initializing CPU#2
01-06 06:29:12.140     1     1 I KERNEL  : [    0.212625] NMI watchdog: enabled, takes one hw-pmu counter.
01-06 06:29:12.180     1     1 I KERNEL  : [    0.251356] CPU 3 irqstacks, hard=f352a000 soft=f352c000
01-06 06:29:12.180     1     1 I KERNEL  : [    0.251379]  #3 Ok.
01-06 06:29:12.190     1     1 I KERNEL  : [    0.261449] Initializing CPU#3
01-06 06:29:12.190     1     1 I KERNEL  : [    0.262502] Skipped synchronization checks as TSC is reliable.
01-06 06:29:12.190     1     1 I KERNEL  : [    0.262624] NMI watchdog: enabled, takes one hw-pmu counter.
01-06 06:29:12.190     1     1 I KERNEL  : [    0.262782] Brought up 4 CPUs
01-06 06:29:12.190     1     1 I KERNEL  : [    0.262806] Total of 4 processors activated (9584.64 BogoMIPS).
01-06 06:29:12.200     1     1 I KERNEL  : [    0.273036] pinctrl core: initialized pinctrl subsystem
01-06 06:29:12.200     1     1 I KERNEL  : [    0.273247] SFI: SFI sysfs interfaces init success
01-06 06:29:12.200     1     1 I KERNEL  : [    0.273539] dummy: 
01-06 06:29:12.200     1     1 I KERNEL  : [    0.273803] NET: Registered protocol family 16
01-06 06:29:12.200     1     1 I KERNEL  : [    0.277017] MFLD Validation SFI OEMB Layout
01-06 06:29:12.200     1     1 I KERNEL  : [    0.277075] 	OEMB signature               : OEMB
01-06 06:29:12.200     1     1 I KERNEL  : [    0.277080] 	OEMB length                  : 96
01-06 06:29:12.200     1     1 I KERNEL  : [    0.277085] 	OEMB revision                : 5
01-06 06:29:12.200     1     1 I KERNEL  : [    0.277089] 	OEMB checksum                : 0xE3
01-06 06:29:12.200     1     1 I KERNEL  : [    0.277093] 	OEMB oem_id                  : UMGFDK
01-06 06:29:12.200     1     1 I KERNEL  : [    0.277098] 	OEMB oem_table_id            : CFGINFO!
01-06 06:29:12.200     1     1 I KERNEL  : [    0.277102] 	OEMB board_id                : 0x19
01-06 06:29:12.200     1     1 I KERNEL  : [    0.277107] 	OEMB iafw version            : 000.075
01-06 06:29:12.200     1     1 I KERNEL  : [    0.277111] 	OEMB val_hooks version       : 000.086
01-06 06:29:12.200     1     1 I KERNEL  : [    0.277116] 	OEMB ia suppfw version       : 000.075
01-06 06:29:12.200     1     1 I KERNEL  : [    0.277121] 	OEMB scu runtime version     : 032.040
01-06 06:29:12.200     1     1 I KERNEL  : [    0.277125] 	OEMB ifwi version            : 249.219
01-06 06:29:12.200     1     1 I KERNEL  : [    0.277130] 	OEMB spid customer id        : 0000
01-06 06:29:12.200     1     1 I KERNEL  : [    0.277134] 	OEMB spid vendor id          : 0000
01-06 06:29:12.200     1     1 I KERNEL  : [    0.277138] 	OEMB spid manufacturer id    : ffff
01-06 06:29:12.200     1     1 I KERNEL  : [    0.277143] 	OEMB spid platform family id : 0002
01-06 06:29:12.200     1     1 I KERNEL  : [    0.277147] 	OEMB spid product line id    : 8000
01-06 06:29:12.200     1     1 I KERNEL  : [    0.277152] 	OEMB spid hardware id        : 0019
01-06 06:29:12.200     1     1 I KERNEL  : [    0.277156] 	OEMB spid fru[4..0]          : 00 00 00 00 00
01-06 06:29:12.200     1     1 I KERNEL  : [    0.277161] 	OEMB spid fru[9..5]          : 00 00 00 00 00
01-06 06:29:12.200     1     1 I KERNEL  : [    0.277166] 	OEMB ssn                     : 
01-06 06:29:12.200     1     1 I KERNEL  : [    0.277235] GPIO pin info:
01-06 06:29:12.200     1     1 I KERNEL  : [    0.277250] info[ 0]: controller =       clv_gpio_0, pin_name =         ocd_gpio, pin = 0
01-06 06:29:12.200     1     1 I KERNEL  : [    0.277266] info[ 1]: controller =       clv_gpio_0, pin_name =   WLAN-interrupt, pin = 2
01-06 06:29:12.200     1     1 I KERNEL  : [    0.277282] info[ 2]: controller =       clv_gpio_0, pin_name =   bt_uart_enable, pin = 45
01-06 06:29:12.200     1     1 I KERNEL  : [    0.277299] info[ 3]: controller =       clv_gpio_0, pin_name =    gpio_i2s3_clk, pin = 12
01-06 06:29:12.200     1     1 I KERNEL  : [    0.277315] info[ 4]: controller =       clv_gpio_0, pin_name =     gpio_i2s3_fs, pin = 13
01-06 06:29:12.200     1     1 I KERNEL  : [    0.277331] info[ 5]: controller =       clv_gpio_0, pin_name =           vol_up, pin = 30
01-06 06:29:12.200     1     1 I KERNEL  : [    0.277347] info[ 6]: controller =       clv_gpio_0, pin_name =         vol_down, pin = 31
01-06 06:29:12.200     1     1 I KERNEL  : [    0.277363] info[ 7]: controller =       clv_gpio_0, pin_name =   gpio_codec_int, pin = 32
01-06 06:29:12.200     1     1 I KERNEL  : [    0.277379] info[ 8]: controller =       clv_gpio_0, pin_name =         NFC-intr, pin = 33
01-06 06:29:12.200     1     1 I KERNEL  : [    0.277395] info[ 9]: controller =       clv_gpio_0, pin_name =     gpio_plugdet, pin = 34
01-06 06:29:12.200     1     1 I KERNEL  : [    0.277411] info[10]: controller =       clv_gpio_0, pin_name =    gpio_vbenable, pin = 40
01-06 06:29:12.200     1     1 I KERNEL  : [    0.277427] info[11]: controller =       clv_gpio_0, pin_name =      modem-gpio1, pin = 44
01-06 06:29:12.200     1     1 I KERNEL  : [    0.277443] info[12]: controller =       clv_gpio_0, pin_name =      modem-gpio2, pin = 37
01-06 06:29:12.200     1     1 I KERNEL  : [    0.277459] info[13]: controller =       clv_gpio_0, pin_name =         gpio_pwm, pin = 49
01-06 06:29:12.200     1     1 I KERNEL  : [    0.277476] info[14]: controller =       clv_gpio_1, pin_name =        bt_wakeup, pin = 112
01-06 06:29:12.200     1     1 I KERNEL  : [    0.277492] info[15]: controller =       clv_gpio_0, pin_name =       mipi-reset, pin = 57
01-06 06:29:12.200     1     1 I KERNEL  : [    0.277508] info[16]: controller =       clv_gpio_0, pin_name =           ts_rst, pin = 58
01-06 06:29:12.200     1     1 I KERNEL  : [    0.277524] info[17]: controller =       clv_gpio_0, pin_name =        accel_int, pin = 60
01-06 06:29:12.200     1     1 I KERNEL  : [    0.277540] info[18]: controller =       clv_gpio_0, pin_name =          accel_2, pin = 61
01-06 06:29:12.200     1     1 I KERNEL  : [    0.277556] info[19]: controller =       clv_gpio_0, pin_name =           ts_int, pin = 62
01-06 06:29:12.200     1     1 I KERNEL  : [    0.277572] info[20]: controller =       clv_gpio_0, pin_name =          AL-intr, pin = 63
01-06 06:29:12.200     1     1 I KERNEL  : [    0.277588] info[21]: controller =       clv_gpio_0, pin_name =        sd_cd_pin, pin = 69
01-06 06:29:12.200     1     1 I KERNEL  : [    0.277604] info[22]: controller =       clv_gpio_0, pin_name =     gpio_i2s3_tx, pin = 74
01-06 06:29:12.200     1     1 I KERNEL  : [    0.277620] info[23]: controller =       clv_gpio_0, pin_name =     gpio_i2s3_rx, pin = 75
01-06 06:29:12.200     1     1 I KERNEL  : [    0.277636] info[24]: controller =       clv_gpio_0, pin_name =  usb_otg_phy_rst, pin = 78
01-06 06:29:12.200     1     1 I KERNEL  : [    0.277652] info[25]: controller =       clv_gpio_0, pin_name =     max_fg_alert, pin = 94
01-06 06:29:12.200     1     1 I KERNEL  : [    0.277668] info[26]: controller =       clv_gpio_1, pin_name =          dsi_te1, pin = 102
01-06 06:29:12.200     1     1 I KERNEL  : [    0.277685] info[27]: controller =       clv_gpio_1, pin_name =         BT-reset, pin = 109
01-06 06:29:12.200     1     1 I KERNEL  : [    0.277701] info[28]: controller =       clv_gpio_1, pin_name =   ifx_mdm_pwr_on, pin = 113
01-06 06:29:12.200     1     1 I KERNEL  : [    0.277717] info[29]: controller =       clv_gpio_1, pin_name =        NFC-reset, pin = 115
01-06 06:29:12.200     1     1 I KERNEL  : [    0.277733] info[30]: controller =       clv_gpio_1, pin_name =        emmc0_rst, pin = 117
01-06 06:29:12.200     1     1 I KERNEL  : [    0.277749] info[31]: controller =       clv_gpio_1, pin_name =        emmc1_rst, pin = 118
01-06 06:29:12.200     1     1 I KERNEL  : [    0.277766] info[32]: controller =       clv_gpio_1, pin_name =         CHRG_OTG, pin = 132
01-06 06:29:12.200     1     1 I KERNEL  : [    0.277782] info[33]: controller =       clv_gpio_1, pin_name =      max3111_int, pin = 145
01-06 06:29:12.200     1     1 I KERNEL  : [    0.277798] info[34]: controller =       clv_gpio_1, pin_name =     flash_strobe, pin = 161
01-06 06:29:12.200     1     1 I KERNEL  : [    0.277814] info[35]: controller =       clv_gpio_1, pin_name =      flash_torch, pin = 159
01-06 06:29:12.200     1     1 I KERNEL  : [    0.277830] info[36]: controller =       clv_gpio_1, pin_name =      WLAN-enable, pin = 170
01-06 06:29:12.200     1     1 I KERNEL  : [    0.277846] info[37]: controller =       clv_gpio_1, pin_name =   usb_otg_phy_cs, pin = 171
01-06 06:29:12.200     1     1 I KERNEL  : [    0.277863] info[38]: controller =       clv_gpio_1, pin_name =        cam_1_rst, pin = 173
01-06 06:29:12.200     1     1 I KERNEL  : [    0.277879] info[39]: controller =       clv_gpio_1, pin_name =        cam_0_rst, pin = 177
01-06 06:29:12.200     1     1 I KERNEL  : [    0.277895] info[40]: controller =       clv_gpio_1, pin_name =  ifx_mdm_rst_pmu, pin = 178
01-06 06:29:12.200     1     1 I KERNEL  : [    0.277911] info[41]: controller =        msic_gpio, pin_name =   msic_gpio_base, pin = 192
01-06 06:29:12.200     1     1 I KERNEL  : [    0.277927] info[42]: controller =       clv_gpio_0, pin_name =       HDMI_LS_EN, pin = 91
01-06 06:29:12.200     1     1 I KERNEL  : [    0.277943] info[43]: controller =       clv_gpio_0, pin_name =       GPS-Enable, pin = 59
01-06 06:29:12.200     1     1 I KERNEL  : [    0.277959] info[44]: controller =       clv_gpio_0, pin_name =        GPS-Reset, pin = 92
01-06 06:29:12.200     1     1 I KERNEL  : [    0.277975] info[45]: controller =       clv_gpio_1, pin_name =  sph_phy_reset_n, pin = 169
01-06 06:29:12.200     1     1 I KERNEL  : [    0.277991] info[46]: controller =       clv_gpio_0, pin_name =       chgr_int_n, pin = 93
01-06 06:29:12.200     1     1 I KERNEL  : [    0.278007] info[47]: controller =       clv_gpio_0, pin_name =       cam_0_pwdn, pin = 87
01-06 06:29:12.200     1     1 I KERNEL  : [    0.278023] info[48]: controller =       clv_gpio_1, pin_name =    subcam_pwr_en, pin = 175
01-06 06:29:12.200     1     1 I KERNEL  : [    0.278040] info[49]: controller =       clv_gpio_1, pin_name =        bt_reg_on, pin = 110
01-06 06:29:12.200     1     1 I KERNEL  : [    0.278056] info[50]: controller =       clv_gpio_0, pin_name =  ifx_mdm_rst_out, pin = 84
01-06 06:29:12.200     1     1 I KERNEL  : [    0.278072] info[51]: controller =       clv_gpio_0, pin_name =       cam_1_pwdn, pin = 88
01-06 06:29:12.200     1     1 I KERNEL  : [    0.278088] info[52]: controller =       clv_gpio_0, pin_name =  ifx_mdm_rst_out, pin = 84
01-06 06:29:12.200     1     1 I KERNEL  : [    0.278111] HSI bus = 0, name =    hsi_ffl_modem, port = 0
01-06 06:29:12.200     1     1 I KERNEL  : [    0.278123] HSI FFL platform data setup
01-06 06:29:12.200     1     1 I KERNEL  : [    0.278135] SFI register platform data for HSI device hsi_ffl_modem with 2 number of clients
01-06 06:29:12.200     1     1 I KERNEL  : [    0.278157] I2C bus = 1, name =          cs42l73, irq = 0x 0, addr = 0x4a
01-06 06:29:12.200     1     1 I KERNEL  : [    0.278177] I2C bus = 2, name =         max17047, irq = 0x 0, addr = 0x36
01-06 06:29:12.200     1     1 I KERNEL  : [    0.278193] valid battery detected
01-06 06:29:12.200     1     1 I KERNEL  : [    0.278236] IPC bus, name =     msic_thermal, irq = 0xff
01-06 06:29:12.200     1     1 I KERNEL  : [    0.278387] IPC bus, name =         msic_adc, irq = 0x10
01-06 06:29:12.200     1     1 I KERNEL  : [    0.278515] IPC bus, name =     pmic_charger, irq = 0x11
01-06 06:29:12.200     1     1 I KERNEL  : [    0.278593] IPC bus, name =        msic_gpio, irq = 0x12
01-06 06:29:12.200     1     1 I KERNEL  : [    0.278738] IPC bus, name =         msic_vdd, irq = 0x24
01-06 06:29:12.200     1     1 I KERNEL  : [    0.278891] IPC bus, name =   msic_power_btn, irq = 0x43
01-06 06:29:12.200     1     1 I KERNEL  : [    0.279018] IPC bus, name =          a_gfreq, irq = 0x49
01-06 06:29:12.200     1     1 I KERNEL  : [    0.279114] IPC bus, name =  ctp_rhb_cs42l73, irq = 0xff
01-06 06:29:12.200     1     1 I KERNEL  : [    0.279417] IPC bus, name =           scuLog, irq = 0x 5
01-06 06:29:12.200     1     1 I KERNEL  : [    0.279527] SDIO bus = 1, name = bcm43xx_clk_vmmc, ref_clock = 26000000, addr =0x401
01-06 06:29:12.200     1     1 I KERNEL  : [    0.279551] Using bcm43xx platform data
01-06 06:29:12.200     1     1 I KERNEL  : [    0.279722] camera pdata: I2C bus = 4, name =           imx111, irq = 0x 0, addr = 0x1a
01-06 06:29:12.200     1     1 I KERNEL  : [    0.279760] camera pdata: I2C bus = 4, name =           ov9724, irq = 0x 0, addr = 0x10
01-06 06:29:12.200     1     1 I KERNEL  : [    0.279783] I2C bus = 5, name =          lsm303d, irq = 0x 0, addr = 0x1e
01-06 06:29:12.200     1     1 I KERNEL  : [    0.279803] I2C bus = 5, name =         apds990x, irq = 0x 0, addr = 0x39
01-06 06:29:12.200     1     1 I KERNEL  : [    0.279823] I2C bus = 0, name =        ft5x06_ts, irq = 0x 0, addr = 0x38
01-06 06:29:12.200     1     1 I KERNEL  : [    0.279844] I2C bus = 2, name =           smb347, irq = 0x 0, addr = 0x6a
01-06 06:29:12.210     1     1 I KERNEL  : [    0.281255] mid_pci_init is called
01-06 06:29:12.210     1     1 I KERNEL  : [    0.283101] PCI: Using configuration type 1 for base access
01-06 06:29:12.210     1     1 I KERNEL  : [    0.284955] get_pinctrl_platform_data, CTP platform detected
01-06 06:29:12.210     1     1 I KERNEL  : [    0.285260] intel-mid-pinctrl intel-mid-pinctrl: initialized Intel MID pinctrl driver
01-06 06:29:12.210     1     1 I KERNEL  : [    0.285306] intel_mid_pinctrl platform device created
01-06 06:29:12.220     1     1 I KERNEL  : [    0.295099] bio: create slab <bio-0> at 0
01-06 06:29:12.220     1     1 I KERNEL  : [    0.295588] vgaarb: loaded
01-06 06:29:12.220     1     1 I KERNEL  : [    0.295971] SCSI subsystem initialized
01-06 06:29:12.220     1     1 I KERNEL  : [    0.296183] libata version 3.00 loaded.
01-06 06:29:12.220     1     1 I KERNEL  : [    0.296427] usbcore: registered new interface driver usbfs
01-06 06:29:12.220     1     1 I KERNEL  : [    0.296534] usbcore: registered new interface driver hub
01-06 06:29:12.220     1     1 I KERNEL  : [    0.296698] usbcore: registered new device driver usb
01-06 06:29:12.220     1     1 I KERNEL  : [    0.296852] Linux media interface: v0.10
01-06 06:29:12.220     1     1 I KERNEL  : [    0.296924] Linux video capture interface: v2.00
01-06 06:29:12.220     1     1 I KERNEL  : [    0.297344] intel_rproc_scu intel_rproc_scu: intel_rproc_scu is available
01-06 06:29:12.220     1     1 I KERNEL  : [    0.297372] intel_rproc_scu intel_rproc_scu: Note: remoteproc is still under development and considered experimental.
01-06 06:29:12.220     1     1 I KERNEL  : [    0.297390] intel_rproc_scu intel_rproc_scu: THE BINARY FORMAT IS NOT YET FINALIZED, and backward compatibility isn't yet guaranteed.
01-06 06:29:12.220     8     8 I KERNEL  : [    0.297557] intel_rproc_scu intel_rproc_scu: registered virtio0 (type 7)
01-06 06:29:12.220     1     1 I KERNEL  : [    0.297685] intel_rproc_scu intel_rproc_scu: powering up intel_rproc_scu
01-06 06:29:12.220     1     1 I KERNEL  : [    0.297716] intel_rproc_scu intel_rproc_scu: Booting fw image intel_mid/intel_mid_remoteproc.fw, size 4456
01-06 06:29:12.220     1     1 I KERNEL  : [    0.297757] intel_rproc_scu intel_rproc_scu: remote processor intel_rproc_scu is now up
01-06 06:29:12.220     1     1 I KERNEL  : [    0.298056] NS announcement: 72 70 6d 73 67 5f 6d 69 64 5f 74 68 65 72 6d 61  rpmsg_mid_therma
01-06 06:29:12.220     1     1 I KERNEL  : [    0.298088] NS announcement: 6c 00 00 00 00 00 00 00 00 00 00 00 00 00 00 00  l...............
01-06 06:29:12.220     1     1 I KERNEL  : [    0.298104] NS announcement: 09 00 00 00 00 00 00 00                          ........
01-06 06:29:12.220     1     1 I KERNEL  : [    0.298122] virtio_rpmsg_bus virtio0: creating channel rpmsg_mid_thermal addr 0x9
01-06 06:29:12.220     1     1 I KERNEL  : [    0.298269] NS announcement: 72 70 6d 73 67 5f 6d 73 69 63 5f 61 64 63 00 00  rpmsg_msic_adc..
01-06 06:29:12.220     1     1 I KERNEL  : [    0.298296] NS announcement: 00 00 00 00 00 00 00 00 00 00 00 00 00 00 00 00  ................
01-06 06:29:12.220     1     1 I KERNEL  : [    0.298312] NS announcement: 16 00 00 00 00 00 00 00                          ........
01-06 06:29:12.220     1     1 I KERNEL  : [    0.298329] virtio_rpmsg_bus virtio0: creating channel rpmsg_msic_adc addr 0x16
01-06 06:29:12.220     1     1 I KERNEL  : [    0.298448] NS announcement: 72 70 6d 73 67 5f 6d 73 69 63 5f 67 70 69 6f 00  rpmsg_msic_gpio.
01-06 06:29:12.220     1     1 I KERNEL  : [    0.298474] NS announcement: 00 00 00 00 00 00 00 00 00 00 00 00 00 00 00 00  ................
01-06 06:29:12.220     1     1 I KERNEL  : [    0.298491] NS announcement: 05 00 00 00 00 00 00 00                          ........
01-06 06:29:12.220     1     1 I KERNEL  : [    0.298508] virtio_rpmsg_bus virtio0: creating channel rpmsg_msic_gpio addr 0x5
01-06 06:29:12.220     1     1 I KERNEL  : [    0.298622] NS announcement: 72 70 6d 73 67 5f 6d 69 64 5f 70 6f 77 65 72 62  rpmsg_mid_powerb
01-06 06:29:12.220     1     1 I KERNEL  : [    0.298648] NS announcement: 74 6e 00 00 00 00 00 00 00 00 00 00 00 00 00 00  tn..............
01-06 06:29:12.220     1     1 I KERNEL  : [    0.298664] NS announcement: 10 00 00 00 00 00 00 00                          ........
01-06 06:29:12.220     1     1 I KERNEL  : [    0.298681] virtio_rpmsg_bus virtio0: creating channel rpmsg_mid_powerbtn addr 0x10
01-06 06:29:12.220     1     1 I KERNEL  : [    0.298806] NS announcement: 72 70 6d 73 67 5f 6d 73 69 63 5f 63 6c 76 5f 61  rpmsg_msic_clv_a
01-06 06:29:12.220     1     1 I KERNEL  : [    0.298832] NS announcement: 75 64 69 6f 00 00 00 00 00 00 00 00 00 00 00 00  udio............
01-06 06:29:12.220     1     1 I KERNEL  : [    0.298848] NS announcement: 18 00 00 00 00 00 00 00                          ........
01-06 06:29:12.220     1     1 I KERNEL  : [    0.298865] virtio_rpmsg_bus virtio0: creating channel rpmsg_msic_clv_audio addr 0x18
01-06 06:29:12.220     1     1 I KERNEL  : [    0.298981] NS announcement: 72 70 6d 73 67 5f 69 70 63 5f 63 6f 6d 6d 61 6e  rpmsg_ipc_comman
01-06 06:29:12.220     1     1 I KERNEL  : [    0.299007] NS announcement: 64 00 00 00 00 00 00 00 00 00 00 00 00 00 00 00  d...............
01-06 06:29:12.220     1     1 I KERNEL  : [    0.299023] NS announcement: a0 00 00 00 00 00 00 00                          ........
01-06 06:29:12.220     1     1 I KERNEL  : [    0.299040] virtio_rpmsg_bus virtio0: creating channel rpmsg_ipc_command addr 0xa0
01-06 06:29:12.220     1     1 I KERNEL  : [    0.299156] NS announcement: 72 70 6d 73 67 5f 69 70 63 5f 73 69 6d 70 6c 65  rpmsg_ipc_simple
01-06 06:29:12.220     1     1 I KERNEL  : [    0.299183] NS announcement: 5f 63 6f 6d 6d 61 6e 64 00 00 00 00 00 00 00 00  _command........
01-06 06:29:12.220     1     1 I KERNEL  : [    0.299199] NS announcement: a1 00 00 00 00 00 00 00                          ........
01-06 06:29:12.220     1     1 I KERNEL  : [    0.299216] virtio_rpmsg_bus virtio0: creating channel rpmsg_ipc_simple_command addr 0xa1
01-06 06:29:12.220     1     1 I KERNEL  : [    0.299332] NS announcement: 72 70 6d 73 67 5f 69 70 63 5f 72 61 77 5f 63 6f  rpmsg_ipc_raw_co
01-06 06:29:12.220     1     1 I KERNEL  : [    0.299358] NS announcement: 6d 6d 61 6e 64 00 00 00 00 00 00 00 00 00 00 00  mmand...........
01-06 06:29:12.220     1     1 I KERNEL  : [    0.299374] NS announcement: a2 00 00 00 00 00 00 00                          ........
01-06 06:29:12.220     1     1 I KERNEL  : [    0.299391] virtio_rpmsg_bus virtio0: creating channel rpmsg_ipc_raw_command addr 0xa2
01-06 06:29:12.220     1     1 I KERNEL  : [    0.299517] NS announcement: 72 70 6d 73 67 5f 70 6d 69 63 00 00 00 00 00 00  rpmsg_pmic......
01-06 06:29:12.220     1     1 I KERNEL  : [    0.299544] NS announcement: 00 00 00 00 00 00 00 00 00 00 00 00 00 00 00 00  ................
01-06 06:29:12.220     1     1 I KERNEL  : [    0.299560] NS announcement: ff 00 00 00 00 00 00 00                          ........
01-06 06:29:12.220     1     1 I KERNEL  : [    0.299577] virtio_rpmsg_bus virtio0: creating channel rpmsg_pmic addr 0xff
01-06 06:29:12.220     1     1 I KERNEL  : [    0.299692] NS announcement: 72 70 6d 73 67 5f 6d 69 70 00 00 00 00 00 00 00  rpmsg_mip.......
01-06 06:29:12.220     1     1 I KERNEL  : [    0.299718] NS announcement: 00 00 00 00 00 00 00 00 00 00 00 00 00 00 00 00  ................
01-06 06:29:12.220     1     1 I KERNEL  : [    0.299734] NS announcement: ec 00 00 00 00 00 00 00                          ........
01-06 06:29:12.220     1     1 I KERNEL  : [    0.299751] virtio_rpmsg_bus virtio0: creating channel rpmsg_mip addr 0xec
01-06 06:29:12.220     1     1 I KERNEL  : [    0.299867] NS announcement: 72 70 6d 73 67 5f 66 77 5f 75 70 64 61 74 65 00  rpmsg_fw_update.
01-06 06:29:12.220     1     1 I KERNEL  : [    0.299893] NS announcement: 00 00 00 00 00 00 00 00 00 00 00 00 00 00 00 00  ................
01-06 06:29:12.220     1     1 I KERNEL  : [    0.299909] NS announcement: 13 00 00 00 00 00 00 00                          ........
01-06 06:29:12.220     1     1 I KERNEL  : [    0.299926] virtio_rpmsg_bus virtio0: creating channel rpmsg_fw_update addr 0x13
01-06 06:29:12.220     1     1 I KERNEL  : [    0.300053] NS announcement: 72 70 6d 73 67 5f 69 70 63 5f 75 74 69 6c 00 00  rpmsg_ipc_util..
01-06 06:29:12.220     1     1 I KERNEL  : [    0.300079] NS announcement: 00 00 00 00 00 00 00 00 00 00 00 00 00 00 00 00  ................
01-06 06:29:12.220     1     1 I KERNEL  : [    0.300095] NS announcement: 12 00 00 00 00 00 00 00                          ........
01-06 06:29:12.220     1     1 I KERNEL  : [    0.300112] virtio_rpmsg_bus virtio0: creating channel rpmsg_ipc_util addr 0x12
01-06 06:29:12.220     1     1 I KERNEL  : [    0.300230] NS announcement: 72 70 6d 73 67 5f 77 61 74 63 68 64 6f 67 00 00  rpmsg_watchdog..
01-06 06:29:12.220     1     1 I KERNEL  : [    0.300257] NS announcement: 00 00 00 00 00 00 00 00 00 00 00 00 00 00 00 00  ................
01-06 06:29:12.220     1     1 I KERNEL  : [    0.300273] NS announcement: f8 00 00 00 00 00 00 00                          ........
01-06 06:29:12.220     1     1 I KERNEL  : [    0.300289] virtio_rpmsg_bus virtio0: creating channel rpmsg_watchdog addr 0xf8
01-06 06:29:12.220     1     1 I KERNEL  : [    0.300408] NS announcement: 72 70 6d 73 67 5f 75 6d 69 70 00 00 00 00 00 00  rpmsg_umip......
01-06 06:29:12.220     1     1 I KERNEL  : [    0.300434] NS announcement: 00 00 00 00 00 00 00 00 00 00 00 00 00 00 00 00  ................
01-06 06:29:12.220     1     1 I KERNEL  : [    0.300449] NS announcement: 14 00 00 00 00 00 00 00                          ........
01-06 06:29:12.220     1     1 I KERNEL  : [    0.300466] virtio_rpmsg_bus virtio0: creating channel rpmsg_umip addr 0x14
01-06 06:29:12.220     1     1 I KERNEL  : [    0.300605] NS announcement: 72 70 6d 73 67 5f 6f 73 69 70 00 00 00 00 00 00  rpmsg_osip......
01-06 06:29:12.220     1     1 I KERNEL  : [    0.300631] NS announcement: 00 00 00 00 00 00 00 00 00 00 00 00 00 00 00 00  ................
01-06 06:29:12.220     1     1 I KERNEL  : [    0.300647] NS announcement: 15 00 00 00 00 00 00 00                          ........
01-06 06:29:12.220     1     1 I KERNEL  : [    0.300664] virtio_rpmsg_bus virtio0: creating channel rpmsg_osip addr 0x15
01-06 06:29:12.220     1     1 I KERNEL  : [    0.300784] NS announcement: 72 70 6d 73 67 5f 76 72 74 63 00 00 00 00 00 00  rpmsg_vrtc......
01-06 06:29:12.220     1     1 I KERNEL  : [    0.300810] NS announcement: 00 00 00 00 00 00 00 00 00 00 00 00 00 00 00 00  ................
01-06 06:29:12.220     1     1 I KERNEL  : [    0.300826] NS announcement: fa 00 00 00 00 00 00 00                          ........
01-06 06:29:12.220     1     1 I KERNEL  : [    0.300843] virtio_rpmsg_bus virtio0: creating channel rpmsg_vrtc addr 0xfa
01-06 06:29:12.220     1     1 I KERNEL  : [    0.300962] NS announcement: 72 70 6d 73 67 5f 66 77 5f 6c 6f 67 67 69 6e 67  rpmsg_fw_logging
01-06 06:29:12.220     1     1 I KERNEL  : [    0.300988] NS announcement: 00 00 00 00 00 00 00 00 00 00 00 00 00 00 00 00  ................
01-06 06:29:12.220     1     1 I KERNEL  : [    0.301004] NS announcement: 27 00 00 00 00 00 00 00                          '.......
01-06 06:29:12.220     1     1 I KERNEL  : [    0.301021] virtio_rpmsg_bus virtio0: creating channel rpmsg_fw_logging addr 0x27
01-06 06:29:12.220     1     1 I KERNEL  : [    0.301141] NS announcement: 72 70 6d 73 67 5f 6b 70 64 5f 6c 65 64 00 00 00  rpmsg_kpd_led...
01-06 06:29:12.220     1     1 I KERNEL  : [    0.301167] NS announcement: 00 00 00 00 00 00 00 00 00 00 00 00 00 00 00 00  ................
01-06 06:29:12.230     1     1 I KERNEL  : [    0.301242] NS announcement: 23 00 00 00 00 00 00 00                          #.......
01-06 06:29:12.230     1     1 I KERNEL  : [    0.301268] virtio_rpmsg_bus virtio0: creating channel rpmsg_kpd_led addr 0x23
01-06 06:29:12.230     1     1 I KERNEL  : [    0.301401] virtio_rpmsg_bus virtio0: rpmsg host is online
01-06 06:29:12.230     1     1 I KERNEL  : [    0.301506] intel_mid_rpmsg rpmsg5: Probed rpmsg_ipc device rpmsg_ipc_command
01-06 06:29:12.230     1     1 I KERNEL  : [    0.301532] intel_mid_rpmsg rpmsg5: Allocating rpmsg_instance
01-06 06:29:12.230     1     1 I KERNEL  : [    0.301584] intel_mid_rpmsg rpmsg6: Probed rpmsg_ipc device rpmsg_ipc_simple_command
01-06 06:29:12.230     1     1 I KERNEL  : [    0.301608] intel_mid_rpmsg rpmsg6: Allocating rpmsg_instance
01-06 06:29:12.230     1     1 I KERNEL  : [    0.301654] intel_mid_rpmsg rpmsg7: Probed rpmsg_ipc device rpmsg_ipc_raw_command
01-06 06:29:12.230     1     1 I KERNEL  : [    0.301678] intel_mid_rpmsg rpmsg7: Allocating rpmsg_instance
01-06 06:29:12.230     1     1 I KERNEL  : [    0.301810] Advanced Linux Sound Architecture Driver Version 1.0.25.
01-06 06:29:12.230     1     1 I KERNEL  : [    0.301833] Intel MID platform detected, using MID PCI ops
01-06 06:29:12.230     1     1 I KERNEL  : [    0.301868] PCI: MMCONFIG for domain 0000 [bus 00-00] at [mem 0x3ef00000-0x3effffff] (base 0x3ef00000)
01-06 06:29:12.230     1     1 I KERNEL  : [    0.301888] PCI: MMCONFIG at [mem 0x3ef00000-0x3effffff] reserved in E820
01-06 06:29:12.230     1     1 I KERNEL  : [    0.301901] PCI: Using MMCONFIG for extended config space
01-06 06:29:12.230     1     1 I KERNEL  : [    0.301913] PCI: Probing PCI hardware
01-06 06:29:12.230     1     1 I KERNEL  : [    0.301926] PCI: Probing PCI hardware (bus 00)
01-06 06:29:12.230     1     1 I KERNEL  : [    0.301938] PCI: root bus 00: using default resources
01-06 06:29:12.230     1     1 I KERNEL  : [    0.302108] PCI host bridge to bus 0000:00
01-06 06:29:12.230     1     1 I KERNEL  : [    0.302135] pci_bus 0000:00: root bus resource [io  0x0000-0xffff]
01-06 06:29:12.230     1     1 I KERNEL  : [    0.302153] pci_bus 0000:00: root bus resource [mem 0x00000000-0xffffffff]
01-06 06:29:12.230     1     1 I KERNEL  : [    0.302212] pci 0000:00:00.0: [8086:08c0] type 00 class 0x060000
01-06 06:29:12.230     1     1 I KERNEL  : [    0.302360] pci 0000:00:00.1: [8086:08e0] type 00 class 0x078000
01-06 06:29:12.230     1     1 I KERNEL  : [    0.302429] pci 0000:00:00.1: reg 10: [mem 0xff128000-0xff1283ff]
01-06 06:29:12.230     1     1 I KERNEL  : [    0.302601] pci 0000:00:00.1: PME# supported from D0 D3hot
01-06 06:29:12.230     1     1 I KERNEL  : [    0.302679] pci 0000:00:00.2: [8086:08e1] type 00 class 0x078000
01-06 06:29:12.230     1     1 I KERNEL  : [    0.302744] pci 0000:00:00.2: reg 10: [mem 0xff135000-0xff1353ff]
01-06 06:29:12.230     1     1 I KERNEL  : [    0.302900] pci 0000:00:00.2: PME# supported from D0 D3hot
01-06 06:29:12.230     1     1 I KERNEL  : [    0.302974] pci 0000:00:00.3: [8086:08e2] type 00 class 0x078000
01-06 06:29:12.230     1     1 I KERNEL  : [    0.303038] pci 0000:00:00.3: reg 10: [mem 0xff138000-0xff1383ff]
01-06 06:29:12.230     1     1 I KERNEL  : [    0.303192] pci 0000:00:00.3: PME# supported from D0 D3hot
01-06 06:29:12.230     1     1 I KERNEL  : [    0.303266] pci 0000:00:00.4: [8086:08e3] type 00 class 0x078000
01-06 06:29:12.230     1     1 I KERNEL  : [    0.303330] pci 0000:00:00.4: reg 10: [mem 0xff139000-0xff1393ff]
01-06 06:29:12.230     1     1 I KERNEL  : [    0.303484] pci 0000:00:00.4: PME# supported from D0 D3hot
01-06 06:29:12.230     1     1 I KERNEL  : [    0.303557] pci 0000:00:00.5: [8086:08e4] type 00 class 0x078000
01-06 06:29:12.230     1     1 I KERNEL  : [    0.303620] pci 0000:00:00.5: reg 10: [mem 0xff13a000-0xff13a3ff]
01-06 06:29:12.230     1     1 I KERNEL  : [    0.303775] pci 0000:00:00.5: PME# supported from D0 D3hot
01-06 06:29:12.230     1     1 I KERNEL  : [    0.303852] pci 0000:00:01.0: [8086:08e5] type 00 class 0x080501
01-06 06:29:12.230     1     1 I KERNEL  : [    0.303921] pci 0000:00:01.0: reg 10: [mem 0xffa50000-0xffa500ff]
01-06 06:29:12.230     1     1 I KERNEL  : [    0.304075] pci 0000:00:01.0: PME# supported from D0 D3hot
01-06 06:29:12.230     1     1 I KERNEL  : [    0.304153] pci 0000:00:01.3: [8086:08e7] type 00 class 0x040100
01-06 06:29:12.230     1     1 I KERNEL  : [    0.304217] pci 0000:00:01.3: reg 10: [mem 0xffa22000-0xffa223ff]
01-06 06:29:12.230     1     1 I KERNEL  : [    0.304267] pci 0000:00:01.3: reg 14: [mem 0xffae8000-0xffae8fff]
01-06 06:29:12.230     1     1 I KERNEL  : [    0.304315] pci 0000:00:01.3: reg 18: [mem 0xffff1000-0xffff2fff]
01-06 06:29:12.230     1     1 I KERNEL  : [    0.304362] pci 0000:00:01.3: reg 1c: [mem 0xffb00000-0xffb7ffff]
01-06 06:29:12.230     1     1 I KERNEL  : [    0.304410] pci 0000:00:01.3: reg 20: [mem 0xffb80000-0xffbfffff]
01-06 06:29:12.230     1     1 I KERNEL  : [    0.304517] pci 0000:00:01.3: PME# supported from D0 D3hot
01-06 06:29:12.230     1     1 I KERNEL  : [    0.304591] pci 0000:00:01.4: [8086:08e8] type 00 class 0x088000
01-06 06:29:12.230     1     1 I KERNEL  : [    0.304655] pci 0000:00:01.4: reg 10: [mem 0xffa21000-0xffa213ff]
01-06 06:29:12.230     1     1 I KERNEL  : [    0.304809] pci 0000:00:01.4: PME# supported from D0 D3hot
01-06 06:29:12.230     1     1 I KERNEL  : [    0.304883] pci 0000:00:01.5: [8086:08e9] type 00 class 0x108000
01-06 06:29:12.230     1     1 I KERNEL  : [    0.304947] pci 0000:00:01.5: reg 10: [mem 0xff0d0000-0xff0dffff]
01-06 06:29:12.230     1     1 I KERNEL  : [    0.305100] pci 0000:00:01.5: supports D2
01-06 06:29:12.230     1     1 I KERNEL  : [    0.305122] pci 0000:00:01.5: PME# supported from D0 D3hot
01-06 06:29:12.230     1     1 I KERNEL  : [    0.305200] pci 0000:00:01.7: [8086:08ea] type 00 class 0x0b4000
01-06 06:29:12.230     1     1 I KERNEL  : [    0.305267] pci 0000:00:01.7: reg 10: [mem 0xff11c000-0xff11c3ff]
01-06 06:29:12.230     1     1 I KERNEL  : [    0.305421] pci 0000:00:01.7: PME# supported from D0 D3hot
01-06 06:29:12.230     1     1 I KERNEL  : [    0.305500] pci 0000:00:02.0: [8086:08c8] type 00 class 0x030000
01-06 06:29:12.230     1     1 I KERNEL  : [    0.305566] pci 0000:00:02.0: reg 10: [mem 0xdff00000-0xdfffffff]
01-06 06:29:12.230     1     1 I KERNEL  : [    0.305616] pci 0000:00:02.0: reg 14: [io  0x7ff8-0x7fff]
01-06 06:29:12.230     1     1 I KERNEL  : [    0.305664] pci 0000:00:02.0: reg 18: [mem 0x00000000-0x0fffffff]
01-06 06:29:12.230     1     1 I KERNEL  : [    0.305712] pci 0000:00:02.0: reg 1c: [mem 0xdfec0000-0xdfefffff]
01-06 06:29:12.230     1     1 I KERNEL  : [    0.305880] pci 0000:00:02.1: [8086:08eb] type 00 class 0x088000
01-06 06:29:12.230     1     1 I KERNEL  : [    0.305946] pci 0000:00:02.1: reg 10: [mem 0xff119000-0xff1197ff]
01-06 06:29:12.230     1     1 I KERNEL  : [    0.305996] pci 0000:00:02.1: reg 14: [mem 0x000f4fc0-0x000f4fcf]
01-06 06:29:12.230     1     1 I KERNEL  : [    0.306138] pci 0000:00:02.1: PME# supported from D0 D3hot
01-06 06:29:12.230     1     1 I KERNEL  : [    0.306212] pci 0000:00:02.2: [8086:08ec] type 00 class 0x0b4000
01-06 06:29:12.230     1     1 I KERNEL  : [    0.306276] pci 0000:00:02.2: reg 10: [mem 0xff11d000-0xff11dfff]
01-06 06:29:12.230     1     1 I KERNEL  : [    0.306425] pci 0000:00:02.2: PME# supported from D0 D3hot
01-06 06:29:12.230     1     1 I KERNEL  : [    0.306499] pci 0000:00:02.3: [8086:e006] type 00 class 0x0c0320
01-06 06:29:12.230     1     1 I KERNEL  : [    0.306568] pci 0000:00:02.3: reg 10: [mem 0xffa60000-0xffa7ffff]
01-06 06:29:12.230     1     1 I KERNEL  : [    0.306618] pci 0000:00:02.3: reg 14: [mem 0xfffe0000-0xfffe3fff]
01-06 06:29:12.230     1     1 I KERNEL  : [    0.306758] pci 0000:00:02.3: supports D1
01-06 06:29:12.230     1     1 I KERNEL  : [    0.306780] pci 0000:00:02.3: PME# supported from D0 D3hot
01-06 06:29:12.230     1     1 I KERNEL  : [    0.306847] pci 0000:00:02.4: [8086:08ee] type 00 class 0x078000
01-06 06:29:12.230     1     1 I KERNEL  : [    0.306911] pci 0000:00:02.4: reg 10: [mem 0xff136000-0xff1363ff]
01-06 06:29:12.230     1     1 I KERNEL  : [    0.307066] pci 0000:00:02.4: PME# supported from D0 D3hot
01-06 06:29:12.230     1     1 I KERNEL  : [    0.307140] pci 0000:00:02.5: [8086:08ef] type 00 class 0x088000
01-06 06:29:12.230     1     1 I KERNEL  : [    0.307204] pci 0000:00:02.5: reg 10: [mem 0xff13e000-0xff13e7ff]
01-06 06:29:12.230     1     1 I KERNEL  : [    0.307358] pci 0000:00:02.5: PME# supported from D0 D3hot
01-06 06:29:12.230     1     1 I KERNEL  : [    0.307432] pci 0000:00:02.6: [8086:08f0] type 00 class 0x088000
01-06 06:29:12.230     1     1 I KERNEL  : [    0.307495] pci 0000:00:02.6: reg 10: [mem 0xffaf0000-0xffaf7fff]
01-06 06:29:12.230     1     1 I KERNEL  : [    0.307650] pci 0000:00:02.6: PME# supported from D0 D3hot
01-06 06:29:12.230     1     1 I KERNEL  : [    0.307724] pci 0000:00:02.7: [8086:08f1] type 00 class 0x088000
01-06 06:29:12.230     1     1 I KERNEL  : [    0.307788] pci 0000:00:02.7: reg 10: [mem 0xffa20000-0xffa203ff]
01-06 06:29:12.230     1     1 I KERNEL  : [    0.307942] pci 0000:00:02.7: PME# supported from D0 D3hot
01-06 06:29:12.230     1     1 I KERNEL  : [    0.308017] pci 0000:00:03.0: [8086:08d0] type 00 class 0x048000
01-06 06:29:12.230     1     1 I KERNEL  : [    0.308080] pci 0000:00:03.0: reg 10: [mem 0xdf800000-0xdfbfffff]
01-06 06:29:12.230     1     1 I KERNEL  : [    0.308272] pci 0000:00:03.1: [8086:08f3] type 00 class 0x078000
01-06 06:29:12.230     1     1 I KERNEL  : [    0.308338] pci 0000:00:03.1: reg 10: [mem 0xff128c00-0xff128fff]
01-06 06:29:12.230     1     1 I KERNEL  : [    0.308493] pci 0000:00:03.1: unsupported PM cap regs version (4)
01-06 06:29:12.230     1     1 I KERNEL  : [    0.308563] pci 0000:00:03.2: [8086:08f4] type 00 class 0x078000
01-06 06:29:12.230     1     1 I KERNEL  : [    0.308627] pci 0000:00:03.2: reg 10: [mem 0xff13b000-0xff13b3ff]
01-06 06:29:12.230     1     1 I KERNEL  : [    0.308780] pci 0000:00:03.2: PME# supported from D0 D3hot
01-06 06:29:12.230     1     1 I KERNEL  : [    0.308855] pci 0000:00:03.3: [8086:08f5] type 00 class 0x078000
01-06 06:29:12.230     1     1 I KERNEL  : [    0.308919] pci 0000:00:03.3: reg 10: [mem 0xff13c000-0xff13c3ff]
01-06 06:29:12.230     1     1 I KERNEL  : [    0.309073] pci 0000:00:03.3: PME# supported from D0 D3hot
01-06 06:29:12.230     1     1 I KERNEL  : [    0.309147] pci 0000:00:03.4: [8086:08f6] type 00 class 0x078000
01-06 06:29:12.230     1     1 I KERNEL  : [    0.309211] pci 0000:00:03.4: reg 10: [mem 0xff13d000-0xff13d3ff]
01-06 06:29:12.230     1     1 I KERNEL  : [    0.309365] pci 0000:00:03.4: PME# supported from D0 D3hot
01-06 06:29:12.230     1     1 I KERNEL  : [    0.309440] pci 0000:00:03.5: [8086:08f7] type 00 class 0x088000
01-06 06:29:12.230     1     1 I KERNEL  : [    0.309503] pci 0000:00:03.5: reg 10: [mem 0xff13f000-0xff13f7ff]
01-06 06:29:12.230     1     1 I KERNEL  : [    0.309553] pci 0000:00:03.5: reg 14: [mem 0x000f4fd0-0x000f4fdf]
01-06 06:29:12.230     1     1 I KERNEL  : [    0.309694] pci 0000:00:03.5: PME# supported from D0 D3hot
01-06 06:29:12.230     1     1 I KERNEL  : [    0.309771] pci 0000:00:03.7: [8086:08f8] type 00 class 0xff0000
01-06 06:29:12.230     1     1 I KERNEL  : [    0.309948] pci 0000:00:03.7: PME# supported from D0 D3hot
01-06 06:29:12.230     1     1 I KERNEL  : [    0.310032] pci 0000:00:04.0: [8086:08f9] type 00 class 0x080501
01-06 06:29:12.230     1     1 I KERNEL  : [    0.310098] pci 0000:00:04.0: reg 10: [mem 0xffa58000-0xffa580ff]
01-06 06:29:12.230     1     1 I KERNEL  : [    0.310254] pci 0000:00:04.0: PME# supported from D0 D3hot
01-06 06:29:12.230     1     1 I KERNEL  : [    0.310328] pci 0000:00:04.1: [8086:08fa] type 00 class 0x080501
01-06 06:29:12.230     1     1 I KERNEL  : [    0.310393] pci 0000:00:04.1: reg 10: [mem 0xffa48000-0xffa480ff]
01-06 06:29:12.230     1     1 I KERNEL  : [    0.310548] pci 0000:00:04.1: PME# supported from D0 D3hot
01-06 06:29:12.230     1     1 I KERNEL  : [    0.310639] pci 0000:00:05.0: [8086:08fc] type 00 class 0x070002
01-06 06:29:12.230     1     1 I KERNEL  : [    0.310704] pci 0000:00:05.0: reg 10: [mem 0xffa28080-0xffa280ff]
01-06 06:29:12.230     1     1 I KERNEL  : [    0.310857] pci 0000:00:05.0: supports D1
01-06 06:29:12.230     1     1 I KERNEL  : [    0.310880] pci 0000:00:05.0: PME# supported from D0 D3hot
01-06 06:29:12.230     1     1 I KERNEL  : [    0.310947] pci 0000:00:05.1: [8086:08fd] type 00 class 0x070002
01-06 06:29:12.230     1     1 I KERNEL  : [    0.311011] pci 0000:00:05.1: reg 10: [mem 0xffa28100-0xffa2817f]
01-06 06:29:12.240     1     1 I KERNEL  : [    0.311191] pci 0000:00:05.1: supports D1
01-06 06:29:12.240     1     1 I KERNEL  : [    0.311216] pci 0000:00:05.1: PME# supported from D0 D3hot
01-06 06:29:12.240     1     1 I KERNEL  : [    0.311284] pci 0000:00:05.2: [8086:08fe] type 00 class 0x070002
01-06 06:29:12.240     1     1 I KERNEL  : [    0.311349] pci 0000:00:05.2: reg 10: [mem 0xffa28180-0xffa281ff]
01-06 06:29:12.240     1     1 I KERNEL  : [    0.311503] pci 0000:00:05.2: supports D1
01-06 06:29:12.240     1     1 I KERNEL  : [    0.311525] pci 0000:00:05.2: PME# supported from D0 D3hot
01-06 06:29:12.240     1     1 I KERNEL  : [    0.311593] pci 0000:00:05.3: [8086:08ff] type 00 class 0x070002
01-06 06:29:12.240     1     1 I KERNEL  : [    0.311656] pci 0000:00:05.3: reg 10: [mem 0xffa28400-0xffa287ff]
01-06 06:29:12.240     1     1 I KERNEL  : [    0.311810] pci 0000:00:05.3: PME# supported from D0 D3hot
01-06 06:29:12.240     1     1 I KERNEL  : [    0.311897] pci 0000:00:06.0: [8086:0900] type 00 class 0x118000
01-06 06:29:12.240     1     1 I KERNEL  : [    0.311960] pci 0000:00:06.0: reg 10: [mem 0xffa2e000-0xffa2e3ff]
01-06 06:29:12.240     1     1 I KERNEL  : [    0.312009] pci 0000:00:06.0: reg 14: [mem 0xfa000000-0xfdffffff]
01-06 06:29:12.240     1     1 I KERNEL  : [    0.312149] pci 0000:00:06.0: PME# supported from D0 D3hot
01-06 06:29:12.240     1     1 I KERNEL  : [    0.312223] pci 0000:00:06.1: [8086:0901] type 00 class 0x038000
01-06 06:29:12.240     1     1 I KERNEL  : [    0.312401] pci 0000:00:06.1: PME# supported from D0 D3hot
01-06 06:29:12.240     1     1 I KERNEL  : [    0.312479] pci 0000:00:06.3: [8086:0902] type 00 class 0x078000
01-06 06:29:12.240     1     1 I KERNEL  : [    0.312555] pci 0000:00:06.3: reg 10: [mem 0xffa29000-0xffa297ff]
01-06 06:29:12.240     1     1 I KERNEL  : [    0.312711] pci 0000:00:06.3: PME# supported from D0 D3hot
01-06 06:29:12.240     1     1 I KERNEL  : [    0.312785] pci 0000:00:06.4: [8086:0903] type 00 class 0x078000
01-06 06:29:12.240     1     1 I KERNEL  : [    0.312849] pci 0000:00:06.4: reg 10: [mem 0xffa2a000-0xffa2a7ff]
01-06 06:29:12.240     1     1 I KERNEL  : [    0.313003] pci 0000:00:06.4: PME# supported from D0 D3hot
01-06 06:29:12.240     1     1 I KERNEL  : [    0.313079] pci 0000:00:06.5: [8086:08f2] type 00 class 0x0c0320
01-06 06:29:12.240     1     1 I KERNEL  : [    0.313144] pci 0000:00:06.5: reg 10: [mem 0xffa80000-0xffafffff]
01-06 06:29:12.240     1     1 I KERNEL  : [    0.313297] pci 0000:00:06.5: supports D1
01-06 06:29:12.240     1     1 I KERNEL  : [    0.313319] pci 0000:00:06.5: PME# supported from D0 D3hot
01-06 06:29:12.240     1     1 I KERNEL  : [    0.313386] pci 0000:00:06.6: [8086:0905] type 00 class 0x088000
01-06 06:29:12.240     1     1 I KERNEL  : [    0.313449] pci 0000:00:06.6: reg 10: [mem 0xffae9000-0xffae907f]
01-06 06:29:12.240     1     1 I KERNEL  : [    0.313603] pci 0000:00:06.6: PME# supported from D0 D3hot
01-06 06:29:12.240     1     1 I KERNEL  : [    0.315387] vgaarb: device added: PCI:0000:00:02.0,decodes=io+mem,owns=io+mem,locks=none
01-06 06:29:12.240     1     1 I KERNEL  : [    0.319011] PCI: pci_cache_line_size set to 64 bytes
01-06 06:29:12.240     1     1 I KERNEL  : [    0.319454] reserve RAM buffer: 0000000000098000 - 000000000009ffff 
01-06 06:29:12.240     1     1 I KERNEL  : 
01-06 06:29:12.240     1     1 I KERNEL  : [    0.319493] reserve RAM buffer: 0000000036ff0000 - 0000000037ffffff 
01-06 06:29:12.240     1     1 I KERNEL  : 
01-06 06:29:12.240     1     1 I KERNEL  : [    0.319531] reserve RAM buffer: 000000003eeff400 - 000000003fffffff 
01-06 06:29:12.250     1     1 I KERNEL  : 
01-06 06:29:12.250     1     1 I KERNEL  : [    0.321590] get_pwm_platform_data, CLV board detected
01-06 06:29:12.250     1     1 I KERNEL  : [    0.321791] intel_scu_flis platform device created
01-06 06:29:12.250     1     1 I KERNEL  : [    0.321851] PMU DRIVER BEFORE PROBE
01-06 06:29:12.250     1     1 I KERNEL  : [    0.321981] intel_pmu_driver 0000:00:02.2: PMU DRIVER Probe called
01-06 06:29:12.250     1     1 I KERNEL  : [    0.323235] intel_pmu_driver 0000:00:02.2: after pmu initialization
01-06 06:29:12.290     1     1 I KERNEL  : [    0.367151] gpiochip_add: registered GPIOs 0 to 95 on device: 0000:00:02.1
01-06 06:29:12.290     1     1 I KERNEL  : [    0.368581] gpiochip_add: registered GPIOs 96 to 191 on device: 0000:00:03.5
01-06 06:29:12.300     1     1 I KERNEL  : [    0.371265] Intel MID DMA 0000:00:02.5: setting latency timer to 64
01-06 06:29:12.320     1     1 I KERNEL  : [    0.392552] Intel MID DMA 0000:00:02.6: setting latency timer to 64
01-06 06:29:12.330     1     1 I KERNEL  : [    0.408839] intel_msic_gpio rpmsg2: Probed msic_gpio rpmsg device
01-06 06:29:12.330     1     1 I KERNEL  : [    0.409030] gpiochip_add: registered GPIOs 192 to 200 on device: msic_gpio
01-06 06:29:12.330     1     1 I KERNEL  : [    0.409283] pci 0000:00:02.0: BAR 2: assigned [mem 0x40000000-0x4fffffff]
01-06 06:29:12.330     1     1 I KERNEL  : [    0.409343] pci_bus 0000:00: resource 4 [io  0x0000-0xffff]
01-06 06:29:12.330     1     1 I KERNEL  : [    0.409368] pci_bus 0000:00: resource 5 [mem 0x00000000-0xffffffff]
01-06 06:29:12.330     1     1 I KERNEL  : [    0.409582] NET: Registered protocol family 2
01-06 06:29:12.330     1     1 I KERNEL  : [    0.409859] IP route cache hash table entries: 32768 (order: 5, 131072 bytes)
01-06 06:29:12.330     1     1 I KERNEL  : [    0.410484] TCP established hash table entries: 131072 (order: 8, 1048576 bytes)
01-06 06:29:12.340     1     1 I KERNEL  : [    0.412513] TCP bind hash table entries: 65536 (order: 7, 524288 bytes)
01-06 06:29:12.340     1     1 I KERNEL  : [    0.413439] TCP: Hash tables configured (established 131072 bind 65536)
01-06 06:29:12.340     1     1 I KERNEL  : [    0.413457] TCP: reno registered
01-06 06:29:12.340     1     1 I KERNEL  : [    0.413522] UDP hash table entries: 512 (order: 2, 16384 bytes)
01-06 06:29:12.340     1     1 I KERNEL  : [    0.413580] UDP-Lite hash table entries: 512 (order: 2, 16384 bytes)
01-06 06:29:12.340     1     1 I KERNEL  : [    0.413949] NET: Registered protocol family 1
01-06 06:29:12.340     1     1 I KERNEL  : [    0.414143] pci 0000:00:02.0: Boot video device
01-06 06:29:12.380     1     1 I KERNEL  : [    0.451105] PCI: CLS 0 bytes, default 64
01-06 06:29:12.380     1     1 I KERNEL  : [    0.451308] vbcm43xx: 1800 mV 
01-06 06:29:12.380     1     1 I KERNEL  : [    0.451486] intel_scu_pmic rpmsg8: Probed pmic rpmsg device
01-06 06:29:12.380     1     1 I KERNEL  : [    0.451511] intel_scu_pmic rpmsg8: Allocating rpmsg_instance
01-06 06:29:12.380     1     1 I KERNEL  : [    0.451633] intel_scu_mip rpmsg9: Probed mip rpmsg device
01-06 06:29:12.380     1     1 I KERNEL  : [    0.451657] intel_scu_mip rpmsg9: Allocating rpmsg_instance
01-06 06:29:12.380     1     1 I KERNEL  : [    0.452019] Trying to unpack rootfs image as initramfs...
01-06 06:29:12.760     1     1 I KERNEL  : [    0.833796] Freeing initrd memory: 4204k freed
01-06 06:29:12.760     1     1 I KERNEL  : [    0.838640] intel_mid_gpadc rpmsg1: Probed msic_gpadc rpmsg device
01-06 06:29:12.760     1     1 I KERNEL  : [    0.839082] NS announcement: 72 70 6d 73 67 5f 6d 69 64 5f 70 77 6d 00 00 00  rpmsg_mid_pwm...
01-06 06:29:12.760     1     1 I KERNEL  : [    0.839117] NS announcement: 00 00 00 00 00 00 00 00 00 00 00 00 00 00 00 00  ................
01-06 06:29:12.760     1     1 I KERNEL  : [    0.839134] NS announcement: 22 00 00 00 00 00 00 00                          ".......
01-06 06:29:12.760     1     1 I KERNEL  : [    0.839153] virtio_rpmsg_bus virtio0: creating channel rpmsg_mid_pwm addr 0x22
01-06 06:29:12.760     1     1 I KERNEL  : [    0.839313] NS announcement: 72 70 6d 73 67 5f 66 6c 69 73 00 00 00 00 00 00  rpmsg_flis......
01-06 06:29:12.760     1     1 I KERNEL  : [    0.839340] NS announcement: 00 00 00 00 00 00 00 00 00 00 00 00 00 00 00 00  ................
01-06 06:29:12.760     1     1 I KERNEL  : [    0.839356] NS announcement: f5 00 00 00 00 00 00 00                          ........
01-06 06:29:12.760     1     1 I KERNEL  : [    0.839373] virtio_rpmsg_bus virtio0: creating channel rpmsg_flis addr 0xf5
01-06 06:29:12.760     1     1 I KERNEL  : [    0.840108] intel_scu_watchdog rpmsg12: Probed watchdog rpmsg device
01-06 06:29:12.760     1     1 I KERNEL  : [    0.840138] intel_scu_watchdog rpmsg12: Allocating rpmsg_instance
01-06 06:29:12.760     1     1 I KERNEL  : [    0.840485] intel_scu_ipcutil rpmsg11: Probed ipcutil rpmsg device
01-06 06:29:12.760     1     1 I KERNEL  : [    0.840512] intel_scu_ipcutil rpmsg11: Allocating rpmsg_instance
01-06 06:29:12.760     1     1 I KERNEL  : [    0.840639] (oshob) additional offset = 0x0
01-06 06:29:12.760     1     1 I KERNEL  : [    0.840716] Using EXTENDED OSHOB structure size = 176 bytes
01-06 06:29:12.770     1     1 I KERNEL  : [    0.840811] OSNIB size = 32 bytes OEMNIB size = 64 bytes
01-06 06:29:12.770     1     1 I KERNEL  : [    0.840834] (extend oshob) SCU buffer size is 4 bytes
01-06 06:29:12.770     1     1 I KERNEL  : [    0.840909] [BOOT] RESETIRQ1=0x00 RESETIRQ2=0x00 (interrupt tree)
01-06 06:29:12.770     1     1 I KERNEL  : [    0.840996] [BOOT] SCU_TR=0x00020013 (oshob)
01-06 06:29:12.770     1     1 I KERNEL  : [    0.841017] [BOOT] IA_TR=0xffffffff (oshob)
01-06 06:29:12.770     1     1 I KERNEL  : [    0.841383] [BOOT] RR=0x0c WD=0x00 ALARM=0x00 (osnib)
01-06 06:29:12.770     1     1 I KERNEL  : [    0.841405] [BOOT] WAKESRC=0x01 RESETIRQ1=0x01 RESETIRQ2=0x00 (osnib)
01-06 06:29:12.770     1     1 I KERNEL  : [    0.841476] OEMNIB interface registered to debugfs
01-06 06:29:12.770     1     1 I KERNEL  : [    0.841672] intel_scu_flis rpmsg19: Probed flis rpmsg device
01-06 06:29:12.770     1     1 I KERNEL  : [    0.841697] intel_scu_flis rpmsg19: Allocating rpmsg_instance
01-06 06:29:12.770     1     1 I KERNEL  : [    0.841791] intel_scu_flis intel_scu_flis: scu flis probed
01-06 06:29:12.770    34    34 I KERNEL  : [    0.845117] cryptomgr_test used greatest stack depth: 7680 bytes left
01-06 06:29:12.770     1     1 I KERNEL  : [    0.845538] vprog1: 1200 <--> 2800 mV at 1200 mV fast normal standby
01-06 06:29:12.770     1     1 I KERNEL  : [    0.845954] vprog2: 1200 <--> 2800 mV at 2800 mV fast normal standby
01-06 06:29:12.770     1     1 I KERNEL  : [    0.846277] vemmc1: 2850 mV fast normal standby
01-06 06:29:12.770     1     1 I KERNEL  : [    0.846576] vemmc2: 2850 mV fast normal standby
01-06 06:29:12.770     1     1 I KERNEL  : [    0.847239] persistent_ram: found existing buffer, size 1864100, start 1511358
01-06 06:29:12.780    35    35 I KERNEL  : [    0.852242] cryptomgr_test used greatest stack depth: 7616 bytes left
01-06 06:29:13.770     8     8 I KERNEL  : [    1.839948] Switching to clocksource tsc
01-06 06:29:17.820     1     1 I KERNEL  : [    5.889863] console [ram-1] enabled
01-06 06:29:17.820     1     1 I KERNEL  : [    5.890386] Initialise module verification
01-06 06:29:17.830     1     1 I KERNEL  : [    5.897109] highmem bounce pool size: 64 pages
01-06 06:29:17.830     1     1 I KERNEL  : [    5.897283] HugeTLB registered 2 MB page size, pre-allocated 0 pages
01-06 06:29:17.840     1     1 I KERNEL  : [    5.910420] fuse init (API version 7.18)
01-06 06:29:17.840     1     1 I KERNEL  : [    5.911950] Btrfs loaded
01-06 06:29:17.840     1     1 I KERNEL  : [    5.912143] msgmni has been set to 1618
01-06 06:29:17.840    42    42 I KERNEL  : [    5.913023] cryptomgr_test used greatest stack depth: 7504 bytes left
01-06 06:29:17.840    43    43 I KERNEL  : [    5.913288] cryptomgr_test used greatest stack depth: 7468 bytes left
01-06 06:29:17.840     1     1 I KERNEL  : [    5.915051] Asymmetric key parser 'x509' registered
01-06 06:29:17.840     1     1 I KERNEL  : [    5.915465] Block layer SCSI generic (bsg) driver version 0.4 loaded (major 252)
01-06 06:29:17.840     1     1 I KERNEL  : [    5.915855] io scheduler noop registered
01-06 06:29:17.840     1     1 I KERNEL  : [    5.916030] io scheduler cfq registered (default)
01-06 06:29:17.850     1     1 I KERNEL  : [    5.917196] intel_idle: MWAIT substates: 0x3020220
01-06 06:29:17.850     1     1 I KERNEL  : [    5.917454] intel_idle: v0.4 model 0x35
01-06 06:29:17.850     1     1 I KERNEL  : [    5.917594] intel_idle: lapic_timer_reliable_states 0xffffffff
01-06 06:29:17.850     1     1 I KERNEL  : [    5.917847] intel_idle: cpuidle: target_residency[1]= 4
01-06 06:29:17.850     1     1 I KERNEL  : [    5.917990] intel_idle: cpuidle: target_residency[2]= 80
01-06 06:29:17.850     1     1 I KERNEL  : [    5.918241] intel_idle: cpuidle: target_residency[4]= 400
01-06 06:29:17.850     1     1 I KERNEL  : [    5.918383] intel_idle: cpuidle: target_residency[6]= 560
01-06 06:29:17.850     1     1 I KERNEL  : [    5.918629] intel_idle: cpuidle: target_residency[7]= 2541
01-06 06:29:17.850     1     1 I KERNEL  : [    5.918769] intel_idle: cpuidle: target_residency[8]= 4255
01-06 06:29:17.850     1     1 I KERNEL  : [    5.919020] intel_idle: cpuidle: target_residency[9]= 39853
01-06 06:29:17.850     1     1 I KERNEL  : [    5.919425] hsu core clock 50 M
01-06 06:29:17.850     1     1 I KERNEL  : [    5.919831] HSU serial 0000:00:05.0: PCI ID: 8086:08fc FUNC: 0 driver: 0 addr:ffa28080 len:0
01-06 06:29:17.850     1     1 I KERNEL  : [    5.921660] HSU serial 0000:00:05.1: PCI ID: 8086:08fd FUNC: 1 driver: 0 addr:ffa28100 len:0
01-06 06:29:17.850     1     1 I KERNEL  : [    5.922171] HSU serial 0000:00:05.2: PCI ID: 8086:08fe FUNC: 2 driver: 0 addr:ffa28180 len:0
01-06 06:29:17.850     1     1 I KERNEL  : [    5.922816] HSU serial 0000:00:05.3: PCI ID: 8086:08ff FUNC: 3 driver: 1 addr:ffa28400 len:0
01-06 06:29:17.850     1     1 I KERNEL  : [    5.923149] 0000:00:05.0: ttyMFD0 at MMIO 0xffa28080 (irq = 60) is a hsu_port0
01-06 06:29:17.850     1     1 I KERNEL  : [    5.923632] 0000:00:05.1: ttyMFD1 at MMIO 0xffa28100 (irq = 61) is a hsu_port1
01-06 06:29:17.850     1     1 I KERNEL  : [    5.924102] 0000:00:05.2: ttyMFD2 at MMIO 0xffa28180 (irq = 62) is a hsu_port2
01-06 06:29:17.870     1     1 I KERNEL  : [    5.938528] console [ttyMFD2] enabled
01-06 06:29:17.870     1     1 I KERNEL  : [    5.938803] 0000:00:05.1: ttyMFD3 at MMIO 0xffa28100 (irq = 61) is a hsu_port3
01-06 06:29:17.870     1     1 I KERNEL  : [    5.939455] Non-volatile memory driver v1.3
01-06 06:29:17.870     1     1 I KERNEL  : [    5.940732] [drm] Initialized drm 1.1.0 20060810
01-06 06:29:17.880     1     1 I KERNEL  : [    5.949412] brd: module loaded
01-06 06:29:17.880     1     1 I KERNEL  : [    5.953145] loop: module loaded
01-06 06:29:17.890     1     1 I KERNEL  : [    5.957492] Android kernel panic handler initialized on partition mmcblk0p2!
01-06 06:29:17.890     1     1 I KERNEL  : [    5.957779] intel_fabric_logging rpmsg16: Probed fw_logging rpmsg device
01-06 06:29:17.890     1     1 I KERNEL  : [    5.957992] intel_fabric_logging rpmsg16: Allocating rpmsg_instance
01-06 06:29:17.890     1     1 I KERNEL  : [    5.958254] No stored SCU errors found in SRAM
01-06 06:29:17.890     1     1 I KERNEL  : 
01-06 06:29:17.890     1     1 I KERNEL  : [    5.959953] DW: found PCI SPI controller(ID: 8086:08e1)
01-06 06:29:17.890     1     1 I KERNEL  : [    5.961149] dw_spi_pci 0000:00:00.2: master is unqueued, this is deprecated
01-06 06:29:17.890     1     1 I KERNEL  : [    5.961497] DW: found PCI SPI controller(ID: 8086:08ee)
01-06 06:29:17.890     1     1 I KERNEL  : [    5.962572] dw_spi_pci 0000:00:02.4: master is unqueued, this is deprecated
01-06 06:29:17.890     1     1 I KERNEL  : [    5.962979] hsi-ctrl: Controller driver regiseterd
01-06 06:29:17.890     1     1 I KERNEL  : [    5.963858] hsi-ctrl: IP V1 (0x14), HW PCI id (0x902)
01-06 06:29:17.900     1     1 I KERNEL  : [    5.967154] hsi-ffl hsi-ffl: ffl_driver_probe entered
01-06 06:29:17.900    57    57 I KERNEL  : [    5.967550] hsi-ffl: done creating pool of frames.
01-06 06:29:17.900    57    57 I KERNEL  : [    5.967561] hsi-ffl: done creating pool of frames.
01-06 06:29:17.900    57    57 I KERNEL  : 
01-06 06:29:17.900    57    57 I KERNEL  : [    5.967585] hsi-ffl hsi-ffl: ffl_driver_probe completed
01-06 06:29:17.900    57    57 I KERNEL  : [    5.967632] hsi-ffl: driver initialised
01-06 06:29:17.900    57    57 I KERNEL  : [    5.967750] tun: Universal TUN/TAP device driver, 1.6
01-06 06:29:17.900    57    57 I KERNEL  : [    5.967761] tun: (C) 1999-2004 Max Krasnyansky <maxk@qualcomm.com>
01-06 06:29:17.900    57    57 I KERNEL  : [    5.968260] e100: Intel(R) PRO/100 Network Driver, 3.5.24-k2-NAPI
01-06 06:29:17.900    57    57 I KERNEL  : [    5.968272] e100: Copyright(c) 1999-2006 Intel Corporation
01-06 06:29:17.900    57    57 I KERNEL  : [    5.968426] e1000: Intel(R) PRO/1000 Network Driver - version 7.3.21-k8-NAPI
01-06 06:29:17.900    57    57 I KERNEL  : [    5.968438] e1000: Copyright (c) 1999-2006 Intel Corporation.
01-06 06:29:17.900    57    57 I KERNEL  : [    5.968599] e1000e: Intel(R) PRO/1000 Network Driver - 1.9.5-k
01-06 06:29:17.900    57    57 I KERNEL  : [    5.968610] e1000e: Copyright(c) 1999 - 2012 Intel Corporation.
01-06 06:29:17.900    57    57 I KERNEL  : [    5.969111] PPP generic driver version 2.4.2
01-06 06:29:17.900    57    57 I KERNEL  : [    5.969285] PPP BSD Compression module registered
01-06 06:29:17.900    57    57 I KERNEL  : [    5.969296] PPP Deflate Compression module registered
01-06 06:29:17.900    61    61 I KERNEL  : [    5.971196] modprobe used greatest stack depth: 6936 bytes left
01-06 06:29:17.900     1     1 I KERNEL  : [    5.973504] PPP MPPE Compression module registered
01-06 06:29:17.900     1     1 I KERNEL  : [    5.973649] NET: Registered protocol family 24
01-06 06:29:17.900     1     1 I KERNEL  : [    5.973866] usbcore: registered new interface driver asix
01-06 06:29:17.900     1     1 I KERNEL  : [    5.974035] usbcore: registered new interface driver cdc_ether
01-06 06:29:17.900     1     1 I KERNEL  : [    5.974188] usbcore: registered new interface driver net1080
01-06 06:29:17.900     1     1 I KERNEL  : [    5.974428] usbcore: registered new interface driver cdc_subset
01-06 06:29:17.900     1     1 I KERNEL  : [    5.974666] usbcore: registered new interface driver zaurus
01-06 06:29:17.900     1     1 I KERNEL  : [    5.974839] usbcore: registered new interface driver cdc_ncm
01-06 06:29:17.900     1     1 I KERNEL  : [    5.975163] penwell_otg 0000:00:02.3: Intel OTG2.0 controller is detected.
01-06 06:29:17.900     1     1 I KERNEL  : [    5.975278] penwell_otg 0000:00:02.3: Driver version: 0.8
01-06 06:29:17.910     1     1 I KERNEL  : [    5.976835] penwell_otg 0000:00:02.3: charging_compliance = 0
01-06 06:29:18.020     5     5 I KERNEL  : [    6.086960] penwell_otg 0000:00:02.3: DCD started
01-06 06:29:18.020     5     5 I KERNEL  : [    6.087175] usbcore: registered new interface driver pnwotg_test
01-06 06:29:18.020     5     5 I KERNEL  : [    6.087187] ehci_hcd: USB 2.0 'Enhanced' Host Controller (EHCI) Driver
01-06 06:29:18.020     1     1 I KERNEL  : [    6.088247] ehci_hcd 0000:00:06.5: setting latency timer to 64
01-06 06:29:18.020     1     1 I KERNEL  : [    6.088401] ehci_hcd 0000:00:06.5: EHCI Host Controller
01-06 06:29:18.020     1     1 I KERNEL  : [    6.088639] ehci_hcd 0000:00:06.5: new USB bus registered, assigned bus number 1
01-06 06:29:18.020     1     1 I KERNEL  : [    6.089334] ehci_hcd 0000:00:06.5: USB SPH is disabled
01-06 06:29:18.020     1     1 I KERNEL  : [    6.089540] ehci_hcd 0000:00:06.5: can't setup
01-06 06:29:18.020     1     1 I KERNEL  : [    6.094023] ehci_hcd 0000:00:06.5: USB bus 1 deregistered
01-06 06:29:18.020     1     1 I KERNEL  : [    6.094537] ehci_hcd 0000:00:06.5: init 0000:00:06.5 fail, -19
01-06 06:29:18.030     1     1 I KERNEL  : [    6.100578] usbcore: registered new interface driver cdc_acm
01-06 06:29:18.030     1     1 I KERNEL  : [    6.100775] cdc_acm: USB Abstract Control Model driver for USB modems and ISDN adapters
01-06 06:29:18.030     1     1 I KERNEL  : [    6.100885] Initializing USB Mass Storage driver...
01-06 06:29:18.030     1     1 I KERNEL  : [    6.101135] usbcore: registered new interface driver usb-storage
01-06 06:29:18.030     1     1 I KERNEL  : [    6.101247] USB Mass Storage support registered.
01-06 06:29:18.030     1     1 I KERNEL  : [    6.101482] penwell_otg 0000:00:02.3: Intel USB2.0 Device Controller driver
01-06 06:29:18.030     1     1 I KERNEL  : [    6.101597] penwell_otg 0000:00:02.3: irq 32, pci mem f56c0000
01-06 06:29:18.030     1     1 I KERNEL  : [    6.101790] penwell_otg 0000:00:02.3: Driver version: June 3, 2010
01-06 06:29:18.030     1     1 I KERNEL  : [    6.101900] penwell_otg 0000:00:02.3: Support (max) 16 endpoints
01-06 06:29:18.030     1     1 I KERNEL  : [    6.102095] penwell_otg 0000:00:02.3: Device interface version: 0x0001
01-06 06:29:18.030     1     1 I KERNEL  : [    6.102205] penwell_otg 0000:00:02.3: Controller mode: Device
01-06 06:29:18.030     1     1 I KERNEL  : [    6.102399] penwell_otg 0000:00:02.3: Support USB LPM: Yes
01-06 06:29:18.030     1     1 I KERNEL  : [    6.102767] mousedev: PS/2 mouse device common for all mice
01-06 06:29:18.030     1     1 I KERNEL  : [    6.103620] rtc_mrst rpmsg15: Probed vrtc_mrst rpmsg device
01-06 06:29:18.030     1     1 I KERNEL  : [    6.103748] rtc_mrst rpmsg15: Allocating rpmsg_instance
01-06 06:29:18.030     1     1 I KERNEL  : [    6.104262] using rtc device, rtc_mrst, for alarms
01-06 06:29:18.030     1     1 I KERNEL  : 
01-06 06:29:18.030     1     1 I KERNEL  : [    6.104423] rtc_mrst rtc_mrst: rtc core: registered rtc_mrst as rtc0
01-06 06:29:18.030     1     1 I KERNEL  : [    6.104916] rtc_mrst rtc_mrst: vRTC driver initialised
01-06 06:29:18.030     1     1 I KERNEL  : [    6.105103] i2c /dev entries driver
01-06 06:29:18.030     1     1 I KERNEL  : [    6.105713] i2c-gpio i2c-gpio.10: using pins 132 (SDA) and 131 (SCL)
01-06 06:29:18.030     1     1 I KERNEL  : [    6.105940] Inside smb347_init
01-06 06:29:18.040     1     1 I KERNEL  : [    6.108122] coretemp coretemp.0: Unable to read TjMax from CPU 0
01-06 06:29:18.040     1     1 I KERNEL  : [    6.108537] coretemp coretemp.0: Unable to read TjMax from CPU 2
01-06 06:29:18.040     1     1 I KERNEL  : [    6.108926] intel_mid_pwm rpmsg18: Probed mid_pwm rpmsg device
01-06 06:29:18.040     1     1 I KERNEL  : [    6.109244] lsm303d driver: init
01-06 06:29:18.040     1     1 I KERNEL  : [    6.109648] device-mapper: uevent: version 1.0.3
01-06 06:29:18.040     1     1 I KERNEL  : [    6.110258] device-mapper: ioctl: 4.22.0-ioctl (2011-10-19) initialised: dm-devel@redhat.com
01-06 06:29:18.040    57    57 I KERNEL  : [    6.110986] max170xx_battery 2-0036: chip type max17047/50 detected
01-06 06:29:18.040     1     1 I KERNEL  : [    6.111363] cpuidle: using governor ladder
01-06 06:29:18.040    57    57 I KERNEL  : [    6.112177] max170xx_battery 2-0036: current sensing enabled
01-06 06:29:18.040     1     1 I KERNEL  : [    6.112633] cpuidle: using governor menu
01-06 06:29:18.040     1     1 I KERNEL  : [    6.112811] sdhci: Secure Digital Host Controller Interface driver
01-06 06:29:18.040     1     1 I KERNEL  : [    6.113013] sdhci: Copyright(c) Pierre Ossman
01-06 06:29:18.040     1     1 I KERNEL  : [    6.113234] leds_intel_kpd rpmsg17: Probed kpd_led rpmsg device
01-06 06:29:18.040     1     1 I KERNEL  : [    6.113581] Registered led device: intel_keypad_led
01-06 06:29:18.040     1     1 I KERNEL  : [    6.114613] usbcore: registered new interface driver usbhid
01-06 06:29:18.040     1     1 I KERNEL  : [    6.114825] usbhid: USB HID core driver
01-06 06:29:18.040     1     1 I KERNEL  : [    6.115583] ashmem: initialized
01-06 06:29:18.040     1     1 I KERNEL  : [    6.115861] logger: created 256K log 'log_main'
01-06 06:29:18.040     1     1 I KERNEL  : [    6.116083] logger_pti: log_main, mc : 74 0
01-06 06:29:18.040     1     1 I KERNEL  : [    6.116285] logger: created 256K log 'log_events'
01-06 06:29:18.040     1     1 I KERNEL  : [    6.116422] logger_pti: log_events, mc : 74 1
01-06 06:29:18.050     1     1 I KERNEL  : [    6.116765] logger: created 256K log 'log_radio'
01-06 06:29:18.050     1     1 I KERNEL  : [    6.116932] logger_pti: log_radio, mc : 74 2
01-06 06:29:18.050     1     1 I KERNEL  : [    6.117256] logger: created 256K log 'log_kernel'
01-06 06:29:18.050     1     1 I KERNEL  : [    6.117382] logger_pti: log_kernel, mc : 74 3
01-06 06:29:18.050     1     1 I KERNEL  : [    6.117586] logger: created 256K log 'log_system'
01-06 06:29:18.050     1     1 I KERNEL  : [    6.117808] logger_pti: log_system, mc : 74 4
01-06 06:29:18.080     5     5 I KERNEL  : [    6.154535] penwell_otg 0000:00:02.3: Data contact detected!
01-06 06:29:18.080     5     5 I KERNEL  : [    6.154791] penwell_otg 0000:00:02.3: DCD complete
01-06 06:29:18.090    57    57 I KERNEL  : [    6.157523] smb347 2-006a: To set USB enabled.
01-06 06:29:18.090    57    57 I KERNEL  : [    6.160541] smb347 2-006a: Set charge mode as USB100.
01-06 06:29:18.090    57    57 I KERNEL  : [    6.161629] smb347 2-006a: registered to OTG notifications
01-06 06:29:18.090     8     8 I KERNEL  : [    6.165818] smb347 2-006a: Charging Status: STAT_C:0x5
01-06 06:29:18.090     8     8 I KERNEL  : [    6.166023] smb347 2-006a: fg chip found:max17047_battery
01-06 06:29:18.100    57    57 I KERNEL  : [    6.174025] smb347 2-006a: Schedule the charge event worker.
01-06 06:29:18.100    74    74 I KERNEL  : [    6.174482] smb347 2-006a: smb347_event_worker
01-06 06:29:18.100    33    33 I KERNEL  : [    6.175086] sdhci-pci 0000:00:01.0: SDHCI controller found [8086:08e5] (rev d)
01-06 06:29:18.110    33    33 I KERNEL  : [    6.176692] sdhci-pci 0000:00:01.0: setting latency timer to 64
01-06 06:29:18.110    74    74 I KERNEL  : [    6.177936] smb347 2-006a: USB suspend/disconnect evt. To disable charging
01-06 06:29:18.110    74    74 I KERNEL  : [    6.178952] smb347 2-006a: Set charge mode as USB100.
01-06 06:29:18.110    74    74 I KERNEL  : [    6.180869] smb347 2-006a: To set USB suspend.
01-06 06:29:18.140     8     8 I KERNEL  : [    6.209267] max170xx_battery 2-0036: soc perc: soc: 81, offset: 1
01-06 06:29:18.140     8     8 I KERNEL  : [    6.212045] smb347 2-006a: Charging Status: STAT_C:0x0
01-06 06:29:18.180     4     4 I KERNEL  : [    6.247774] smb347 2-006a: 
01-06 06:29:18.180     4     4 I KERNEL  : [    6.247780] smb347_status_monitor: temp=28 vbatt=4023 ocv=4011 chrg_now=1734500 chrg_full=2127500
01-06 06:29:18.180     4     4 I KERNEL  : [    6.247788] batt_level=82, current_now=29(mA)
01-06 06:29:18.180     4     4 I KERNEL  : [    6.247793] BPTHERM= 29[0,45]
01-06 06:29:18.190    73    73 I KERNEL  : [    6.263149] mmc0: new high speed DDR MMC card at address 0001
01-06 06:29:18.190    73    73 I KERNEL  : [    6.263944] mmcblk0: mmc0:0001 SEM04G 3.67 GiB 
01-06 06:29:18.190    73    73 I KERNEL  : [    6.264391] mmcblk0boot0: mmc0:0001 SEM04G partition 1 2.00 MiB
01-06 06:29:18.190    73    73 I KERNEL  : [    6.264925] mmcblk0boot1: mmc0:0001 SEM04G partition 2 2.00 MiB
01-06 06:29:18.190    73    73 I KERNEL  : [    6.265367] mmcblk0rpmb: mmc0:0001 SEM04G partition 3 4.00 KiB
01-06 06:29:18.190    73    73 I KERNEL  : [    6.265908] mmcblk0gp0: mmc0:0001 SEM04G partition 4 8.00 MiB
01-06 06:29:18.200     5     5 I KERNEL  : [    6.266495] penwell_otg 0000:00:02.3: SDP detected
01-06 06:29:18.200     5     5 I KERNEL  : [    6.266772] penwell_otg 0000:00:02.3: SDP detected
01-06 06:29:18.200     5     5 I KERNEL  : [    6.267071] penwell_otg 0000:00:02.3: Found private SRAM at fffe0000 size:4000
01-06 06:29:18.200     5     5 I KERNEL  : [    6.267179] smb347 2-006a: [chrg] evt:0 type:4 cur:100
01-06 06:29:18.200    73    73 I KERNEL  : [    6.267485]  mmcblk0:
01-06 06:29:18.200    73    73 I KERNEL  : [    6.270307]  mmcblk0gp0: unknown partition table
01-06 06:29:18.200    73    73 I KERNEL  : [    6.272306] Dev mmcblk0rpmb: unable to read RDB block 0
01-06 06:29:18.200    73    73 I KERNEL  : [    6.272724]  mmcblk0rpmb: unable to read partition table
01-06 06:29:18.200    73    73 I KERNEL  : [    6.274909]  mmcblk0boot1: unknown partition table
01-06 06:29:18.210    73    73 I KERNEL  : [    6.277034]  mmcblk0boot0: unknown partition table
01-06 06:29:18.210    33    33 I KERNEL  : [    6.277544] mmc0: SDHCI controller on PCI [0000:00:01.0] using ADMA
01-06 06:29:18.210    33    33 I KERNEL  : [    6.277722] match_panic_par:emmc found
01-06 06:29:18.210    33    33 I KERNEL  : [    6.277950] unable to get partition
01-06 06:29:18.210    33    33 I KERNEL  : [    6.282166] sdhci-pci 0000:00:04.0: SDHCI controller found [8086:08f9] (rev d)
01-06 06:29:18.210    33    33 I KERNEL  : [    6.283224] sdhci-pci 0000:00:04.0: setting latency timer to 64
01-06 06:29:18.210    33    33 I KERNEL  : [    6.284628] mmc1: SDHCI controller on PCI [0000:00:04.0] using ADMA
01-06 06:29:18.210    33    33 I KERNEL  : [    6.285845] sdhci-pci 0000:00:04.1: SDHCI controller found [8086:08fa] (rev d)
01-06 06:29:18.220    33    33 I KERNEL  : [    6.286666] sdhci-pci 0000:00:04.1: setting latency timer to 64
01-06 06:29:18.220    33    33 I KERNEL  : [    6.288212] mmc2: SDHCI controller on PCI [0000:00:04.1] using ADMA
01-06 06:29:18.220     8     8 I KERNEL  : [    6.289400] max170xx_battery 2-0036: soc perc: soc: 81, offset: 1
01-06 06:29:18.220     8     8 I KERNEL  : [    6.291748] smb347 2-006a: Charging Status: STAT_C:0x0
01-06 06:29:18.220    59    59 I KERNEL  : [    6.292487] sep_sec_driver 0000:00:01.5: Chaabi status from SCU 11112222
01-06 06:29:18.230     1     1 I KERNEL  : [    6.301308] [drm] psb - 5.6.0.1202
01-06 06:29:18.230     1     1 I KERNEL  : [    6.301746] [TTM] Zone  kernel: Available graphics memory: 414336 kiB
01-06 06:29:18.230     1     1 I KERNEL  : [    6.301957] [TTM] Zone highmem: Available graphics memory: 494694 kiB
01-06 06:29:18.230     1     1 I KERNEL  : [    6.302066] [TTM] Initializing pool allocator
01-06 06:29:18.230     1     1 I KERNEL  : [    6.303119] [otm_hdmi]: Enter android_hdmi_driver_setup
01-06 06:29:18.230     1     1 I KERNEL  : 
01-06 06:29:18.230     1     1 I KERNEL  : [    6.303771] [otm_hdmi]: android_hdmi_driver_setup: Done with driver setup
01-06 06:29:18.230     1     1 I KERNEL  : [    6.304108] [otm_hdmi]: Exit android_hdmi_driver_setup
01-06 06:29:18.230     1     1 I KERNEL  : [    6.304438] [drm] intel_mid_get_vbt_data: panel name: GWM BB Prx, mipi_mode = 1
01-06 06:29:18.230     1     1 I KERNEL  : [    6.304707] [drm] IMR4 start=0x36ff0000, size=9490432B (2317 pages)
01-06 06:29:18.230     1     1 I KERNEL  : [    6.305114] GMMADR(region 0) start: 0x40000000 (256M).
01-06 06:29:18.230     1     1 I KERNEL  : [    6.305274] GTTADR(region 3) start: 0xdfec0000 (can map 256M RAM), and actual RAM base 0x3ffc0000.
01-06 06:29:18.230     1     1 I KERNEL  : [    6.305503] Stole memory information 
01-06 06:29:18.230     1     1 I KERNEL  : [    6.305619]       base in RAM: 0x3f000000 
01-06 06:29:18.230     1     1 I KERNEL  : [    6.305729]       size: 16124K, calculated by (GTT RAM base) - (Stolen base), seems wrong
01-06 06:29:18.230     1     1 I KERNEL  : [    6.305924]       the correct size should be: 16M(dvmt mode=4) 
01-06 06:29:18.230     1     1 I KERNEL  : [    6.306119] RAR Stole memory: RAM base = 0x36ff0000, size = 9 M 
01-06 06:29:18.250     1     1 I KERNEL  : [    6.320321] Set up 4031 stolen pages starting at 0x0003f000, GTT offset 0K
01-06 06:29:18.250     1     1 I KERNEL  : [    6.323896] Set up 0 CI stolen pages starting at 0x00000000, GTT offset 131072K
01-06 06:29:18.260     1     1 I KERNEL  : [    6.332439] [drm] PSB GTT mem manager ready, tt_start 4031, tt_size 28737 pages
01-06 06:29:18.260     1     1 I KERNEL  : [    6.332853] [drm] SGX core id = 0x00000000
01-06 06:29:18.260     1     1 I KERNEL  : [    6.333063] [drm] SGX core rev major = 0x00, minor = 0x00
01-06 06:29:18.260     1     1 I KERNEL  : [    6.333174] [drm] SGX core rev maintenance = 0x00, designer = 0x00
01-06 06:29:18.260     1     1 I KERNEL  : [    6.333376] init tiling heap, size is 0x00010000 pages
01-06 06:29:18.260     1     1 I KERNEL  : [    6.333512] MSVDX: core id	3038fff
01-06 06:29:18.260     1     1 I KERNEL  : [    6.333627] MSVDX: core rev	40103
01-06 06:29:18.270     8     8 I KERNEL  : [    6.338851] max170xx_battery 2-0036: soc perc: soc: 81, offset: 1
01-06 06:29:18.270     8     8 I KERNEL  : [    6.341389] smb347 2-006a: Charging Status: STAT_C:0x0
01-06 06:29:18.270     1     1 I KERNEL  : [    6.341879] pvrsrvkm 0000:00:02.0: irq 93 for MSI/MSI-X
01-06 06:29:18.270     1     1 I KERNEL  : [    6.342078] [drm] Supports vblank timestamp caching Rev 1 (10.10.2010).
01-06 06:29:18.270     1     1 I KERNEL  : [    6.342312] [drm] No driver support for vblank timestamp query.
01-06 06:29:18.270     1     1 I KERNEL  : [    6.342519] [otm_hdmi]: psb_drv: set irq affnity to CPU0
01-06 06:29:18.270     1     1 I KERNEL  : [    6.343682] [drm] mdfld_dsi_error_detector_init: started
01-06 06:29:18.270     1     1 I KERNEL  : [    6.343975] [drm] mdfld_dsi_dsr_init: Video mode panel, disabling DSR
01-06 06:29:18.270     1     1 I KERNEL  : [    6.344220] [otm_hdmi]: Enter android_hdmi_driver_init
01-06 06:29:18.270     1     1 I KERNEL  : 
01-06 06:29:18.270     1     1 I KERNEL  : [    6.344705] [otm_hdmi]: android_hdmi_driver_init: Done with driver init
01-06 06:29:18.270     1     1 I KERNEL  : [    6.345015] [otm_hdmi]: Exit android_hdmi_driver_init
01-06 06:29:18.270     1     1 I KERNEL  : [    6.345133] [drm] Initialized pvrsrvkm 8.1.0 2009-03-10 for 0000:00:02.0 on minor 0
01-06 06:29:18.280    57    57 I KERNEL  : [    6.349736] lsm303d 5-001e: probe start.
01-06 06:29:18.280    57    57 I KERNEL  : [    6.350115] lsm303d: hw init start
01-06 06:29:18.280    57    57 I KERNEL  : [    6.350558] lsm303d: hw init done
01-06 06:29:18.280    57    57 I KERNEL  : [    6.354174] input: lsm303d_acc as /devices/pci0000:00/0000:00:03.4/i2c-5/5-001e/input/input0
01-06 06:29:18.280    57    57 I KERNEL  : [    6.354565] input: lsm303d_mag as /devices/pci0000:00/0000:00:03.4/i2c-5/5-001e/input/input1
01-06 06:29:18.280    57    57 I KERNEL  : [    6.355203] lsm303d 5-001e: lsm303d: probed
01-06 06:29:18.290     1     1 I KERNEL  : [    6.356931] [drm] gwm_lcd_init:GWM QHD module
01-06 06:29:18.290     1     1 I KERNEL  : [    6.357152] [drm] gwm_lcd_probe:GWM QHD LCD DETECT
01-06 06:29:18.290     1     1 I KERNEL  : [    6.357460] allocated 540x960 fb
01-06 06:29:18.290     1     1 I KERNEL  : [    6.357833] fbcon: psbfb (fb0) is primary device
01-06 06:29:18.290     1     1 I KERNEL  : [    6.358070] mdfld_crtc_dsi_mode_set: dspsurf = 0x0, dsplinoff = 0x0
01-06 06:29:18.290     1     1 I KERNEL  : [    6.358089] [drm] skip panle power setting for first boot! panel is already powered on
01-06 06:29:18.290     1     1 I KERNEL  : [    6.358782] Console: switching to colour frame buffer device 67x60
01-06 06:29:18.290     1     1 I KERNEL  : [    6.359555] [drm] new update of use cases
01-06 06:29:18.290     1     1 I KERNEL  : [    6.360120] fb0: psbfb frame buffer device
01-06 06:29:18.290     1     1 I KERNEL  : [    6.360323] drm: registered panic notifier
01-06 06:29:18.290     1     1 I KERNEL  : [    6.360562] [drm] dsi status [28:LP Generic Write FIFO Full]
01-06 06:29:18.290     1     1 I KERNEL  : [    6.360765] [drm] ospm_post_init dc_islands: 180 to be powered OFF
01-06 06:29:18.290     1     1 I KERNEL  : [    6.361072] kdispmgr: display manager start.
01-06 06:29:18.290     1     1 I KERNEL  : [    6.361234] kdispmgr: netlink socket created successfully.
01-06 06:29:18.300     1     1 I KERNEL  : [    6.367134] [drm] gwm_lcd_init:GWM HD module
01-06 06:29:18.300     1     1 I KERNEL  : [    6.367367] intel_scu_fw_update rpmsg10: Probed fw_update rpmsg device
01-06 06:29:18.300     1     1 I KERNEL  : [    6.367569] intel_scu_fw_update rpmsg10: Allocating rpmsg_instance
01-06 06:29:18.300     1     1 I KERNEL  : [    6.367811] intel_mid_osip rpmsg14: Probed OSIP rpmsg device
01-06 06:29:18.300     1     1 I KERNEL  : [    6.368108] intel_mid_umip rpmsg13: Probed UMIP rpmsg device
01-06 06:29:18.300    57    57 I KERNEL  : [    6.368472] mdm_ctrl: Getting device infos
01-06 06:29:18.300    57    57 I KERNEL  : 
01-06 06:29:18.300    57    57 I KERNEL  : [    6.368696] mdm ctrl: platform data setup
01-06 06:29:18.300    57    57 I KERNEL  : [    6.368903] mdm ctrl: Getting CTP datas
01-06 06:29:18.300    57    57 I KERNEL  : [    6.369010] mdm ctrl: platform data setup done
01-06 06:29:18.300    57    57 I KERNEL  : [    6.369205] mdm ctrl: GPIO list : rst_out:84, pwr_on:113, rst_bbn:178, cdump:37
01-06 06:29:18.300    57    57 I KERNEL  : [    6.369317] mdm_ctrl: Taking 6360 modem sequences
01-06 06:29:18.300     1     1 I KERNEL  : 
01-06 06:29:18.300     1     1 I KERNEL  : [    6.370925] Intel ALSA SSP Driver
01-06 06:29:18.300     1     1 I KERNEL  : [    6.370931]  Version 1.0.2
01-06 06:29:18.300     1     1 I KERNEL  : [    6.371044] I2S SSP Driver 0000:00:01.4: Detected PCI SSP (ID: 8086:08e8)
01-06 06:29:18.300     1     1 I KERNEL  : [    6.371145] mdm_ctrl: GPIO (rst_bbn: 178, pwr_on: 113, rst_out: 84, fcdp_rb: 37)
01-06 06:29:18.300     1     1 I KERNEL  : [    6.371156] mdm_ctrl: IRQ  (rst_out: 340, fcdp_rb: 293)
01-06 06:29:18.300     1     1 I KERNEL  : [    6.371164] mdm_ctrl: Power OFF requested
01-06 06:29:18.300     1     1 I KERNEL  : 
01-06 06:29:18.300     1     1 I KERNEL  : [    6.371843] I2S SSP Driver 0000:00:01.4: Probe/find capability (VNDR 9 pos=0x88)
01-06 06:29:18.300     1     1 I KERNEL  : [    6.371900] I2S SSP Driver 0000:00:01.4: Vendor capability adid = 0x4246
01-06 06:29:18.300     1     1 I KERNEL  : [    6.371918] I2S SSP Driver 0000:00:01.4: Detected PCI SSP (ID: 8086:08e8) ssp_fs_gpio_mapping =9 ssp_fs_mode =1
01-06 06:29:18.300     1     1 I KERNEL  : [    6.371938] I2S SSP Driver 0000:00:01.4: Detected PCI SSP (ID: 8086:08e8) usage =1
01-06 06:29:18.300     1     1 I KERNEL  : [    6.372288] ALLOCATE FOR ASOC
01-06 06:29:18.300    59    59 I KERNEL  : [    6.372954] I2S SSP Driver 0000:00:02.7: Detected PCI SSP (ID: 8086:08f1)
01-06 06:29:18.300    59    59 I KERNEL  : [    6.373774] I2S SSP Driver 0000:00:02.7: Probe/find capability (VNDR 9 pos=0x88)
01-06 06:29:18.300    59    59 I KERNEL  : [    6.373986] I2S SSP Driver 0000:00:02.7: Vendor capability adid = 0x414a
01-06 06:29:18.300    59    59 I KERNEL  : [    6.374039] Intel ALSA IFX Driver
01-06 06:29:18.300    59    59 I KERNEL  : [    6.374044]  Version 1.0.2
01-06 06:29:18.300    59    59 I KERNEL  : [    6.374392] I2S SSP Driver 0000:00:02.7: Detected PCI SSP (ID: 8086:08f1) ssp_fs_gpio_mapping =5 ssp_fs_mode =1
01-06 06:29:18.300    59    59 I KERNEL  : [    6.374593] I2S SSP Driver 0000:00:02.7: Detected PCI SSP (ID: 8086:08f1) usage =2
01-06 06:29:18.300    59    59 I KERNEL  : [    6.374971] ALLOCATE FOR ASOC
01-06 06:29:18.300    59    59 I KERNEL  : [    6.375237] I2S: platform mid-ssp-dai allocated
01-06 06:29:18.310     1     1 I KERNEL  : [    6.377336] cs42l73 1-004a: Cirrus Logic CS42L73, Revision: B0
01-06 06:29:18.310     1     1 I KERNEL  : [    6.377721] mid_ssp: ssp_soc_dai_init: SSP DAI: FCT ssp_soc_dai_init called
01-06 06:29:18.310     1     1 I KERNEL  : [    6.377787] snd_intel_sst: INFO: ******** SST DRIVER loading.. Ver: 3.0.8
01-06 06:29:18.310     1     1 I KERNEL  : [    6.378136] mid_ssp: ssp_dai_probe: SSP DAI: FCT ssp_dai_probe enters
01-06 06:29:18.310     1     1 I KERNEL  : [    6.378291] mid_ssp: ssp_dai_probe: ssp_info address c7812ec8
01-06 06:29:18.310    59    59 I KERNEL  : 
01-06 06:29:18.310    59    59 I KERNEL  : [    6.378663] snd_intel_sst: Got drv data max stream 5
01-06 06:29:18.310    59    59 I KERNEL  : [    6.378712] mid_ssp: ssp_dai_probe: SSP DAI: FCT ssp_dai_probe leaves 0
01-06 06:29:18.310    59    59 I KERNEL  : [    6.378755] oprofile: using NMI interrupt.
01-06 06:29:18.310    59    59 I KERNEL  : [    6.378896] Netfilter messages via NETLINK v0.30.
01-06 06:29:18.310    59    59 I KERNEL  : [    6.378949] nf_conntrack version 0.5.0 (15459 buckets, 61836 max)
01-06 06:29:18.310     1     1 I KERNEL  : [    6.379573] NF_TPROXY: Transparent proxy support initialized, version 4.1.0
01-06 06:29:18.310     1     1 I KERNEL  : [    6.379788] NF_TPROXY: Copyright (c) 2006-2007 BalaBit IT Ltd.
01-06 06:29:18.310     1     1 I KERNEL  : [    6.380495] ip_tables: (C) 2000-2006 Netfilter Core Team
01-06 06:29:18.310     1     1 I KERNEL  : [    6.380896] TCP: cubic registered
01-06 06:29:18.310     1     1 I KERNEL  : [    6.381035] Initializing XFRM netlink socket
01-06 06:29:18.310     1     1 I KERNEL  : [    6.381916] NET: Registered protocol family 10
01-06 06:29:18.310    59    59 I KERNEL  : [    6.382405] snd_intel_sst: intel_sst_probe successfully done!
01-06 06:29:18.310     1     1 I KERNEL  : [    6.383065] ip6_tables: (C) 2000-2006 Netfilter Core Team
01-06 06:29:18.310     1     1 I KERNEL  : [    6.383493] IPv6 over IPv4 tunneling driver
01-06 06:29:18.310     1     1 I KERNEL  : [    6.384224] NET: Registered protocol family 17
01-06 06:29:18.310     1     1 I KERNEL  : [    6.384445] NET: Registered protocol family 15
01-06 06:29:18.310     1     1 I KERNEL  : [    6.384560] L2TP core driver, V2.0
01-06 06:29:18.310     1     1 I KERNEL  : [    6.384686] PPPoL2TP kernel driver, V2.0
01-06 06:29:18.310     1     1 I KERNEL  : [    6.384879] Registering the dns_resolver key type
01-06 06:29:18.320     1     1 I KERNEL  : [    6.386425] Using IPI No-Shortcut mode
01-06 06:29:18.320     1     1 I KERNEL  : [    6.386556] info[ 0]: name = power_btn, gpio = -1
01-06 06:29:18.320     1     1 I KERNEL  : [    6.386787] info[ 1]: name = prog_btn1, gpio = -1
01-06 06:29:18.320     1     1 I KERNEL  : [    6.386941] info[ 2]: name = prog_btn2, gpio = -1
01-06 06:29:18.320     1     1 I KERNEL  : [    6.387159] info[ 3]: name = lid_switch, gpio = -1
01-06 06:29:18.320     1     1 I KERNEL  : [    6.387273] info[ 4]: name = vol_up, gpio = 30
01-06 06:29:18.320     1     1 I KERNEL  : [    6.387486] info[ 5]: name = vol_down, gpio = 31
01-06 06:29:18.320     1     1 I KERNEL  : [    6.387618] info[ 6]: name = camera_full, gpio = -1
01-06 06:29:18.320     1     1 I KERNEL  : [    6.387732] info[ 7]: name = camera_half, gpio = -1
01-06 06:29:18.320     1     1 I KERNEL  : [    6.387930] info[ 8]: name = MagSw1, gpio = -1
01-06 06:29:18.320     1     1 I KERNEL  : [    6.388056] info[ 9]: name = MagSw2, gpio = -1
01-06 06:29:18.320     1     1 I KERNEL  : [    6.388271] info[10]: name = cam_capture, gpio = -1
01-06 06:29:18.320     1     1 I KERNEL  : [    6.388386] info[11]: name = cam_focus, gpio = -1
01-06 06:29:18.320     1     1 I KERNEL  : [    6.388499] info[12]: name = fp_menu_key, gpio = -1
01-06 06:29:18.320     1     1 I KERNEL  : [    6.388664] max170xx_battery 2-0036: soc perc: soc: 81, offset: 1
01-06 06:29:18.320     1     1 I KERNEL  : [    6.388816] info[13]: name = fp_home_key, gpio = -1
01-06 06:29:18.320     1     1 I KERNEL  : [    6.389016] info[14]: name = fp_search_key, gpio = -1
01-06 06:29:18.320     1     1 I KERNEL  : [    6.389129] info[15]: name = fp_back_key, gpio = -1
01-06 06:29:18.320     1     1 I KERNEL  : [    6.389339] info[16]: name = volume_up, gpio = -1
01-06 06:29:18.320     1     1 I KERNEL  : [    6.389454] info[17]: name = volume_down, gpio = -1
01-06 06:29:18.320     1     1 I KERNEL  : [    6.389654] info[18]: name = mute_enable, gpio = -1
01-06 06:29:18.320     1     1 I KERNEL  : [    6.389767] info[19]: name = camera0_sb1, gpio = -1
01-06 06:29:18.320     1     1 I KERNEL  : [    6.389894] info[20]: name = camera0_sb2, gpio = -1
