========================================================
== dumpstate: 2014-01-07 08:00:08
========================================================

Build: falcon-userdebug 4.2.2 JDQ39 eng.svnadmin.20140106.003504 test-keys
Build fingerprint: 'intel/falcon/falcon:4.2.2/JDQ39/eng.svnadmin.20140106.003504:userdebug/test-keys'
Bootloader: unknown
Radio: unknown
Network: (unknown)
Kernel: Linux version 3.4.34-gc095934 (svnadmin@nataku03) (gcc version 4.6 20120106 (prerelease) (GCC) ) #1 SMP PREEMPT Mon Jan 6 01:17:14 CST 2014
Command line: init=/init pci=noearly console=ttyMFD2 console=logk0 earlyprintk=nologger loglevel=4 hsu_dma=7 kmemleak=off ptrace.ptrace_can_access=1 androidboot.bootmedia=sdcard androidboot.hardware=falcon androidboot.spid=0000:0000:ffff:0002:8000:0019 androidboot.serialno=Clovertrail3E45E5BF              androidboot.lcdsize=0540x0960 ip=50.0.0.2:50.0.0.1::255.255.255.0::usb0:on nmi_watchdog=panic softlockup_panic=1 vmalloc=172M androidboot.wakesrc=05 androidboot.mode=main

------ UPTIME (uptime) ------
up time: 00:09:34, idle time: 00:23:29, sleep time: 00:00:00
[uptime: 0.1s elapsed]

------ MEMORY INFO (/proc/meminfo) ------
MemTotal:         989940 kB
MemFree:           20908 kB
Buffers:            2700 kB
Cached:           167280 kB
SwapCached:            0 kB
Active:           484780 kB
Inactive:          85896 kB
Active(anon):     406820 kB
Inactive(anon):       88 kB
Active(file):      77960 kB
Inactive(file):    85808 kB
Unevictable:        5904 kB
Mlocked:               8 kB
HighTotal:        160716 kB
HighFree:            296 kB
LowTotal:         829224 kB
LowFree:           20612 kB
SwapTotal:             0 kB
SwapFree:              0 kB
Dirty:               548 kB
Writeback:             0 kB
AnonPages:        406848 kB
Mapped:           294752 kB
Shmem:               132 kB
Slab:              26456 kB
SReclaimable:      10408 kB
SUnreclaim:        16048 kB
KernelStack:        6232 kB
PageTables:        10604 kB
NFS_Unstable:          0 kB
Bounce:                0 kB
WritebackTmp:          0 kB
CommitLimit:      494968 kB
Committed_AS:    6982504 kB
VmallocTotal:     176128 kB
VmallocUsed:       84580 kB
VmallocChunk:      36824 kB
HugePages_Total:       0
HugePages_Free:        0
HugePages_Rsvd:        0
HugePages_Surp:        0
Hugepagesize:       2048 kB
DirectMap4k:      620536 kB
DirectMap2M:      239616 kB

------ CPU INFO (top -n 1 -d 1 -m 30 -t) ------



User 19%, System 16%, IOW 0%, IRQ 1%
User 88 + Nice 0 + Sys 74 + Idle 288 + IOW 0 + IRQ 6 + SIRQ 1 = 457

  PID   TID PR CPU% S     VSS     RSS PCY UID      Thread          Proc
  425   425  1  14% R 711392K  92580K  fg system   system_server   system_server
 1583  1583  2   7% S 459892K  24548K     root     commands.monkey com.android.commands.monkey
 7541  7541  3   4% R   2292K    896K     shell    top             top
 1527  1527  2   2% S   4764K    232K     root     adbd            /sbin/adbd
    4     4  0   1% S      0K      0K     root     kworker/0:0     
 7392  7392  1   1% S      0K      0K     root     kworker/1:0     
 1527  1529  2   1% S   4764K    232K     root     adbd            /sbin/adbd
 7098  7098  0   0% S 555616K  81532K  fg u0_a16   droid.deskclock com.google.android.deskclock
 1527  1530  2   0% S   4764K    232K     root     adbd            /sbin/adbd
 1583  1590  0   0% S 459892K  24548K     root     Compiler        com.android.commands.monkey
  425   450  3   0% S 711392K  92580K  fg system   Binder_3        system_server
  425   432  1   0% S 711392K  92580K  fg system   Compiler        system_server
   73    73  2   0% S      0K      0K     root     kworker/2:2     
 7537  7537  2   0% S   1728K    712K     shell    dumpstate       /system/bin/dumpstate
 7126  7126  3   0% S      0K      0K     root     kworker/3:1     
  535   535  3   0% R 558128K  82080K  fg u0_a59   ndroid.systemui com.android.systemui
   20    20  3   0% S      0K      0K     root     watchdog/3      
   21    21  3   0% S      0K      0K     root     cpuset          
   22    22  3   0% S      0K      0K     root     khelper         
   23    23  1   0% S      0K      0K     root     sync_supers     
   24    24  3   0% S      0K      0K     root     bdi-default     
   25    25  3   0% S      0K      0K     root     kblockd         
   26    26  3   0% S      0K      0K     root     ata_sff         
   27    27  3   0% S      0K      0K     root     khubd           
   28    28  3   0% S      0K      0K     root     md              
   29    29  1   0% S      0K      0K     root     kworker/1:1     
   30    30  3   0% S      0K      0K     root     cfinteractive   
   31    31  3   0% S      0K      0K     root     msic_adc        
   32    32  3   0% S      0K      0K     root     irq/16-msic_adc 
   33    33  3   0% S      0K      0K     root     kworker/u:1     
[top: 1.4s elapsed]

------ PROCRANK (procrank) ------
  PID      Vss      Rss      Pss      Uss  cmdline
  425  127976K  127920K   82421K   75064K  system_server
 6892   94512K   94468K   52962K   49492K  com.google.android.googlequicksearchbox
  610   85512K   85456K   46223K   44080K  com.google.android.inputmethod.latin
 7195   82492K   82452K   42472K   40044K  com.android.contacts
  535   83368K   83316K   42296K   39712K  com.android.systemui
 7098   82956K   82876K   40330K   35048K  com.google.android.deskclock
 7366   75836K   75784K   36543K   34232K  com.android.settings
  684   75256K   75196K   35469K   33156K  com.android.launcher
  596   73980K   73928K   34333K   32240K  android.process.media
 7327   73172K   73132K   33703K   31308K  com.android.mms
 7411   71756K   71708K   32637K   30392K  com.google.android.apps.magazines
  630   71220K   71148K   32176K   30048K  com.android.phone
 7435   69532K   69484K   31460K   29580K  com.google.android.gsf.login
 7453   60956K   60872K   24379K   21844K  com.google.android.apps.plus
  971   50640K   50592K   14081K   11976K  com.google.android.music:main
  786   48224K   48152K   12718K   10904K  com.google.process.gapps
 7175   47900K   47832K   12609K   10872K  android.process.acore
  147   14924K   14924K   12364K   11996K  /system/bin/mediaserver
 7521   19936K   19908K   10257K    9216K  app_process
  727   43500K   43432K    8541K    6904K  com.google.process.location
 1961   42508K   42448K    8125K    6572K  com.android.bluetooth
  654   36332K   36268K    4172K    2772K  com.android.musicfx
 1974   36404K   36328K    4037K    2600K  com.android.internal.telephony.CwsMMGRService
  762   36168K   36100K    3881K    2452K  com.android.location.fused
 6814   35824K   35748K    3800K    2408K  com.intel.amtl
  637   36040K   35960K    3797K    2384K  com.intel.security.service
  799   35896K   35828K    3759K    2320K  com.android.smspush
  143   40360K   40272K    3586K    1764K  zygote
  111    3628K    3628K    3540K    3456K  /sbin/ueventd
 7543    1928K    1924K    1550K    1540K  procrank
  261    1816K    1816K    1395K    1384K  /system/bin/logcat
  146    2584K    2584K    1283K    1160K  /system/bin/drmserver
  150    1876K    1872K     853K     804K  /system/bin/gpsd
  141    1320K    1320K     683K     644K  /system/bin/netd
 5147    1156K    1152K     518K     464K  /system/bin/wpa_supplicant
  149    1256K    1256K     509K     484K  /system/bin/rild
    1     592K     592K     472K     388K  /init
  257     820K     820K     445K     432K  /system/bin/sdcard
  137     880K     880K     366K     344K  /system/bin/vold
  142     840K     840K     333K     320K  /system/bin/debuggerd
  145     780K     776K     306K     296K  /system/bin/keystore
 1527     324K     324K     296K     296K  /sbin/adbd
  258     744K     744K     246K     232K  /system/bin/crashlogd
 7520     748K     740K     241K     112K  /system/bin/sh
  162     772K     772K     241K     228K  /system/bin/gpslogd
 7537     740K     736K     234K     216K  /system/bin/dumpstate
  140     664K     660K     226K     216K  /system/bin/mmgr
 7519     704K     696K     217K      88K  sh
 5348     680K     680K     209K     196K  /system/bin/dhcpcd
  144     548K     544K     144K     136K  /system/bin/installd
  259     504K     496K     136K     124K  /system/bin/sh
  136     456K     452K     115K     108K  /system/bin/servicemanager
 5346     468K     464K     111K     104K  /system/bin/logwrapper
  139     100K     100K      96K      96K  /ia_watchdogd
                          ------   ------  ------
                         687924K  625248K  TOTAL

RAM: 989940K total, 33868K free, 2708K buffers, 167720K cached, 132K shmem, 26812K slab
[procrank: 2.4s elapsed]

------ VIRTUAL MEMORY STATS (/proc/vmstat) ------
nr_free_pages 8880
nr_inactive_anon 22
nr_active_anon 98030
nr_inactive_file 21414
nr_active_file 19680
nr_unevictable 1476
nr_mlock 2
nr_anon_pages 98025
nr_mapped 73575
nr_file_pages 42607
nr_dirty 2
nr_writeback 0
nr_slab_reclaimable 2700
nr_slab_unreclaimable 4003
nr_page_table_pages 2595
nr_kernel_stack 764
nr_unstable 0
nr_bounce 0
nr_vmscan_write 0
nr_vmscan_immediate_reclaim 0
nr_writeback_temp 0
nr_isolated_anon 0
nr_isolated_file 0
nr_shmem 33
nr_dirtied 13401
nr_written 13268
nr_anon_transparent_hugepages 0
nr_dirty_threshold 7516
nr_dirty_background_threshold 1280
pgpgin 1029467
pgpgout 82709
pswpin 0
pswpout 0
pgalloc_dma 22618
pgalloc_normal 2448090
pgalloc_high 407749
pgalloc_movable 0
pgfree 2888046
pgactivate 171135
pgdeactivate 83622
pgfault 1843216
pgmajfault 10280
pgrefill_dma 849
pgrefill_normal 57806
pgrefill_high 75086
pgrefill_movable 0
pgsteal_kswapd_dma 740
pgsteal_kswapd_normal 97364
pgsteal_kswapd_high 31949
pgsteal_kswapd_movable 0
pgsteal_direct_dma 721
pgsteal_direct_normal 72134
pgsteal_direct_high 22356
pgsteal_direct_movable 0
pgscan_kswapd_dma 1292
pgscan_kswapd_normal 128808
pgscan_kswapd_high 51509
pgscan_kswapd_movable 0
pgscan_direct_dma 1217
pgscan_direct_normal 99896
pgscan_direct_high 35805
pgscan_direct_movable 0
pginodesteal 0
slabs_scanned 301824
kswapd_inodesteal 7
kswapd_low_wmark_hit_quickly 83
kswapd_high_wmark_hit_quickly 49
kswapd_skip_congestion_wait 1788
pageoutrun 2743
allocstall 1920
pgrotated 8
htlb_buddy_alloc_success 0
htlb_buddy_alloc_fail 0
unevictable_pgs_culled 1476
unevictable_pgs_scanned 0
unevictable_pgs_rescued 0
unevictable_pgs_mlocked 2
unevictable_pgs_munlocked 0
unevictable_pgs_cleared 0
unevictable_pgs_stranded 0
unevictable_pgs_mlockfreed 0

------ VMALLOC INFO (/proc/vmallocinfo) ------
0xf4ffe000-0xf5000000    8192 pci_iomap+0x85/0xe0 phys=ff11d000 ioremap
0xf5000000-0xf5002000    8192 mid_pmu_probe+0x153/0x340 phys=ffff3000 ioremap
0xf5002000-0xf5004000    8192 s0ix_lat_stat_init+0x5c/0x130 phys=ffff7000 ioremap
0xf5004000-0xf5006000    8192 lnw_gpio_probe.part.9+0xe5/0x32d phys=ff119000 ioremap
0xf5006000-0xf5008000    8192 lnw_gpio_probe.part.9+0xe5/0x32d phys=ff13f000 ioremap
0xf5008000-0xf500a000    8192 intel_mid_dma_probe+0x159/0x2a6 phys=ff13e000 ioremap
0xf500a000-0xf500c000    8192 intel_mid_dma_probe+0x159/0x2a6 phys=ffaf0000 ioremap
0xf500c000-0xf500e000    8192 mid_setup_dma+0x9f/0x4bc phys=ffae8000 ioremap
0xf500e000-0xf5010000    8192 ipc_probe.part.0+0xc5/0x130 phys=ff11c000 ioremap
0xf5010000-0xf5012000    8192 ipc_probe.part.0+0xe1/0x130 phys=ff12b000 ioremap
0xf5012000-0xf5014000    8192 mip_rpmsg_probe+0x5c/0x110 phys=fffd8000 ioremap
0xf5014000-0xf5016000    8192 msic_gpadc_probe+0xa6/0x2a0 phys=ffff7000 ioremap
0xf5016000-0xf5018000    8192 psb_mmu_alloc_pd+0x176/0x280 pages=1 vmalloc user
0xf5018000-0xf501a000    8192 psb_mmu_alloc_pd+0x176/0x280 pages=1 vmalloc user
0xf501a000-0xf501d000   12288 ttm_dma_tt_init+0xd9/0x100 pages=2 vmalloc
0xf501d000-0xf501f000    8192 ttm_bo_kmap_ttm+0x6e/0xe0
0xf5020000-0xf5022000    8192 i2c_dw_pci_probe+0x138/0x429 phys=ff13b000 ioremap
0xf5022000-0xf5024000    8192 i2c_dw_pci_probe+0x138/0x429 phys=ff13c000 ioremap
0xf5024000-0xf5026000    8192 i2c_dw_pci_probe+0x138/0x429 phys=ff13d000 ioremap
0xf5026000-0xf5028000    8192 pci_ioremap_bar+0x38/0x70 phys=ffa58000 ioremap
0xf5028000-0xf502a000    8192 pci_ioremap_bar+0x38/0x70 phys=ffa48000 ioremap
0xf502a000-0xf502c000    8192 pci_ioremap_bar+0x38/0x70 phys=ffa21000 ioremap
0xf502c000-0xf502e000    8192 pci_ioremap_bar+0x38/0x70 phys=ffa20000 ioremap
0xf502e000-0xf5030000    8192 pci_ioremap_bar+0x38/0x70 phys=ffae8000 ioremap
0xf5030000-0xf5033000   12288 pci_ioremap_bar+0x38/0x70 phys=ffff1000 ioremap
0xf5034000-0xf5036000    8192 intel_sst_probe+0x6c2/0xd20 phys=ffa23000 ioremap
0xf5036000-0xf5038000    8192 intel_sst_probe+0x723/0xd20 phys=ffaf8000 ioremap
0xf5038000-0xf503a000    8192 mid_pb_probe+0xd3/0x260 phys=ffffe000 ioremap
0xf503a000-0xf523b000 2101248 persistent_ram_buffer_map+0xf1/0x14b vmap
0xf523b000-0xf5247000   49152 zisofs_init+0xd/0x1c pages=11 vmalloc
0xf5248000-0xf524a000    8192 hsu_port_init+0xbf/0x420 phys=ffa28000 ioremap
0xf524a000-0xf524c000    8192 hsu_port_init+0xbf/0x420 phys=ffa28000 ioremap
0xf524c000-0xf524e000    8192 hsu_port_init+0xbf/0x420 phys=ffa28000 ioremap
0xf524e000-0xf5250000    8192 serial_hsu_probe+0x16f/0x470 phys=ffa28000 ioremap
0xf5250000-0xf5252000    8192 get_oshob_addr+0x76/0xe0 phys=ffff3000 ioremap
0xf5252000-0xf5254000    8192 intel_fw_logging_init+0x50/0x170 phys=ffffe000 ioremap
0xf5254000-0xf5256000    8192 intel_fw_logging_probe+0x72/0x1b0 phys=ffffe000 ioremap
0xf5256000-0xf5258000    8192 spi_pci_probe.part.1+0xbc/0x180 phys=ff135000 ioremap
0xf525a000-0xf525c000    8192 spi_pci_probe.part.1+0xbc/0x180 phys=ff136000 ioremap
0xf525e000-0xf5260000    8192 hsi_map_resources+0x77/0x290 phys=ffa29000 ioremap
0xf5260000-0xf5262000    8192 hsi_map_resources+0x15b/0x290 phys=ffa2a000 ioremap
0xf5262000-0xf5264000    8192 penwell_otg_init+0x14/0x2c phys=ff11d000 ioremap
0xf5264000-0xf5266000    8192 vrtc_mrst_do_probe+0x210/0x360 phys=ffff3000 ioremap
0xf5266000-0xf5268000    8192 mid_vdd_probe+0x58/0x180 phys=ffffe000 ioremap
0xf5268000-0xf526a000    8192 i2c_dw_pci_probe+0x138/0x429 phys=ff138000 ioremap
0xf526a000-0xf526c000    8192 i2c_dw_pci_probe+0x138/0x429 phys=ff139000 ioremap
0xf526c000-0xf526e000    8192 i2c_dw_pci_probe+0x138/0x429 phys=ff13a000 ioremap
0xf526e000-0xf5270000    8192 pci_ioremap_bar+0x38/0x70 phys=ffa50000 ioremap
0xf5270000-0xf5273000   12288 _VMallocWrapper+0x37/0x40 [sgx] pages=2 vmalloc
0xf5273000-0xf5276000   12288 _VMallocWrapper+0x37/0x40 [sgx] pages=2 vmalloc
0xf5276000-0xf5278000    8192 sep_probe.part.35+0xa1/0x7b5 phys=ffffe000 ioremap
0xf5278000-0xf527d000   20480 dma_declare_coherent_memory+0x52/0x110 phys=fffe0000 ioremap
0xf527d000-0xf527f000    8192 _VMallocWrapper+0x37/0x40 [sgx] pages=1 vmalloc
0xf5280000-0xf5681000 4198400 pti_pci_probe+0x1c5/0x24b phys=fd800000 ioremap
0xf5681000-0xf5686000   20480 drm_ht_create+0x50/0x70 pages=4 vmalloc
0xf5686000-0xf568a000   16384 _VMallocWrapper+0x37/0x40 [sgx] pages=3 vmalloc
0xf568a000-0xf568e000   16384 _VMallocWrapper+0x37/0x40 [sgx] pages=3 vmalloc
0xf568e000-0xf5690000    8192 module_alloc_update_bounds+0x18/0x60 pages=1 vmalloc
0xf5690000-0xf5699000   36864 psb_driver_load+0x2e0/0xb20 phys=dff80000 ioremap
0xf569c000-0xf56a0000   16384 _IORemapWrapper+0x81/0x90 [sgx] phys=dff00000 ioremap
0xf56a0000-0xf56b1000   69632 sep_probe.part.35+0x230/0x7b5 phys=ff0d0000 ioremap
0xf56b1000-0xf56b4000   12288 _VMallocWrapper+0x37/0x40 [sgx] pages=2 vmalloc
0xf56b4000-0xf56b7000   12288 _IORemapWrapper+0x81/0x90 [sgx] phys=dff70000 ioremap
0xf56b7000-0xf56bb000   16384 _VMallocWrapper+0x37/0x40 [sgx] pages=3 vmalloc
0xf56bb000-0xf56be000   12288 _VMallocWrapper+0x37/0x40 [sgx] pages=2 vmalloc
0xf56c0000-0xf56e1000  135168 penwell_otg_probe+0x14d/0xcb0 phys=ffa60000 ioremap
0xf56e1000-0xf56e7000   24576 module_alloc_update_bounds+0x18/0x60 pages=5 vmalloc
0xf56e7000-0xf56eb000   16384 _VMallocWrapper+0x37/0x40 [sgx] pages=3 vmalloc
0xf56ed000-0xf56f2000   20480 module_alloc_update_bounds+0x18/0x60 pages=4 vmalloc
0xf56f2000-0xf56f5000   12288 _VMallocWrapper+0x37/0x40 [sgx] pages=2 vmalloc
0xf56f6000-0xf56f9000   12288 module_alloc_update_bounds+0x18/0x60 pages=2 vmalloc
0xf56fc000-0xf5700000   16384 _VMallocWrapper+0x37/0x40 [sgx] pages=3 vmalloc
0xf5700000-0xf5741000  266240 psb_gtt_init+0x2ac/0x510 phys=3ffc0000 ioremap
0xf5741000-0xf5745000   16384 _VMallocWrapper+0x37/0x40 [sgx] pages=3 vmalloc
0xf5745000-0xf5748000   12288 _VMallocWrapper+0x37/0x40 [sgx] pages=2 vmalloc
0xf5748000-0xf574c000   16384 _VMallocWrapper+0x37/0x40 [sgx] pages=3 vmalloc
0xf574c000-0xf574f000   12288 _VMallocWrapper+0x37/0x40 [sgx] pages=2 vmalloc
0xf574f000-0xf5753000   16384 _VMallocWrapper+0x37/0x40 [sgx] pages=3 vmalloc
0xf5753000-0xf5756000   12288 _VMallocWrapper+0x37/0x40 [sgx] pages=2 vmalloc
0xf5756000-0xf575a000   16384 _VMallocWrapper+0x37/0x40 [sgx] pages=3 vmalloc
0xf575a000-0xf575d000   12288 _VMallocWrapper+0x37/0x40 [sgx] pages=2 vmalloc
0xf575d000-0xf5761000   16384 _VMallocWrapper+0x37/0x40 [sgx] pages=3 vmalloc
0xf5761000-0xf5765000   16384 _VMallocWrapper+0x37/0x40 [sgx] pages=3 vmalloc
0xf5765000-0xf5768000   12288 _VMallocWrapper+0x37/0x40 [sgx] pages=2 vmalloc
0xf5769000-0xf576d000   16384 _VMallocWrapper+0x37/0x40 [sgx] pages=3 vmalloc
0xf576d000-0xf5771000   16384 _VMallocWrapper+0x37/0x40 [sgx] pages=3 vmalloc
0xf5778000-0xf577b000   12288 _VMallocWrapper+0x37/0x40 [sgx] pages=2 vmalloc
0xf5780000-0xf5791000   69632 psb_driver_load+0x228/0xb20 phys=dff90000 ioremap
0xf5791000-0xf57af000  122880 module_alloc_update_bounds+0x18/0x60 pages=29 vmalloc
0xf57b2000-0xf57b6000   16384 _VMallocWrapper+0x37/0x40 [sgx] pages=3 vmalloc
0xf57b6000-0xf57ba000   16384 _VMallocWrapper+0x37/0x40 [sgx] pages=3 vmalloc
0xf57ba000-0xf57be000   16384 _VMallocWrapper+0x37/0x40 [sgx] pages=3 vmalloc
0xf57c0000-0xf57f1000  200704 psb_driver_load+0x274/0xb20 phys=dffc0000 ioremap
0xf57f1000-0xf57f5000   16384 _VMallocWrapper+0x37/0x40 [sgx] pages=3 vmalloc
0xf57f5000-0xf57f8000   12288 _VMallocWrapper+0x37/0x40 [sgx] pages=2 vmalloc
0xf5800000-0xf5881000  528384 psb_driver_load+0x291/0xb20 phys=dff00000 ioremap
0xf5885000-0xf5889000   16384 _VMallocWrapper+0x37/0x40 [sgx] pages=3 vmalloc
0xf5889000-0xf588c000   12288 _VMallocWrapper+0x37/0x40 [sgx] pages=2 vmalloc
0xf588c000-0xf5890000   16384 _VMallocWrapper+0x37/0x40 [sgx] pages=3 vmalloc
0xf5890000-0xf5893000   12288 _VMallocWrapper+0x37/0x40 [sgx] pages=2 vmalloc
0xf589b000-0xf589f000   16384 _VMallocWrapper+0x37/0x40 [sgx] pages=3 vmalloc
0xf589f000-0xf58a2000   12288 _VMallocWrapper+0x37/0x40 [sgx] pages=2 vmalloc
0xf58a2000-0xf58a6000   16384 _VMallocWrapper+0x37/0x40 [sgx] pages=3 vmalloc
0xf58a6000-0xf58a9000   12288 _VMallocWrapper+0x37/0x40 [sgx] pages=2 vmalloc
0xf58ae000-0xf58b2000   16384 _VMallocWrapper+0x37/0x40 [sgx] pages=3 vmalloc
0xf58c5000-0xf58c9000   16384 _VMallocWrapper+0x37/0x40 [sgx] pages=3 vmalloc
0xf58c9000-0xf58cc000   12288 _VMallocWrapper+0x37/0x40 [sgx] pages=2 vmalloc
0xf58d4000-0xf58d9000   20480 _VMallocWrapper+0x37/0x40 [sgx] pages=4 vmalloc
0xf58d9000-0xf58dd000   16384 _VMallocWrapper+0x37/0x40 [sgx] pages=3 vmalloc
0xf58dd000-0xf58e0000   12288 _VMallocWrapper+0x37/0x40 [sgx] pages=2 vmalloc
0xf58e2000-0xf58f4000   73728 _VMallocWrapper+0x37/0x40 [sgx] pages=17 vmalloc
0xf5900000-0xf5981000  528384 ps_hdmi_pci_dev_init+0x9c/0x250 phys=dff00000 ioremap
0xf5981000-0xf59cf000  319488 module_alloc_update_bounds+0x18/0x60 pages=77 vmalloc
0xf59e0000-0xf59f1000   69632 _IORemapWrapper+0x81/0x90 [sgx] phys=dff80000 ioremap
0xf5a00000-0xf69c0000 16515072 psb_gtt_init+0x2bf/0x510 phys=3f000000 ioremap
0xf69c0000-0xf6dc1000 4198400 drm_ht_create+0x50/0x70 pages=1024 vmalloc
0xf6dc1000-0xf71c2000 4198400 PVRSRVDebugPrintf+0x29c/0x950 [sgx] pages=1024 vmalloc
0xf71c2000-0xf71f3000  200704 psb_cmdbuf_ioctl+0x4de/0x510 pages=48 vmalloc
0xf7200000-0xf7221000  135168 binder_mmap+0x75/0x210 ioremap
0xf723a000-0xf723e000   16384 _VMallocWrapper+0x37/0x40 [sgx] pages=3 vmalloc
0xf72c6000-0xf72ca000   16384 _VMallocWrapper+0x37/0x40 [sgx] pages=3 vmalloc
0xf72ca000-0xf72cd000   12288 _VMallocWrapper+0x37/0x40 [sgx] pages=2 vmalloc
0xf72cd000-0xf72d1000   16384 _VMallocWrapper+0x37/0x40 [sgx] pages=3 vmalloc
0xf72d1000-0xf72e3000   73728 _VMallocWrapper+0x37/0x40 [sgx] pages=17 vmalloc
0xf72e3000-0xf72e6000   12288 _VMallocWrapper+0x37/0x40 [sgx] pages=2 vmalloc
0xf72e6000-0xf72f8000   73728 _VMallocWrapper+0x37/0x40 [sgx] pages=17 vmalloc
0xf7300000-0xf7351000  331776 pci_ioremap_bar+0x38/0x70 phys=ffb00000 ioremap
0xf7375000-0xf7377000    8192 _VMallocWrapper+0x37/0x40 [sgx] pages=1 vmalloc
0xf7380000-0xf73e1000  397312 pci_ioremap_bar+0x38/0x70 phys=ffb80000 ioremap
0xf7400000-0xf74ff000 1044480 binder_mmap+0x75/0x210 ioremap
0xf7500000-0xf75ff000 1044480 binder_mmap+0x75/0x210 ioremap
0xf7600000-0xf76ff000 1044480 binder_mmap+0x75/0x210 ioremap
0xf7713000-0xf7715000    8192 _VMallocWrapper+0x37/0x40 [sgx] pages=1 vmalloc
0xf7717000-0xf7719000    8192 _VMallocWrapper+0x37/0x40 [sgx] pages=1 vmalloc
0xf7719000-0xf771b000    8192 _VMallocWrapper+0x37/0x40 [sgx] pages=1 vmalloc
0xf771b000-0xf771d000    8192 _VMallocWrapper+0x37/0x40 [sgx] pages=1 vmalloc
0xf771d000-0xf771f000    8192 _VMallocWrapper+0x37/0x40 [sgx] pages=1 vmalloc
0xf771f000-0xf7721000    8192 _VMallocWrapper+0x37/0x40 [sgx] pages=1 vmalloc
0xf774c000-0xf77b6000  434176 module_alloc_update_bounds+0x18/0x60 pages=105 vmalloc
0xf77f4000-0xf77f8000   16384 _VMallocWrapper+0x37/0x40 [sgx] pages=3 vmalloc
0xf77f8000-0xf77fb000   12288 _VMallocWrapper+0x37/0x40 [sgx] pages=2 vmalloc
0xf7810000-0xf7814000   16384 _VMallocWrapper+0x37/0x40 [sgx] pages=3 vmalloc
0xf7872000-0xf7876000   16384 _VMallocWrapper+0x37/0x40 [sgx] pages=3 vmalloc
0xf7876000-0xf7879000   12288 _VMallocWrapper+0x37/0x40 [sgx] pages=2 vmalloc
0xf7880000-0xf797f000 1044480 binder_mmap+0x75/0x210 ioremap
0xf7980000-0xf7a7f000 1044480 binder_mmap+0x75/0x210 ioremap
0xf7a8f000-0xf7a93000   16384 _VMallocWrapper+0x37/0x40 [sgx] pages=3 vmalloc
0xf7aa3000-0xf7aa7000   16384 _VMallocWrapper+0x37/0x40 [sgx] pages=3 vmalloc
0xf7aa7000-0xf7aaa000   12288 _VMallocWrapper+0x37/0x40 [sgx] pages=2 vmalloc
0xf7ab8000-0xf7abc000   16384 _VMallocWrapper+0x37/0x40 [sgx] pages=3 vmalloc
0xf7abc000-0xf7abf000   12288 _VMallocWrapper+0x37/0x40 [sgx] pages=2 vmalloc
0xf7abf000-0xf7ac3000   16384 _VMallocWrapper+0x37/0x40 [sgx] pages=3 vmalloc
0xf7ac3000-0xf7ac6000   12288 _VMallocWrapper+0x37/0x40 [sgx] pages=2 vmalloc
0xf7ac6000-0xf7aca000   16384 _VMallocWrapper+0x37/0x40 [sgx] pages=3 vmalloc
0xf7acf000-0xf7ad3000   16384 _VMallocWrapper+0x37/0x40 [sgx] pages=3 vmalloc
0xf7ad3000-0xf7ad7000   16384 _VMallocWrapper+0x37/0x40 [sgx] pages=3 vmalloc
0xf7ad7000-0xf7ada000   12288 _VMallocWrapper+0x37/0x40 [sgx] pages=2 vmalloc
0xf7ada000-0xf7ade000   16384 _VMallocWrapper+0x37/0x40 [sgx] pages=3 vmalloc
0xf7ade000-0xf7ae1000   12288 _VMallocWrapper+0x37/0x40 [sgx] pages=2 vmalloc
0xf7ae1000-0xf7af3000   73728 _VMallocWrapper+0x37/0x40 [sgx] pages=17 vmalloc
0xf7b00000-0xf7bff000 1044480 binder_mmap+0x75/0x210 ioremap
0xf7bff000-0xf7dfe000 2093056 MRSTLFBAllocBuffer.isra.21+0x32/0x118 pages=510 vmalloc
0xf7dfe000-0xf81ff000 4198400 drm_ht_create+0x50/0x70 pages=1024 vmalloc
0xf81ff000-0xf83fe000 2093056 MRSTLFBAllocBuffer.isra.21+0x32/0x118 pages=510 vmalloc
0xf83fe000-0xf85fd000 2093056 MRSTLFBAllocBuffer.isra.21+0x32/0x118 pages=510 vmalloc
0xf8600000-0xf86ff000 1044480 binder_mmap+0x75/0x210 ioremap
0xf8700000-0xf87ff000 1044480 binder_mmap+0x75/0x210 ioremap
0xf8822000-0xf8826000   16384 _VMallocWrapper+0x37/0x40 [sgx] pages=3 vmalloc
0xf8880000-0xf897f000 1044480 binder_mmap+0x75/0x210 ioremap
0xf8980000-0xf8a7f000 1044480 binder_mmap+0x75/0x210 ioremap
0xf8a80000-0xf8b7f000 1044480 binder_mmap+0x75/0x210 ioremap
0xf8ba4000-0xf8ba7000   12288 xt_alloc_table_info+0x89/0xb0 pages=2 vmalloc
0xf8ba7000-0xf8baa000   12288 xt_alloc_table_info+0x89/0xb0 pages=2 vmalloc
0xf8baa000-0xf8bad000   12288 xt_alloc_table_info+0x89/0xb0 pages=2 vmalloc
0xf8bad000-0xf8bb0000   12288 xt_alloc_table_info+0x89/0xb0 pages=2 vmalloc
0xf8bb6000-0xf8bba000   16384 xt_alloc_table_info+0x89/0xb0 pages=3 vmalloc
0xf8bba000-0xf8bbe000   16384 xt_alloc_table_info+0x89/0xb0 pages=3 vmalloc
0xf8bbe000-0xf8bc2000   16384 xt_alloc_table_info+0x89/0xb0 pages=3 vmalloc
0xf8bc2000-0xf8bc6000   16384 xt_alloc_table_info+0x89/0xb0 pages=3 vmalloc
0xf8bca000-0xf8bcd000   12288 pcpu_mem_zalloc+0x37/0x70 pages=2 vmalloc
0xf8bcd000-0xf8bd1000   16384 _VMallocWrapper+0x37/0x40 [sgx] pages=3 vmalloc
0xf8bd1000-0xf8bd4000   12288 _VMallocWrapper+0x37/0x40 [sgx] pages=2 vmalloc
0xf8bd4000-0xf8bd8000   16384 _VMallocWrapper+0x37/0x40 [sgx] pages=3 vmalloc
0xf8bd8000-0xf8bdb000   12288 _VMallocWrapper+0x37/0x40 [sgx] pages=2 vmalloc
0xf8bdb000-0xf8bdf000   16384 _VMallocWrapper+0x37/0x40 [sgx] pages=3 vmalloc
0xf8bdf000-0xf8be2000   12288 _VMallocWrapper+0x37/0x40 [sgx] pages=2 vmalloc
0xf8be9000-0xf8bed000   16384 _VMallocWrapper+0x37/0x40 [sgx] pages=3 vmalloc
0xf8c00000-0xf8cff000 1044480 binder_mmap+0x75/0x210 ioremap
0xf8d00000-0xf8dff000 1044480 binder_mmap+0x75/0x210 ioremap
0xf8e00000-0xf8eff000 1044480 binder_mmap+0x75/0x210 ioremap
0xf8f00000-0xf8fff000 1044480 binder_mmap+0x75/0x210 ioremap
0xf9000000-0xf90ff000 1044480 binder_mmap+0x75/0x210 ioremap
0xf9100000-0xf91ff000 1044480 binder_mmap+0x75/0x210 ioremap
0xf9200000-0xf92ff000 1044480 binder_mmap+0x75/0x210 ioremap
0xf9300000-0xf93ff000 1044480 binder_mmap+0x75/0x210 ioremap
0xf9500000-0xf95ff000 1044480 binder_mmap+0x75/0x210 ioremap
0xf9600000-0xf96ff000 1044480 binder_mmap+0x75/0x210 ioremap
0xf9700000-0xf97ff000 1044480 binder_mmap+0x75/0x210 ioremap
0xf988d000-0xf9925000  622592 module_alloc_update_bounds+0x18/0x60 pages=151 vmalloc
0xf9941000-0xf995a000  102400 module_alloc_update_bounds+0x18/0x60 pages=24 vmalloc
0xf9980000-0xf9d81000 4198400 pci_iomap+0x85/0xe0 phys=df800000 ioremap
0xf9d81000-0xf9fbf000 2351104 firmware_loading_store+0xaf/0x180
0xf9fbf000-0xf9fd2000   77824 atomisp_kernel_malloc+0x25/0x30 [atomisp] pages=18 vmalloc
0xfad00000-0xfadff000 1044480 binder_mmap+0x75/0x210 ioremap
0xfb100000-0xfb1ff000 1044480 binder_mmap+0x75/0x210 ioremap
0xfb900000-0xfb9ff000 1044480 binder_mmap+0x75/0x210 ioremap
0xfbb00000-0xfbbff000 1044480 binder_mmap+0x75/0x210 ioremap
0xfbc00000-0xfbcff000 1044480 binder_mmap+0x75/0x210 ioremap
0xfbe00000-0xfbeff000 1044480 binder_mmap+0x75/0x210 ioremap
0xfbf00000-0xfbfff000 1044480 binder_mmap+0x75/0x210 ioremap
0xfe3f5000-0xfe3f9000   16384 _VMallocWrapper+0x37/0x40 [sgx] pages=3 vmalloc
0xffbca000-0xffbfe000  212992 pcpu_get_vm_areas+0x0/0x4c0 vmalloc

------ SLAB INFO (/proc/slabinfo) ------
slabinfo - version: 2.1
# name            <active_objs> <num_objs> <objsize> <objperslab> <pagesperslab> : tunables <limit> <batchcount> <sharedfactor> : slabdata <active_slabs> <num_slabs> <sharedavail>
ext4_groupinfo_4k    117    117    104   39    1 : tunables    0    0    0 : slabdata      3      3      0
img-mmap            4451   5355     48   85    1 : tunables    0    0    0 : slabdata     63     63      0
UDPLITEv6              0      0    768   21    4 : tunables    0    0    0 : slabdata      0      0      0
UDPv6                 84     84    768   21    4 : tunables    0    0    0 : slabdata      4      4      0
tw_sock_TCPv6          0      0    192   21    1 : tunables    0    0    0 : slabdata      0      0      0
TCPv6                 92     92   1408   23    8 : tunables    0    0    0 : slabdata      4      4      0
nf_conntrack_expect      0      0    176   23    1 : tunables    0    0    0 : slabdata      0      0      0
nf_conntrack_c1cd9980    323    323    240   17    1 : tunables    0    0    0 : slabdata     19     19      0
dm_raid1_read_record      0      0   1056   31    8 : tunables    0    0    0 : slabdata      0      0      0
kcopyd_job             0      0   2344   13    8 : tunables    0    0    0 : slabdata      0      0      0
dm_uevent              0      0   2464   13    8 : tunables    0    0    0 : slabdata      0      0      0
bsg_cmd              112    112    288   28    2 : tunables    0    0    0 : slabdata      4      4      0
mqueue_inode_cache     16     16    512   16    2 : tunables    0    0    0 : slabdata      1      1      0
delayed_node           0      0    248   16    1 : tunables    0    0    0 : slabdata      0      0      0
extent_buffers         0      0    200   20    1 : tunables    0    0    0 : slabdata      0      0      0
btrfs_transaction_cache      0      0    184   22    1 : tunables    0    0    0 : slabdata      0      0      0
btrfs_inode_cache      0      0    632   25    4 : tunables    0    0    0 : slabdata      0      0      0
fuse_request          84     84    376   21    2 : tunables    0    0    0 : slabdata      4      4      0
fuse_inode           270    270    448   18    2 : tunables    0    0    0 : slabdata     15     15      0
isofs_inode_cache      0      0    360   22    2 : tunables    0    0    0 : slabdata      0      0      0
fat_inode_cache      480    480    400   20    2 : tunables    0    0    0 : slabdata     24     24      0
fat_cache            170    170     24  170    1 : tunables    0    0    0 : slabdata      1      1      0
hugetlbfs_inode_cache     24     24    328   24    2 : tunables    0    0    0 : slabdata      1      1      0
jbd2_transaction_s     84     84    192   21    1 : tunables    0    0    0 : slabdata      4      4      0
jbd2_journal_handle    680    680     24  170    1 : tunables    0    0    0 : slabdata      4      4      0
jbd2_journal_head    256    256     64   64    1 : tunables    0    0    0 : slabdata      4      4      0
jbd2_revoke_table_s    768    768     16  256    1 : tunables    0    0    0 : slabdata      3      3      0
jbd2_revoke_record_s    128    128     32  128    1 : tunables    0    0    0 : slabdata      1      1      0
ext4_inode_cache    2918   2968    568   28    4 : tunables    0    0    0 : slabdata    106    106      0
ext4_xattr             0      0     48   85    1 : tunables    0    0    0 : slabdata      0      0      0
ext4_free_data       408    408     40  102    1 : tunables    0    0    0 : slabdata      4      4      0
ext4_allocation_context    144    144    112   36    1 : tunables    0    0    0 : slabdata      4      4      0
ext4_prealloc_space    224    224     72   56    1 : tunables    0    0    0 : slabdata      4      4      0
ext4_io_end          112    112    576   28    4 : tunables    0    0    0 : slabdata      4      4      0
ext4_io_page        3072   3072      8  512    1 : tunables    0    0    0 : slabdata      6      6      0
fsnotify_mark          0      0     72   56    1 : tunables    0    0    0 : slabdata      0      0      0
posix_timers_cache      0      0    120   34    1 : tunables    0    0    0 : slabdata      0      0      0
UDP-Lite               0      0    640   25    4 : tunables    0    0    0 : slabdata      0      0      0
xfrm_dst_cache         0      0    320   25    2 : tunables    0    0    0 : slabdata      0      0      0
RAW                  504    504    576   28    4 : tunables    0    0    0 : slabdata     18     18      0
UDP                  100    100    640   25    4 : tunables    0    0    0 : slabdata      4      4      0
tw_sock_TCP            0      0    128   32    1 : tunables    0    0    0 : slabdata      0      0      0
TCP                   75     75   1280   25    8 : tunables    0    0    0 : slabdata      3      3      0
eventpoll_pwq        408    408     40  102    1 : tunables    0    0    0 : slabdata      4      4      0
blkdev_queue          84     84   1152   28    8 : tunables    0    0    0 : slabdata      3      3      0
blkdev_requests      442    442    232   17    1 : tunables    0    0    0 : slabdata     26     26      0
blkdev_ioc          5452   5913     56   73    1 : tunables    0    0    0 : slabdata     81     81      0
biovec-256            10     10   3072   10    8 : tunables    0    0    0 : slabdata      1      1      0
biovec-128           168    168   1536   21    8 : tunables    0    0    0 : slabdata      8      8      0
biovec-64            105    105    768   21    4 : tunables    0    0    0 : slabdata      5      5      0
sock_inode_cache     483    483    384   21    2 : tunables    0    0    0 : slabdata     23     23      0
skbuff_fclone_cache     84     84    384   21    2 : tunables    0    0    0 : slabdata      4      4      0
file_lock_cache      144    144    112   36    1 : tunables    0    0    0 : slabdata      4      4      0
shmem_inode_cache    704    704    360   22    2 : tunables    0    0    0 : slabdata     32     32      0
task_delay_info     1632   1632     80   51    1 : tunables    0    0    0 : slabdata     32     32      0
taskstats             96     96    328   24    2 : tunables    0    0    0 : slabdata      4      4      0
proc_inode_cache    6292   6292    360   22    2 : tunables    0    0    0 : slabdata    286    286      0
sigqueue             112    112    144   28    1 : tunables    0    0    0 : slabdata      4      4      0
bdev_cache            64     64    512   16    2 : tunables    0    0    0 : slabdata      4      4      0
inode_cache         8736   8736    328   24    2 : tunables    0    0    0 : slabdata    364    364      0
dentry             18112  18112    128   32    1 : tunables    0    0    0 : slabdata    566    566      0
buffer_head         4031   4380     56   73    1 : tunables    0    0    0 : slabdata     60     60      0
vm_area_struct     18634  20424     88   46    1 : tunables    0    0    0 : slabdata    444    444      0
mm_struct            126    126    448   18    2 : tunables    0    0    0 : slabdata      7      7      0
signal_cache         225    225    640   25    4 : tunables    0    0    0 : slabdata      9      9      0
sighand_cache        264    264   1344   24    8 : tunables    0    0    0 : slabdata     11     11      0
task_struct          885   1032   1360   24    8 : tunables    0    0    0 : slabdata     43     43      0
anon_vma_chain     19156  21590     24  170    1 : tunables    0    0    0 : slabdata    127    127      0
anon_vma            9850  11832     40  102    1 : tunables    0    0    0 : slabdata    116    116      0
kmemleak_scan_area      0      0     16  256    1 : tunables    0    0    0 : slabdata      0      0      0
kmemleak_object        0      0    176   23    1 : tunables    0    0    0 : slabdata      0      0      0
radix_tree_node     2136   2522    304   26    2 : tunables    0    0    0 : slabdata     97     97      0
idr_layer_cache      780    780    152   26    1 : tunables    0    0    0 : slabdata     30     30      0
dma-kmalloc-8192       0      0   8192    4    8 : tunables    0    0    0 : slabdata      0      0      0
dma-kmalloc-4096       0      0   4096    8    8 : tunables    0    0    0 : slabdata      0      0      0
dma-kmalloc-2048       0      0   2048   16    8 : tunables    0    0    0 : slabdata      0      0      0
dma-kmalloc-1024       0      0   1024   16    4 : tunables    0    0    0 : slabdata      0      0      0
dma-kmalloc-512        0      0    512   16    2 : tunables    0    0    0 : slabdata      0      0      0
dma-kmalloc-256        0      0    256   16    1 : tunables    0    0    0 : slabdata      0      0      0
dma-kmalloc-128        0      0    128   32    1 : tunables    0    0    0 : slabdata      0      0      0
dma-kmalloc-64         0      0     64   64    1 : tunables    0    0    0 : slabdata      0      0      0
dma-kmalloc-32         0      0     32  128    1 : tunables    0    0    0 : slabdata      0      0      0
dma-kmalloc-16         0      0     16  256    1 : tunables    0    0    0 : slabdata      0      0      0
dma-kmalloc-8          0      0      8  512    1 : tunables    0    0    0 : slabdata      0      0      0
dma-kmalloc-192        0      0    192   21    1 : tunables    0    0    0 : slabdata      0      0      0
dma-kmalloc-96         0      0     96   42    1 : tunables    0    0    0 : slabdata      0      0      0
kmalloc-8192          32     32   8192    4    8 : tunables    0    0    0 : slabdata      8      8      0
kmalloc-4096         157    176   4096    8    8 : tunables    0    0    0 : slabdata     22     22      0
kmalloc-2048         272    272   2048   16    8 : tunables    0    0    0 : slabdata     17     17      0
kmalloc-1024         582    656   1024   16    4 : tunables    0    0    0 : slabdata     41     41      0
kmalloc-512         1888   2064    512   16    2 : tunables    0    0    0 : slabdata    129    129      0
kmalloc-256         1269   1440    256   16    1 : tunables    0    0    0 : slabdata     90     90      0
kmalloc-128         2023   2144    128   32    1 : tunables    0    0    0 : slabdata     67     67      0
kmalloc-64         25764  26880     64   64    1 : tunables    0    0    0 : slabdata    420    420      0
kmalloc-32         27329  29696     32  128    1 : tunables    0    0    0 : slabdata    232    232      0
kmalloc-16         15978  20480     16  256    1 : tunables    0    0    0 : slabdata     80     80      0
kmalloc-8           9728   9728      8  512    1 : tunables    0    0    0 : slabdata     19     19      0
kmalloc-192         4564   5313    192   21    1 : tunables    0    0    0 : slabdata    253    253      0
kmalloc-96          7740   8442     96   42    1 : tunables    0    0    0 : slabdata    201    201      0
kmem_cache            32     32    128   32    1 : tunables    0    0    0 : slabdata      1      1      0
kmem_cache_node      384    384     32  128    1 : tunables    0    0    0 : slabdata      3      3      0

------ ZONEINFO (/proc/zoneinfo) ------
Node 0, zone      DMA
  pages free     1023
        min      13
        low      16
        high     19
        scanned  0
        spanned  4080
        present  3176
    nr_free_pages 1023
    nr_inactive_anon 0
    nr_active_anon 518
    nr_inactive_file 542
    nr_active_file 748
    nr_unevictable 0
    nr_mlock     0
    nr_anon_pages 518
    nr_mapped    592
    nr_file_pages 1290
    nr_dirty     0
    nr_writeback 0
    nr_slab_reclaimable 0
    nr_slab_unreclaimable 0
    nr_page_table_pages 0
    nr_kernel_stack 0
    nr_unstable  0
    nr_bounce    0
    nr_vmscan_write 0
    nr_vmscan_immediate_reclaim 0
    nr_writeback_temp 0
    nr_isolated_anon 0
    nr_isolated_file 0
    nr_shmem     0
    nr_dirtied   55
    nr_written   54
    nr_anon_transparent_hugepages 0
        protection: (0, 817, 973, 973)
  pagesets
    cpu: 0
              count: 0
              high:  0
              batch: 1
  vm stats threshold: 6
    cpu: 1
              count: 0
              high:  0
              batch: 1
  vm stats threshold: 6
    cpu: 2
              count: 0
              high:  0
              batch: 1
  vm stats threshold: 6
    cpu: 3
              count: 0
              high:  0
              batch: 1
  vm stats threshold: 6
  all_unreclaimable: 0
  start_pfn:         16
  inactive_ratio:    1
Node 0, zone   Normal
  pages free     7405
        min      907
        low      1133
        high     1360
        scanned  0
        spanned  210942
        present  209294
    nr_free_pages 7405
    nr_inactive_anon 13
    nr_active_anon 75697
    nr_inactive_file 17542
    nr_active_file 13918
    nr_unevictable 2
    nr_mlock     2
    nr_anon_pages 75686
    nr_mapped    62847
    nr_file_pages 31476
    nr_dirty     0
    nr_writeback 0
    nr_slab_reclaimable 2700
    nr_slab_unreclaimable 4003
    nr_page_table_pages 2595
    nr_kernel_stack 764
    nr_unstable  0
    nr_bounce    0
    nr_vmscan_write 0
    nr_vmscan_immediate_reclaim 0
    nr_writeback_temp 0
    nr_isolated_anon 0
    nr_isolated_file 0
    nr_shmem     16
    nr_dirtied   11462
    nr_written   11419
    nr_anon_transparent_hugepages 0
        protection: (0, 0, 1245, 1245)
  pagesets
    cpu: 0
              count: 163
              high:  186
              batch: 31
  vm stats threshold: 24
    cpu: 1
              count: 178
              high:  186
              batch: 31
  vm stats threshold: 24
    cpu: 2
              count: 156
              high:  186
              batch: 31
  vm stats threshold: 24
    cpu: 3
              count: 144
              high:  186
              batch: 31
  vm stats threshold: 24
  all_unreclaimable: 0
  start_pfn:         4096
  inactive_ratio:    1
Node 0, zone  HighMem
  pages free     452
        min      38
        low      81
        high     124
        scanned  0
        spanned  42753
        present  39844
    nr_free_pages 452
    nr_inactive_anon 9
    nr_active_anon 21815
    nr_inactive_file 3330
    nr_active_file 5014
    nr_unevictable 1474
    nr_mlock     0
    nr_anon_pages 21821
    nr_mapped    10136
    nr_file_pages 9841
    nr_dirty     2
    nr_writeback 0
    nr_slab_reclaimable 0
    nr_slab_unreclaimable 0
    nr_page_table_pages 0
    nr_kernel_stack 0
    nr_unstable  0
    nr_bounce    0
    nr_vmscan_write 0
    nr_vmscan_immediate_reclaim 0
    nr_writeback_temp 0
    nr_isolated_anon 0
    nr_isolated_file 0
    nr_shmem     17
    nr_dirtied   1884
    nr_written   1795
    nr_anon_transparent_hugepages 0
        protection: (0, 0, 0, 0)
  pagesets
    cpu: 0
              count: 14
              high:  42
              batch: 7
  vm stats threshold: 12
    cpu: 1
              count: 8
              high:  42
              batch: 7
  vm stats threshold: 12
    cpu: 2
              count: 39
              high:  42
              batch: 7
  vm stats threshold: 12
    cpu: 3
              count: 0
              high:  42
              batch: 7
  vm stats threshold: 12
  all_unreclaimable: 0
  start_pfn:         215038
  inactive_ratio:    1

------ PAGETYPEINFO (/proc/pagetypeinfo) ------
Page block order: 9
Pages per block:  512

Free pages count per migrate type at order       0      1      2      3      4      5      6      7      8      9     10 
Node    0, zone      DMA, type    Unmovable      2      0      1      8      9      5      1      0      0      0      0 
Node    0, zone      DMA, type  Reclaimable      0      0      0      0      0      0      0      0      0      0      0 
Node    0, zone      DMA, type      Movable     17      4      2      1      0      1      0      0      0      0      0 
Node    0, zone      DMA, type      Reserve      0      0      0      0      0      0      0      0      0      1      0 
Node    0, zone      DMA, type      Isolate      0      0      0      0      0      0      0      0      0      0      0 
Node    0, zone   Normal, type    Unmovable    757    235    150     41      2      0      0      0      0      0      0 
Node    0, zone   Normal, type  Reclaimable      0      1      3      1      0      0      0      0      0      0      0 
Node    0, zone   Normal, type      Movable   2330    315    135     57     15      0      0      0      0      0      0 
Node    0, zone   Normal, type      Reserve      2      1      1      0      0      1      1      1      1      1      0 
Node    0, zone   Normal, type      Isolate      0      0      0      0      0      0      0      0      0      0      0 
Node    0, zone  HighMem, type    Unmovable     42      3      0      0      0      0      0      0      0      0      0 
Node    0, zone  HighMem, type  Reclaimable      0      0      0      0      0      0      0      0      0      0      0 
Node    0, zone  HighMem, type      Movable    299      8      0      0      0      0      0      0      0      0      0 
Node    0, zone  HighMem, type      Reserve     27     14      3      1      0      0      0      0      0      0      0 
Node    0, zone  HighMem, type      Isolate      0      0      0      0      0      0      0      0      0      0      0 

Number of blocks type     Unmovable  Reclaimable      Movable      Reserve      Isolate 
Node 0, zone      DMA            2            0            5            1            0 
Node 0, zone   Normal          171            4          235            2            0 
Node 0, zone  HighMem           14            0           69            1            0 

------ BUDDYINFO (/proc/buddyinfo) ------
Node 0, zone      DMA     19      4      3      9      9      6      1      0      0      1      0 
Node 0, zone   Normal   3089    552    289     99     17      1      1      1      1      1      0 
Node 0, zone  HighMem    368     25      3      1      0      0      0      0      0      0      0 

------ FRAGMENTATION INFO (/d/extfrag/unusable_index) ------
*** /d/extfrag/unusable_index: No such file or directory

------ PMUSTATES (/sys/kernel/debug/mid_pmu_states) ------
TARGET_CFG: SSS0:300FFFCF SSS1:30C00F30 SSS2:000C03FC SSS3:000003C0 
CONDITION FOR S0I3: SSS0:300F5ECF SSS1:30C00F30 SSS2:000403FC SSS3:000003C0 
SSS: 300F4ECF 30C00FF0 000003FC 000033CC display not suspended: blocking s0ix
cmd_error_int count: 0
	count	sybsys_pow	s0ix_miss	no_ack_c6	time (secs)	last_entry	first_entry	residency(%)
s0i1	    0	         0	        0	        0	    0.000000	    0.000000	    0.000000	    0.000
lpmp3	    0	         0	        0	        0	    0.000000	    0.000000	    0.000000	    0.000
s0i3	    0	         0	        0	        0	    0.000000	    0.000000	    0.000000	    0.000
s3	    0	         0	        0	        0	    0.000000	    0.000000	    0.000000	    0.000
pci 8086 08E0 0000:00:00.1                  pci: lss:24 reg:1mask:00030000 wk:00:00:00:000 D0  
pci 8086 08E1 0000:00:00.2           dw_spi_pci: lss:18 reg:1mask:00000030 wk:00:00:00:000 D0i3  
pci 8086 08E2 0000:00:00.3   i2c-designware-pci: lss:20 reg:1mask:00000300 wk:00:00:00:000 D0i3  
pci 8086 08E3 0000:00:00.4   i2c-designware-pci: lss:21 reg:1mask:00000C00 wk:00:00:00:000 D0i3  
pci 8086 08E4 0000:00:00.5   i2c-designware-pci: lss:27 reg:1mask:00C00000 wk:00:00:00:000 D0i3  
pci 8086 08E5 0000:00:01.0            sdhci-pci: lss:01 reg:0mask:0000000C wk:00:00:00:000 D0i3  
pci 8086 08E7 0000:00:01.3     intel_sst_driver: lss:08 reg:0mask:00030000 wk:00:00:00:000 D0i3  
pci 8086 08E8 0000:00:01.4       I2S SSP Driver: lss:52 reg:3mask:00000300 wk:00:00:00:000 D0i3  
pci 8086 08E9 0000:00:01.5       sep_sec_driver: lss:04 reg:0mask:00000300 wk:00:00:00:000 D0i2  
pci 8086 08C8 0000:00:02.0             pvrsrvkm:                                           blocking s0ix
                                           |------->             GFX                   D0i3
                                           |------->   Video Decoder                   D0i3
                                           |------->   Video Encoder                   D0i3
                                           |------->       GL3 Cache                   D0i3
                                           |------->       Display A                   D0
                                           |------->       Display B                   D0i3
                                           |------->       Display C                   D0i3
                                           |------->        MIPI-DSI                   D0
pci 8086 08EB 0000:00:02.1        langwell_gpio: lss:39 reg:2mask:0000C000 wk:00:00:00:000 D0  
pci 8086 E006 0000:00:02.3          penwell_otg: lss:06 reg:0mask:00003000 wk:00:00:00:000 D0  blocking s0ix
pci 8086 08EE 0000:00:02.4           dw_spi_pci: lss:19 reg:1mask:000000C0 wk:00:00:00:000 D0i3  
pci 8086 08EF 0000:00:02.5        Intel MID DMA: lss:54 reg:3mask:00003000 wk:00:00:00:000 D0i3  
pci 8086 08F0 0000:00:02.6        Intel MID DMA: lss:09 reg:0mask:000C0000 wk:00:00:00:000 D0i3  
pci 8086 08F1 0000:00:02.7       I2S SSP Driver: lss:51 reg:3mask:000000C0 wk:00:00:00:000 D0i3  
pci 8086 08D0 0000:00:03.0              atomisp:                                           
                                           |------->             ISP                   D0i3
                                           |------->       Iunit PHY                   D0i3
pci 8086 08F4 0000:00:03.2   i2c-designware-pci: lss:33 reg:2mask:0000000C wk:00:00:00:000 D0i3  
pci 8086 08F5 0000:00:03.3   i2c-designware-pci: lss:34 reg:2mask:00000030 wk:00:00:00:000 D0i3  
pci 8086 08F6 0000:00:03.4   i2c-designware-pci: lss:35 reg:2mask:000000C0 wk:00:00:00:000 D0i3  
pci 8086 08F7 0000:00:03.5        langwell_gpio: lss:37 reg:2mask:00000C00 wk:00:00:00:000 D0  
pci 8086 08F9 0000:00:04.0            sdhci-pci: lss:00 reg:0mask:00000003 wk:00:00:00:000 D0i3  
pci 8086 08FA 0000:00:04.1            sdhci-pci: lss:30 reg:1mask:30000000 wk:00:00:00:000 D0i3  
pci 8086 08FC 0000:00:05.0           HSU serial: lss:41 reg:2mask:000C0000 wk:00:00:00:000 D0  blocking s0ix
pci 8086 08FD 0000:00:05.1           HSU serial: lss:41 reg:2mask:000C0000 wk:00:00:00:000 D0  blocking s0ix
pci 8086 08FE 0000:00:05.2           HSU serial: lss:41 reg:2mask:000C0000 wk:00:00:00:000 D0  blocking s0ix
pci 8086 0902 0000:00:06.3            intel_hsi: lss:03 reg:0mask:000000C0 wk:00:00:00:000 D0i3  
pci 8086 08F2 0000:00:06.5                  pci: lss:07 reg:0mask:0000C000 wk:00:00:00:000 D0i1  
pci 8086 0905 0000:00:06.6                  pci: lss:49 reg:3mask:0000000C wk:00:00:00:000 D0i3  

------ KERNEL WAKELOCKS (/proc/wakelocks) ------
*** /proc/wakelocks: No such file or directory

------ KERNEL WAKE SOURCES (/d/wakeup_sources: 2014-01-07 07:50:34) ------
name		active_count	event_count	wakeup_count	expire_count	active_since	total_time	max_time	last_change	prevent_suspend_time
AudioInLock 	7		7		0		0		0		10398		4806		399885		0
codec_offload_hal	4		4		0		0		0		163062		97136		439583		0
AudioOutLock	12		12		0		0		0		230018		63185		538766		0
event4-425  	0		0		0		0		0		0		0		13843		0
event5-425  	0		0		0		0		0		0		0		13837		0
event2-425  	0		0		0		0		0		0		0		13831		0
event3-425  	0		0		0		0		0		0		0		13825		0
KeyEvents   	27		27		0		0		0		482		477		573590		0
PowerManagerService	1		1		0		0		567473		567473		567473		10988		0
ApmCommand  	725		851		0		0		0		24554		238		535699		0
wlan_wd_wake	810		810		0		0		0		70664		1070		577701		0
wlan_ctrl_wake	4		415		0		4		0		11335		4384		281580		0
wlan_rx_wake	45		879		0		45		0		102357		17382		569580		0
wlan_wake   	4104		4104		0		0		0		9591		581		577642		0
MMGR        	26		26		0		0		0		6020		6015		381014		0
BTLowPower  	1		2		0		1		0		1555		1555		114690		0
jack_detect 	1		1		0		1		0		347		347		2490		0
mmc2_detect 	2		3		0		1		0		1279		809		7360		0
mmc1_detect 	1		2		0		1		0		777		777		2380		0
psb_wakelock	63		55182		0		62		693		501800		368505		577769		0
mmc0_detect 	1		2		0		1		0		620		620		1930		0
smb347-usb  	13		13		0		0		0		3		0		544662		0
smb347-mains	13		13		0		0		0		2		0		544662		0
smb347_wakelock	2		2		0		0		572335		572355		572335		6126		0
max17047_battery	15		15		0		0		0		117		13		544711		0
rtc_mrst    	0		0		0		0		0		0		0		1190		0
alarm       	109		109		0		0		0		340		78		567672		0
alarm_rtc   	0		0		0		0		0		0		0		1190		0
0000:00:02.3	1		1		0		0		577112		577112		577112		1350		0
ehci_wake_lock	0		0		0		0		0		0		0		1190		0
pnw_wake_lock	0		0		0		0		0		0		0		1030		0
hsi_wakelock	22		22		0		0		0		5111		3482		381070		0
intel_scu_watchdog	9		9		0		0		0		26		7		476711		0
intel_scu_ipc	1739		1739		0		0		0		188		4		574542		0
mid_pmu     	0		0		0		0		0		0		0		250		0
early_suspend	0		0		0		0		0		0		0		190		0

------ KERNEL CPUFREQ (/sys/devices/system/cpu/cpu0/cpufreq/stats/time_in_state) ------
1200000 35615
933000 2
800000 22062

------ KERNEL SYNC (/d/sync) ------
*** /d/sync: No such file or directory

------ PROCESSES (ps -P) ------
USER     PID   PPID  VSIZE  RSS    PCY  WCHAN    PC         NAME
root      1     0     808    592       c1327c9e 08059132 S /init
root      2     0     0      0         c1259d94 00000000 S kthreadd
root      3     2     0      0         c124160d 00000000 S ksoftirqd/0
root      4     2     0      0         c12557ff 00000000 S kworker/0:0
root      5     2     0      0         c12557ff 00000000 S kworker/u:0
root      6     2     0      0         c129ca8c 00000000 S migration/0
root      7     2     0      0         c129daba 00000000 S watchdog/0
root      8     2     0      0         c12557ff 00000000 S kworker/0:1
root      9     2     0      0         c129ca8c 00000000 S migration/1
root      11    2     0      0         c124160d 00000000 S ksoftirqd/1
root      12    2     0      0         c129daba 00000000 S watchdog/1
root      13    2     0      0         c129ca8c 00000000 S migration/2
root      15    2     0      0         c124160d 00000000 S ksoftirqd/2
root      16    2     0      0         c129daba 00000000 S watchdog/2
root      17    2     0      0         c129ca8c 00000000 S migration/3
root      18    2     0      0         c12557ff 00000000 S kworker/3:0
root      19    2     0      0         c124160d 00000000 S ksoftirqd/3
root      20    2     0      0         c129daba 00000000 S watchdog/3
root      21    2     0      0         c125509d 00000000 S cpuset
root      22    2     0      0         c125509d 00000000 S khelper
root      23    2     0      0         c12efe37 00000000 S sync_supers
root      24    2     0      0         c12f094c 00000000 S bdi-default
root      25    2     0      0         c125509d 00000000 S kblockd
root      26    2     0      0         c125509d 00000000 S ata_sff
root      27    2     0      0         c164ce89 00000000 S khubd
root      28    2     0      0         c125509d 00000000 S md
root      29    2     0      0         c12557ff 00000000 S kworker/1:1
root      30    2     0      0         c1725d75 00000000 S cfinteractive
root      31    2     0      0         c125509d 00000000 S msic_adc
root      32    2     0      0         c129e9e1 00000000 S irq/16-msic_adc
root      33    2     0      0         c12557ff 00000000 S kworker/u:1
root      37    2     0      0         c129d583 00000000 S khungtaskd
root      38    2     0      0         c12557ff 00000000 S kworker/u:2
root      39    2     0      0         c12e65f5 00000000 S kswapd0
root      40    2     0      0         c1308caa 00000000 S ksmd
root      41    2     0      0         c134f007 00000000 S fsnotify_mark
root      42    2     0      0         c125509d 00000000 S crypto
root      54    2     0      0         c125509d 00000000 S kthrotld
root      55    2     0      0         c129e9e1 00000000 S irq/5-fw_loggin
root      56    2     0      0         c125509d 00000000 S 0000:00:00.2
root      57    2     0      0         c125509d 00000000 S 0000:00:02.4
root      64    2     0      0         c125509d 00000000 S penwell_otg_que
root      65    2     0      0         c125509d 00000000 S penwell_otg_chr
root      66    2     0      0         c125509d 00000000 S kpsmoused
root      67    2     0      0         c12557ff 00000000 S kworker/0:2
root      68    2     0      0         c129e9e1 00000000 S irq/36-msic_vdd
root      70    2     0      0         c125509d 00000000 S binder
root      73    2     0      0         c12557ff 00000000 S kworker/2:2
root      74    2     0      0         c129e9e1 00000000 S irq/349-smb347
root      80    2     0      0         c173d867 00000000 S mmcqd/0
root      81    2     0      0         c173d867 00000000 S mmcqd/0boot0
root      82    2     0      0         c173d867 00000000 S mmcqd/0boot1
root      83    2     0      0         c173d867 00000000 S mmcqd/0rpmb
root      84    2     0      0         c173d867 00000000 S mmcqd/0gp0
root      85    2     0      0         c125509d 00000000 S sep_sec-ewq
root      86    2     0      0         c125509d 00000000 S ttm_swap
root      87    2     0      0         c179cf59 00000000 S dsi_esd
root      88    2     0      0         c125509d 00000000 S HDCP_WQ
root      89    2     0      0         c125509d 00000000 S lsm303d_workque
root      90    2     0      0         c129e9e1 00000000 S irq/299-Clovert
root      91    2     0      0         c125509d 00000000 S mdm_ctrl-cs_wq
root      92    2     0      0         c125509d 00000000 S mdm_ctrl-hu_wq
root      93    2     0      0         c125509d 00000000 S ssp_transfer_da
root      94    2     0      0         c129e9e1 00000000 S irq/66-i2s ssp
root      95    2     0      0         c125509d 00000000 S ifx_transfer_da
root      96    2     0      0         c129e9e1 00000000 S irq/65-i2s ssp
root      97    2     0      0         c125509d 00000000 S sst_mad_wq
root      98    2     0      0         c125509d 00000000 S sst_post_msg_wq
root      99    2     0      0         c125509d 00000000 S sst_process_msg
root      100   2     0      0         c125509d 00000000 S sst_proces_repl
root      101   2     0      0         c125509d 00000000 S ssp_transfer_da
root      102   2     0      0         c129e9e1 00000000 S irq/30-intel_ss
root      103   2     0      0         c125509d 00000000 S deferwq
root      104   2     0      0         c125509d 00000000 S f_mtp
root      105   2     0      0         c168d2a5 00000000 S file-storage
root      106   2     0      0         c129e9e1 00000000 S irq/319-apds990
root      107   2     0      0         c125509d 00000000 S goodix_wq
root      108   2     0      0         c129e9e1 00000000 S irq/67-msic_pow
root      109   2     0      0         c129e9e1 00000000 S irq/318-ft5x06_
root      110   2     0      0         c173d867 00000000 S mmcqd/1
root      111   1     3944   3524      c1327c9e 08059132 S /sbin/ueventd
root      112   2     0      0         c125509d 00000000 S pvr_timer
root      114   2     0      0         c13bbd8c 00000000 S jbd2/mmcblk0p3-
root      115   2     0      0         c125509d 00000000 S ext4-dio-unwrit
root      116   2     0      0         c13bbd8c 00000000 S jbd2/mmcblk0p8-
root      117   2     0      0         c125509d 00000000 S ext4-dio-unwrit
root      120   2     0      0         c133c20d 00000000 S flush-179:0
root      122   2     0      0         c13bbd8c 00000000 S jbd2/mmcblk0p6-
root      123   2     0      0         c125509d 00000000 S ext4-dio-unwrit
root      124   2     0      0         c13bbd8c 00000000 S jbd2/mmcblk0p5-
root      125   2     0      0         c125509d 00000000 S ext4-dio-unwrit
root      129   2     0      0         c13bbd8c 00000000 S jbd2/mmcblk0p9-
root      130   2     0      0         c125509d 00000000 S ext4-dio-unwrit
root      131   2     0      0         c13bbd8c 00000000 S jbd2/mmcblk0p7-
root      132   2     0      0         c125509d 00000000 S ext4-dio-unwrit
root      135   2     0      0         c129e9e1 00000000 S irq/350-max170x
system    136   1     1616   444       c176dce8 4006dae2 S /system/bin/servicemanager
root      137   1     5824   548       ffffffff 40098709 S /system/bin/vold
system    139   1     416    4         c1327c9e 08048c94 S /ia_watchdogd
system    140   1     2840   548       c13533d1 4015624f S /system/bin/mmgr
root      141   1     11260  848       ffffffff 400f9709 S /system/bin/netd
root      142   1     1924   832       c1827c7c 40073b9b S /system/bin/debuggerd
root      143   1     501704 40260     ffffffff 4006cca4 S zygote
install   144   1     1708   444       c18bd73b 400766ee S /system/bin/installd
keystore  145   1     3484   728       c1827c7c 40074b9b S /system/bin/keystore
drm       146   1     21148  2544  fg  ffffffff 40166ae2 S /system/bin/drmserver
media     147   1     79452  14540 fg  ffffffff 400fcae2 S /system/bin/mediaserver
radio     149   1     25852  636       ffffffff 4006d709 S /system/bin/rild
gps       150   1     16524  1740      ffffffff 4063dca4 S /system/bin/gpsd
root      151   2     0      0         c125509d 00000000 S cfg80211
root      154   2     0      0         c125509d 00000000 S pvr_workqueue
gps       162   150   3232   480       ffffffff 4007bca4 S /system/bin/gpslogd
media_rw  257   1     3048   464       ffffffff 400606ee S /system/bin/sdcard
root      258   1     6476   644       ffffffff 402f1fdb S /system/bin/crashlogd
root      259   1     1644   364       c150c964 400606ee S /system/bin/sh
root      261   1     2984   1624      c1327c9e 40068ca4 S /system/bin/logcat
root      329   2     0      0         c12557ff 00000000 S kworker/1:3
root      413   2     0      0         c125f7e6 00000000 S dhd_cfg80211_ev
root      414   2     0      0         c125f7e6 00000000 S dhd_watchdog
root      415   2     0      0         c125f7e6 00000000 S dhd_dpc
root      416   2     0      0         c125f7e6 00000000 S dhd_sysioc
root      421   2     0      0         c12557ff 00000000 S kworker/3:3
system    425   143   711392 92580 fg  ffffffff 4006cae2 S system_server
u0_a59    535   143   557192 81952 fg  ffffffff 4006e24f S com.android.systemui
u0_a18    596   143   569240 73304 bg  ffffffff 4006e24f S android.process.media
u0_a34    610   143   1033792 84340 fg  ffffffff 4006e24f S com.google.android.inputmethod.latin
radio     630   143   557308 70708 fg  ffffffff 4006e24f S com.android.phone
system    637   143   510232 35276 fg  ffffffff 4006e24f S com.intel.security.service
u0_a43    654   143   510168 35316 fg  ffffffff 4006e24f S com.android.musicfx
u0_a35    684   143   558616 74380 bg  ffffffff 4006e24f S com.android.launcher
u0_a12    727   143   537304 42128 bg  ffffffff 4006e24f S com.google.process.location
u0_a22    762   143   510032 35260 bg  ffffffff 4006e24f S com.android.location.fused
u0_a12    786   143   550552 46860 bg  ffffffff 4006e24f S com.google.process.gapps
u0_a67    799   143   510008 34964 fg  ffffffff 4006e24f S com.android.smspush
root      863   2     0      0         c129e9e1 00000000 S irq/94-isp_irq
u0_a42    971   143   543808 49748 bg  ffffffff 4006e24f S com.google.android.music:main
root      1527  1     3740   228       ffffffff 080604d8 S /sbin/adbd
root      1604  2     0      0         c12557ff 00000000 S kworker/2:3
bluetooth 1961  143   536656 40744 fg  ffffffff 4006e24f S com.android.bluetooth
radio     1974  143   513176 35376 fg  ffffffff 4006e24f S com.android.internal.telephony.CwsMMGRService
wifi      5147  1     5248   1048      c1327c9e 40060ca4 S /system/bin/wpa_supplicant
log       5346  1     1452   416       c150c964 400606ee S /system/bin/logwrapper
dhcp      5348  5346  1864   620       c1327c9e 40062302 S /system/bin/dhcpcd
root      5732  2     0      0         c12557ff 00000000 S kworker/0:3
root      5733  2     0      0         c12557ff 00000000 S kworker/0:4
root      6303  2     0      0         c133c20d 00000000 S flush-0:20
root      6735  2     0      0         c12557ff 00000000 S kworker/2:0
root      6794  2     0      0         c12557ff 00000000 S kworker/u:3
system    6814  143   511172 34976 bg  ffffffff 4006e24f S com.intel.amtl
u0_a61    6892  143   1056004 93420 bg  ffffffff 4006e24f S com.google.android.googlequicksearchbox
u0_a16    7098  143   555616 81532 fg  ffffffff 4006e24f S com.google.android.deskclock
root      7126  2     0      0         c12557ff 00000000 S kworker/3:1
root      7132  2     0      0         c12557ff 00000000 S kworker/0:5
u0_a1     7175  143   521952 47172 bg  ffffffff 4006e24f S android.process.acore
u0_a1     7195  143   557676 81692 bg  ffffffff 4006e24f S com.android.contacts
u0_a41    7327  143   554288 72652 bg  ffffffff 4006e24f S com.android.mms
system    7366  143   555132 74972 bg  ffffffff 4006e24f S com.android.settings
root      7392  2     0      0         c12557ff 00000000 S kworker/1:0
u0_a38    7411  143   557800 70892 bg  ffffffff 4006e24f S com.google.android.apps.magazines
u0_a12    7435  143   547568 68732 fg  ffffffff 4006e24f S com.google.android.gsf.login
u0_a53    7453  143   998108 60252 bg  ffffffff 4006e24f S com.google.android.apps.plus
root      7508  2     0      0         c12557ff 00000000 S kworker/2:1
root      7519  258   1632   640       c12026f8 400619f2 S sh
root      7520  1     1636   740       c12026f8 400619f2 S /system/bin/sh
root      7521  7519  447760 19492     ffffffff 4006a46d S app_process
shell     7537  7520  1728   712       c125ee29 40069709 S /system/bin/dumpstate
shell     7545  7537  2020   616       00000000 400686ee R ps
[ps: 0.1s elapsed]

------ PROCESSES AND THREADS (ps -t -p -P) ------
USER     PID   PPID  VSIZE  RSS   PRIO  NICE  RTPRI SCHED  PCY  WCHAN    PC         NAME
root      1     0     808    592   20    0     0     0         c1327c9e 08059132 S /init
root      2     0     0      0     20    0     0     0         c1259d94 00000000 S kthreadd
root      3     2     0      0     20    0     0     0         c124160d 00000000 S ksoftirqd/0
root      4     2     0      0     20    0     0     0         c12557ff 00000000 S kworker/0:0
root      5     2     0      0     20    0     0     0         c12557ff 00000000 S kworker/u:0
root      6     2     0      0     -100  0     99    1         c129ca8c 00000000 S migration/0
root      7     2     0      0     -100  0     99    1         c129daba 00000000 S watchdog/0
root      8     2     0      0     20    0     0     0         c12557ff 00000000 S kworker/0:1
root      9     2     0      0     -100  0     99    1         c129ca8c 00000000 S migration/1
root      11    2     0      0     20    0     0     0         c124160d 00000000 S ksoftirqd/1
root      12    2     0      0     -100  0     99    1         c129daba 00000000 S watchdog/1
root      13    2     0      0     -100  0     99    1         c129ca8c 00000000 S migration/2
root      15    2     0      0     20    0     0     0         c124160d 00000000 S ksoftirqd/2
root      16    2     0      0     -100  0     99    1         c129daba 00000000 S watchdog/2
root      17    2     0      0     -100  0     99    1         c129ca8c 00000000 S migration/3
root      18    2     0      0     20    0     0     0         c12557ff 00000000 S kworker/3:0
root      19    2     0      0     20    0     0     0         c124160d 00000000 S ksoftirqd/3
root      20    2     0      0     -100  0     99    1         c129daba 00000000 S watchdog/3
root      21    2     0      0     0     -20   0     0         c125509d 00000000 S cpuset
root      22    2     0      0     0     -20   0     0         c125509d 00000000 S khelper
root      23    2     0      0     20    0     0     0         c12efe37 00000000 S sync_supers
root      24    2     0      0     20    0     0     0         c12f094c 00000000 S bdi-default
root      25    2     0      0     0     -20   0     0         c125509d 00000000 S kblockd
root      26    2     0      0     0     -20   0     0         c125509d 00000000 S ata_sff
root      27    2     0      0     20    0     0     0         c164ce89 00000000 S khubd
root      28    2     0      0     0     -20   0     0         c125509d 00000000 S md
root      29    2     0      0     20    0     0     0         c12557ff 00000000 S kworker/1:1
root      30    2     0      0     -100  0     99    1         c1725d75 00000000 S cfinteractive
root      31    2     0      0     0     -20   0     0         c125509d 00000000 S msic_adc
root      32    2     0      0     -51   0     50    1         c129e9e1 00000000 S irq/16-msic_adc
root      33    2     0      0     20    0     0     0         c12557ff 00000000 S kworker/u:1
root      37    2     0      0     20    0     0     0         c129d583 00000000 S khungtaskd
root      38    2     0      0     20    0     0     0         c12557ff 00000000 S kworker/u:2
root      39    2     0      0     20    0     0     0         c12e65f5 00000000 S kswapd0
root      40    2     0      0     25    5     0     0         c1308caa 00000000 S ksmd
root      41    2     0      0     20    0     0     0         c134f007 00000000 S fsnotify_mark
root      42    2     0      0     0     -20   0     0         c125509d 00000000 S crypto
root      54    2     0      0     0     -20   0     0         c125509d 00000000 S kthrotld
root      55    2     0      0     -51   0     50    1         c129e9e1 00000000 S irq/5-fw_loggin
root      56    2     0      0     0     -20   0     0         c125509d 00000000 S 0000:00:00.2
root      57    2     0      0     0     -20   0     0         c125509d 00000000 S 0000:00:02.4
root      64    2     0      0     0     -20   0     0         c125509d 00000000 S penwell_otg_que
root      65    2     0      0     0     -20   0     0         c125509d 00000000 S penwell_otg_chr
root      66    2     0      0     0     -20   0     0         c125509d 00000000 S kpsmoused
root      67    2     0      0     20    0     0     0         c12557ff 00000000 S kworker/0:2
root      68    2     0      0     -51   0     50    1         c129e9e1 00000000 S irq/36-msic_vdd
root      70    2     0      0     0     -20   0     0         c125509d 00000000 S binder
root      73    2     0      0     20    0     0     0         c12557ff 00000000 S kworker/2:2
root      74    2     0      0     -51   0     50    1         c129e9e1 00000000 S irq/349-smb347
root      80    2     0      0     20    0     0     0         c173d867 00000000 S mmcqd/0
root      81    2     0      0     20    0     0     0         c173d867 00000000 S mmcqd/0boot0
root      82    2     0      0     20    0     0     0         c173d867 00000000 S mmcqd/0boot1
root      83    2     0      0     20    0     0     0         c173d867 00000000 S mmcqd/0rpmb
root      84    2     0      0     20    0     0     0         c173d867 00000000 S mmcqd/0gp0
root      85    2     0      0     0     -20   0     0         c125509d 00000000 S sep_sec-ewq
root      86    2     0      0     0     -20   0     0         c125509d 00000000 S ttm_swap
root      87    2     0      0     -100  0     99    1         c179cf59 00000000 S dsi_esd
root      88    2     0      0     0     -20   0     0         c125509d 00000000 S HDCP_WQ
root      89    2     0      0     0     -20   0     0         c125509d 00000000 S lsm303d_workque
root      90    2     0      0     -51   0     50    1         c129e9e1 00000000 S irq/299-Clovert
root      91    2     0      0     0     -20   0     0         c125509d 00000000 S mdm_ctrl-cs_wq
root      92    2     0      0     0     -20   0     0         c125509d 00000000 S mdm_ctrl-hu_wq
root      93    2     0      0     0     -20   0     0         c125509d 00000000 S ssp_transfer_da
root      94    2     0      0     -51   0     50    1         c129e9e1 00000000 S irq/66-i2s ssp
root      95    2     0      0     0     -20   0     0         c125509d 00000000 S ifx_transfer_da
root      96    2     0      0     -51   0     50    1         c129e9e1 00000000 S irq/65-i2s ssp
root      97    2     0      0     0     -20   0     0         c125509d 00000000 S sst_mad_wq
root      98    2     0      0     0     -20   0     0         c125509d 00000000 S sst_post_msg_wq
root      99    2     0      0     0     -20   0     0         c125509d 00000000 S sst_process_msg
root      100   2     0      0     0     -20   0     0         c125509d 00000000 S sst_proces_repl
root      101   2     0      0     0     -20   0     0         c125509d 00000000 S ssp_transfer_da
root      102   2     0      0     -51   0     50    1         c129e9e1 00000000 S irq/30-intel_ss
root      103   2     0      0     0     -20   0     0         c125509d 00000000 S deferwq
root      104   2     0      0     0     -20   0     0         c125509d 00000000 S f_mtp
root      105   2     0      0     20    0     0     0         c168d2a5 00000000 S file-storage
root      106   2     0      0     -51   0     50    1         c129e9e1 00000000 S irq/319-apds990
root      107   2     0      0     0     -20   0     0         c125509d 00000000 S goodix_wq
root      108   2     0      0     -51   0     50    1         c129e9e1 00000000 S irq/67-msic_pow
root      109   2     0      0     -51   0     50    1         c129e9e1 00000000 S irq/318-ft5x06_
root      110   2     0      0     20    0     0     0         c173d867 00000000 S mmcqd/1
root      111   1     3944   3524  20    0     0     0         c1327c9e 08059132 S /sbin/ueventd
root      112   2     0      0     0     -20   0     0         c125509d 00000000 S pvr_timer
root      114   2     0      0     20    0     0     0         c13bbd8c 00000000 S jbd2/mmcblk0p3-
root      115   2     0      0     0     -20   0     0         c125509d 00000000 S ext4-dio-unwrit
root      116   2     0      0     20    0     0     0         c13bbd8c 00000000 S jbd2/mmcblk0p8-
root      117   2     0      0     0     -20   0     0         c125509d 00000000 S ext4-dio-unwrit
root      120   2     0      0     20    0     0     0         c133c20d 00000000 S flush-179:0
root      122   2     0      0     20    0     0     0         c13bbd8c 00000000 S jbd2/mmcblk0p6-
root      123   2     0      0     0     -20   0     0         c125509d 00000000 S ext4-dio-unwrit
root      124   2     0      0     20    0     0     0         c13bbd8c 00000000 S jbd2/mmcblk0p5-
root      125   2     0      0     0     -20   0     0         c125509d 00000000 S ext4-dio-unwrit
root      129   2     0      0     20    0     0     0         c13bbd8c 00000000 S jbd2/mmcblk0p9-
root      130   2     0      0     0     -20   0     0         c125509d 00000000 S ext4-dio-unwrit
root      131   2     0      0     20    0     0     0         c13bbd8c 00000000 S jbd2/mmcblk0p7-
root      132   2     0      0     0     -20   0     0         c125509d 00000000 S ext4-dio-unwrit
root      135   2     0      0     -51   0     50    1         c129e9e1 00000000 S irq/350-max170x
system    136   1     1616   444   20    0     0     0         c176dce8 4006dae2 S /system/bin/servicemanager
root      137   1     5824   548   20    0     0     0         ffffffff 40098709 S /system/bin/vold
root      156   137   5824   548   20    0     0     0         c1327c9e 40097ca4 S vold
root      157   137   5824   548   20    0     0     0         c1327c9e 40097ca4 S vold
system    139   1     416    4     20    0     0     0         c1327c9e 08048c94 S /ia_watchdogd
system    140   1     2840   548   20    0     0     0         c13533d1 4015624f S /system/bin/mmgr
root      141   1     11260  848   20    0     0     0         ffffffff 400f9709 S /system/bin/netd
root      402   141   11260  848   20    0     0     0         c1327c9e 400f8ca4 S netd
root      403   141   11260  848   20    0     0     0         c1327c9e 400f8ca4 S netd
root      406   141   11260  848   20    0     0     0         c1327c9e 400f8ca4 S netd
root      407   141   11260  848   20    0     0     0         c1327c9e 400fa302 S netd
root      408   141   11260  848   20    0     0     0         c1327c9e 400f8ca4 S netd
root      409   141   11260  848   20    0     0     0         c1327c9e 400f8ca4 S netd
root      142   1     1924   832   20    0     0     0         c1827c7c 40073b9b S /system/bin/debuggerd
root      143   1     501704 40260 20    0     0     0         ffffffff 4006cca4 S zygote
root      7454  143   501704 40260 20    0     0     0         c12875f8 4006e46d S ReferenceQueueD
root      7455  143   501704 40260 20    0     0     0         c12875f8 4006e46d S FinalizerDaemon
root      7457  143   501704 40260 20    0     0     0         c12875f8 4006e46d S FinalizerWatchd
install   144   1     1708   444   20    0     0     0         c18bd73b 400766ee S /system/bin/installd
keystore  145   1     3484   728   20    0     0     0         c1827c7c 40074b9b S /system/bin/keystore
drm       146   1     21148  2544  20    0     0     0     fg  ffffffff 40166ae2 S /system/bin/drmserver
drm       371   146   21148  2544  20    0     0     0     fg  c176dce8 40166ae2 S Binder_1
drm       3278  146   21148  2544  20    0     0     0     fg  c176dce8 40166ae2 S Binder_2
media     147   1     79452  14540 20    0     0     0     fg  ffffffff 400fcae2 S /system/bin/mediaserver
media     248   147   79452  14540 4     -16   0     0         c12875f8 400fe46d S AudioCommand
media     249   147   79452  14540 4     -16   0     0         c12875f8 400fe46d S ApmCommand
media     277   147   79452  14540 20    0     0     0         c1327c9e 400fe302 S mediaserver
media     278   147   79452  14540 20    0     0     0         c1327c9e 400fcca4 S mediaserver
media     422   147   79452  14540 1     -19   0     0         c12875f8 400fe46d S AudioOut_2
media     423   147   79452  14540 1     -19   0     0         c12875f8 400fe46d S AudioOut_3
media     424   147   79452  14540 20    0     0     0     fg  c176dce8 400fcae2 S Binder_1
media     463   147   79452  14540 20    0     0     0         c1327c9e 400fe302 S mediaserver
media     502   147   79452  14540 20    0     0     0     fg  c176dce8 400fcae2 S Binder_2
media     1837  147   79452  14540 20    0     0     0     fg  c176dce8 400fcae2 S Binder_3
media     6555  147   79452  14540 20    0     0     0     fg  c176dce8 400fcae2 S Binder_4
media     6556  147   79452  14540 20    0     0     0     fg  c176dce8 400fcae2 S Binder_5
media     6557  147   79452  14540 20    0     0     0     fg  c176dce8 400fcae2 S Binder_6
media     7123  147   79452  14540 18    -2    0     0     fg  c12875f8 400fe46d S TimedEventQueue
media     7125  147   79452  14540 18    -2    0     0     fg  c12875f8 400fe46d S TimedEventQueue
radio     149   1     25852  636   20    0     0     0         ffffffff 4006d709 S /system/bin/rild
radio     159   149   25852  636   20    0     0     0         c1327c9e 4006cca4 S rild
radio     307   149   25852  636   20    0     0     0         c1327c9e 4006cca4 S rild
radio     464   149   25852  636   20    0     0     0         c12875f8 4006e46d S rild
radio     465   149   25852  636   20    0     0     0         c1327c9e 4006e302 S rild
radio     466   149   25852  636   20    0     0     0         c12875f8 4006e46d S rild
radio     467   149   25852  636   20    0     0     0         c1327c9e 4006e302 S rild
radio     468   149   25852  636   20    0     0     0         c12875f8 4006e46d S rild
radio     469   149   25852  636   20    0     0     0         c1327c9e 4006e302 S rild
radio     470   149   25852  636   20    0     0     0         c12875f8 4006e46d S rild
radio     471   149   25852  636   20    0     0     0         c1327c9e 4006e302 S rild
radio     472   149   25852  636   20    0     0     0         c12875f8 4006e46d S rild
radio     473   149   25852  636   20    0     0     0         c1327c9e 4006e302 S rild
radio     474   149   25852  636   20    0     0     0         c12875f8 4006e46d S rild
radio     475   149   25852  636   20    0     0     0         c1327c9e 4006e302 S rild
radio     476   149   25852  636   20    0     0     0         c12875f8 4006e46d S rild
radio     477   149   25852  636   20    0     0     0         c1327c9e 4006e302 S rild
radio     478   149   25852  636   20    0     0     0         c12875f8 4006e46d S rild
radio     479   149   25852  636   20    0     0     0         c1327c9e 4006e302 S rild
radio     480   149   25852  636   20    0     0     0         c12875f8 4006e46d S rild
radio     481   149   25852  636   20    0     0     0         c1327c9e 4006e302 S rild
radio     482   149   25852  636   20    0     0     0         c12875f8 4006e46d S rild
gps       150   1     16524  1740  20    0     0     0         ffffffff 4063dca4 S /system/bin/gpsd
gps       160   150   16524  1740  20    0     0     0         c1327c9e 4063dca4 S gpsd
gps       201   150   16524  1740  20    0     0     0         c131f789 4063d7c6 S gpsd
root      151   2     0      0     0     -20   0     0         c125509d 00000000 S cfg80211
root      154   2     0      0     0     -20   0     0         c125509d 00000000 S pvr_workqueue
gps       162   150   3232   480   20    0     0     0         ffffffff 4007bca4 S /system/bin/gpslogd
gps       164   162   3232   480   20    0     0     0         c1327c9e 4007bca4 S gpslogd
media_rw  257   1     3048   464   20    0     0     0         ffffffff 400606ee S /system/bin/sdcard
media_rw  306   257   3048   464   20    0     0     0         c13d081b 400606ee S sdcard
root      258   1     6476   644   20    0     0     0         ffffffff 402f1fdb S /system/bin/crashlogd
root      316   258   6476   644   20    0     0     0         c124e0f6 402f1709 S crashlogd
root      461   258   6476   644   20    0     0     0         c1327c9e 402f0ca4 S crashlogd
root      259   1     1644   364   20    0     0     0         c150c964 400606ee S /system/bin/sh
root      261   1     2984   1624  20    0     0     0         c1327c9e 40068ca4 S /system/bin/logcat
root      329   2     0      0     20    0     0     0         c12557ff 00000000 S kworker/1:3
root      413   2     0      0     20    0     0     0         c125f7e6 00000000 S dhd_cfg80211_ev
root      414   2     0      0     20    0     0     0         c125f7e6 00000000 S dhd_watchdog
root      415   2     0      0     -2    0     1     1         c125f7e6 00000000 S dhd_dpc
root      416   2     0      0     20    0     0     0         c125f7e6 00000000 S dhd_sysioc
root      421   2     0      0     20    0     0     0         c12557ff 00000000 S kworker/3:3
system    425   143   711392 92580 20    0     0     0     fg  ffffffff 4006cae2 S system_server
system    427   425   711392 92580 20    0     0     0     fg  c12875f8 4006e46d S GC
system    430   425   711392 92580 20    0     0     0     fg  c124e714 4006da97 S Signal Catcher
system    431   425   711392 92580 20    0     0     0     fg  c18bd73b 4006dd53 S JDWP
system    432   425   711392 92580 20    0     0     0     fg  c12875f8 4006e46d S Compiler
system    433   425   711392 92580 20    0     0     0     fg  c12875f8 4006e46d S ReferenceQueueD
system    434   425   711392 92580 20    0     0     0     fg  c12875f8 4006e46d S FinalizerDaemon
system    435   425   711392 92580 20    0     0     0     fg  c12875f8 4006e46d S FinalizerWatchd
system    436   425   711392 92580 20    0     0     0     fg  c176dce8 4006cae2 S Binder_1
system    437   425   711392 92580 20    0     0     0     fg  c176dce8 4006cae2 S Binder_2
system    438   425   711392 92580 12    -8    0     0     fg  c12875f8 4006e46d S MIPIListener
system    439   425   711392 92580 12    -8    0     0     fg  c12875f8 4006e46d S MIPIListener
system    440   425   711392 92580 12    -8    0     0     fg  c13533d1 4006e24f S SurfaceFlinger
system    442   425   711392 92580 12    -8    0     0     fg  c177565b 4006cae2 S HWC Vsync Event
system    443   425   711392 92580 12    -8    0     0     fg  c12875f8 4006e46d S HWC Fake Vsync 
system    444   425   711392 92580 11    -9    0     0     fg  c12875f8 4006e46d S EventThread
system    446   425   711392 92580 12    -8    0     0     fg  c1327c9e 4006e302 S SensorService
system    450   425   711392 92580 20    0     0     0     fg  c176dce8 4006cae2 S Binder_3
system    451   425   711392 92580 18    -2    0     0     fg  c13533d1 4006e24f S er.ServerThread
system    452   425   711392 92580 18    -2    0     0     fg  c13533d1 4006e24f S UI
system    453   425   711392 92580 16    -4    0     0     fg  c13533d1 4006e24f S WindowManager
system    454   425   711392 92580 18    -2    0     0     fg  c13533d1 4006e24f S ActivityManager
system    456   425   711392 92580 20    0     0     0     fg  c12875f8 4006e46d S ProcessStats
system    457   425   711392 92580 30    10    0     0     bg  c13533d1 4006e24f S PackageManager
system    458   425   711392 92580 20    0     0     0     fg  c13505e3 4006c6ee S FileObserver
system    483   425   711392 92580 20    0     0     0     fg  c13533d1 4006e24f S AccountManagerS
system    485   425   711392 92580 30    10    0     0     bg  c13533d1 4006e24f S PackageMonitor
system    486   425   711392 92580 20    0     0     0     fg  c1327c9e 4006e302 S UEventObserver
system    487   425   711392 92580 18    -2    0     0     fg  c1327c9e 4006e302 S er.ServerThread
system    488   425   711392 92580 20    0     0     0     fg  c13533d1 4006e24f S PowerManagerSer
system    489   425   711392 92580 18    -2    0     0     fg  c127d317 4006c6ee S er.ServerThread
system    490   425   711392 92580 20    0     0     0     fg  c16bd06b 4006cae2 S AlarmManager
system    491   425   711392 92580 20    0     0     0     fg  c12875f8 4006e46d S SoundPool
system    492   425   711392 92580 20    0     0     0     fg  c12875f8 4006e46d S SoundPoolThread
system    493   425   711392 92580 12    -8    0     0     fg  c13533d1 4006e24f S er$SensorThread
system    498   425   711392 92580 12    -8    0     0     fg  c13533d1 4006e24f S InputDispatcher
system    499   425   711392 92580 12    -8    0     0     fg  c13533d1 4006e24f S InputReader
system    500   425   711392 92580 20    0     0     0     fg  c13533d1 4006e24f S BluetoothManage
system    505   425   711392 92580 20    0     0     0     fg  c13533d1 4006e24f S MountService
system    506   425   711392 92580 20    0     0     0     fg  c18bd73b 4006dd53 S VoldConnector
system    507   425   711392 92580 20    0     0     0     fg  c13533d1 4006e24f S CallbackHandler
system    509   425   711392 92580 20    0     0     0     fg  c18bd73b 4006dd53 S NetdConnector
system    510   425   711392 92580 20    0     0     0     fg  c13533d1 4006e24f S CallbackHandler
system    511   425   711392 92580 20    0     0     0     fg  c13533d1 4006e24f S NetworkStats
system    512   425   711392 92580 20    0     0     0     fg  c13533d1 4006e24f S NetworkPolicy
system    513   425   711392 92580 20    0     0     0     fg  c13533d1 4006e24f S WifiP2pService
system    514   425   711392 92580 20    0     0     0     fg  c13533d1 4006e24f S WifiStateMachin
system    515   425   711392 92580 20    0     0     0     fg  c13533d1 4006e24f S WifiService
system    516   425   711392 92580 20    0     0     0     fg  c13533d1 4006e24f S ConnectivitySer
system    517   425   711392 92580 20    0     0     0     fg  c13533d1 4006e24f S WifiManager
system    518   425   711392 92580 20    0     0     0     fg  c13533d1 4006e24f S Tethering
system    519   425   711392 92580 20    0     0     0     fg  c13533d1 4006e24f S CaptivePortalTr
system    520   425   711392 92580 20    0     0     0     fg  c13533d1 4006e24f S WifiWatchdogSta
system    521   425   711392 92580 20    0     0     0     fg  c13533d1 4006e24f S NsdService
system    522   425   711392 92580 20    0     0     0     fg  c18bd73b 4006dd53 S mDnsConnector
system    523   425   711392 92580 20    0     0     0     fg  c13533d1 4006e24f S CallbackHandler
system    524   425   711392 92580 30    10    0     0     bg  c13533d1 4006e24f S SyncHandlerThre
system    527   425   711392 92580 20    0     0     0     fg  c13533d1 4006e24f S AudioService
system    528   425   711392 92580 30    10    0     0     bg  c13533d1 4006e24f S UsbDeviceManage
system    529   425   711392 92580 30    10    0     0     bg  c13533d1 4006e24f S backup
system    530   425   711392 92580 20    0     0     0     fg  c13533d1 4006e24f S AppWidgetServic
system    533   425   711392 92580 20    0     0     0     fg  c12875f8 4006e46d S AsyncTask #1
system    534   425   711392 92580 20    0     0     0     fg  c13533d1 4006e24f S WidiService
system    594   425   711392 92580 20    0     0     0     fg  c13505e3 4006c6ee S UsbService host
system    595   425   711392 92580 20    0     0     0     fg  c12875f8 4006e46d S watchdog
system    614   425   711392 92580 30    10    0     0     bg  c13533d1 4006e24f S LocationManager
system    615   425   711392 92580 30    10    0     0     bg  c13533d1 4006e24f S CountryDetector
system    620   425   711392 92580 20    0     0     0     fg  c13533d1 4006e24f S ThrottleService
system    626   425   711392 92580 20    0     0     0     fg  c13533d1 4006e24f S NetworkTimeUpda
system    640   425   711392 92580 20    0     0     0     fg  c176dce8 4006cae2 S Binder_4
system    670   425   711392 92580 20    0     0     0     fg  c176dce8 4006cae2 S Binder_5
system    671   425   711392 92580 20    0     0     0     fg  c176dce8 4006cae2 S Binder_6
system    673   425   711392 92580 20    0     0     0     fg  c176dce8 4006cae2 S Binder_7
system    712   425   711392 92580 20    0     0     0     fg  c176dce8 4006cae2 S Binder_8
system    715   425   711392 92580 20    0     0     0     fg  c176dce8 4006cae2 S Binder_9
system    718   425   711392 92580 20    0     0     0     fg  c12875f8 4006e46d S RefQueueWorker@
system    782   425   711392 92580 20    0     0     0     fg  c176dce8 4006cae2 S Binder_A
system    783   425   711392 92580 20    0     0     0     fg  c176dce8 4006cae2 S Binder_B
system    837   425   711392 92580 20    0     0     0     fg  c12875f8 4006e46d S pool-1-thread-1
system    859   425   711392 92580 20    0     0     0     fg  c12875f8 4006e46d S BufferLiberator
system    866   425   711392 92580 20    0     0     0     fg  c12875f8 4006e46d S ThermalNotifier
system    2821  425   711392 92580 20    0     0     0     fg  c13533d1 4006e24f S SyncHandler-0
system    2986  425   711392 92580 20    0     0     0     fg  c12875f8 4006e46d S AsyncTask #2
system    3712  425   711392 92580 20    0     0     0     fg  c12875f8 4006e46d S AsyncTask #3
system    3713  425   711392 92580 20    0     0     0     fg  c12875f8 4006e46d S AsyncTask #4
system    3716  425   711392 92580 20    0     0     0     fg  c176dce8 4006cae2 S Binder_C
system    5143  425   711392 92580 20    0     0     0     fg  c176dce8 4006cae2 S Binder_D
system    5153  425   711392 92580 20    0     0     0     fg  c1327c9e 4006e302 S WifiMonitor
system    5187  425   711392 92580 20    0     0     0     fg  c176dce8 4006cae2 S Binder_E
system    5209  425   711392 92580 20    0     0     0     fg  c1327c9e 4006e302 S WifiMonitor
system    5308  425   711392 92580 20    0     0     0     fg  c13533d1 4006e24f S DhcpStateMachin
system    7221  425   711392 92580 20    0     0     0     fg  c12875f8 4006e46d S Timer-3
u0_a59    535   143   557192 81952 20    0     0     0     fg  ffffffff 4006e24f S com.android.systemui
u0_a59    542   535   557192 81952 20    0     0     0     fg  c12875f8 4006e46d S GC
u0_a59    543   535   557192 81952 20    0     0     0     fg  c124e714 4006da97 S Signal Catcher
u0_a59    544   535   557192 81952 20    0     0     0     fg  c18bd73b 4006dd53 S JDWP
u0_a59    545   535   557192 81952 20    0     0     0     fg  c12875f8 4006e46d S Compiler
u0_a59    547   535   557192 81952 20    0     0     0     fg  c12875f8 4006e46d S ReferenceQueueD
u0_a59    548   535   557192 81952 20    0     0     0     fg  c12875f8 4006e46d S FinalizerDaemon
u0_a59    549   535   557192 81952 20    0     0     0     fg  c12875f8 4006e46d S FinalizerWatchd
u0_a59    551   535   557192 81952 20    0     0     0     fg  c176dce8 4006cae2 S Binder_1
u0_a59    552   535   557192 81952 20    0     0     0     fg  c176dce8 4006cae2 S Binder_2
u0_a59    593   535   557192 81952 20    0     0     0     fg  c13533d1 4006e24f S WifiManager
u0_a59    621   535   557192 81952 30    10    0     0     bg  c12875f8 4006e46d S AsyncTask #1
u0_a59    725   535   557192 81952 20    0     0     0     fg  c13533d1 4006e24f S SystemUI Storag
u0_a59    861   535   557192 81952 30    10    0     0     bg  c12875f8 4006e46d S AsyncTask #2
u0_a59    1712  535   557192 81952 20    0     0     0     fg  c176dce8 4006cae2 S Binder_3
u0_a59    2982  535   557192 81952 30    10    0     0     bg  c12875f8 4006e46d S AsyncTask #3
u0_a59    2983  535   557192 81952 30    10    0     0     bg  c12875f8 4006e46d S AsyncTask #4
u0_a59    3711  535   557192 81952 20    0     0     0     fg  c12875f8 4006e46d S AsyncTask #5
u0_a59    5769  535   557192 81952 20    0     0     0     fg  c176dce8 4006cae2 S Binder_4
u0_a18    596   143   569240 73304 20    0     0     0     bg  ffffffff 4006e24f S android.process.media
u0_a18    600   596   569240 73304 20    0     0     0     bg  c12875f8 4006e46d S GC
u0_a18    601   596   569240 73304 20    0     0     0     bg  c124e714 4006da97 S Signal Catcher
u0_a18    602   596   569240 73304 20    0     0     0     bg  c18bd73b 4006dd53 S JDWP
u0_a18    603   596   569240 73304 20    0     0     0     bg  c12875f8 4006e46d S Compiler
u0_a18    604   596   569240 73304 20    0     0     0     bg  c12875f8 4006e46d S ReferenceQueueD
u0_a18    605   596   569240 73304 20    0     0     0     bg  c12875f8 4006e46d S FinalizerDaemon
u0_a18    606   596   569240 73304 20    0     0     0     bg  c12875f8 4006e46d S FinalizerWatchd
u0_a18    607   596   569240 73304 20    0     0     0     bg  c176dce8 4006cae2 S Binder_1
u0_a18    608   596   569240 73304 20    0     0     0     fg  c176dce8 4006cae2 S Binder_2
u0_a18    609   596   569240 73304 20    0     0     0     fg  c176dce8 4006cae2 S Binder_3
u0_a18    679   596   569240 73304 30    10    0     0     bg  c13533d1 4006e24f S thumbs thread
u0_a18    735   596   569240 73304 30    10    0     0     bg  c13533d1 4006e24f S MtpDatabase
u0_a18    741   596   569240 73304 20    0     0     0     bg  c13533d1 4006e24f S DownloadReceive
u0_a18    845   596   569240 73304 20    0     0     0     bg  c176dce8 4006cae2 S Binder_4
u0_a18    1327  596   569240 73304 30    10    0     0     bg  c13533d1 4006e24f S MtpDatabase
u0_a18    1496  596   569240 73304 30    10    0     0     bg  c13533d1 4006e24f S MtpDatabase
u0_a18    1504  596   569240 73304 20    0     0     0     fg  c176dce8 4006cae2 S Binder_5
u0_a18    1531  596   569240 73304 30    10    0     0     bg  c13533d1 4006e24f S MtpDatabase
u0_a18    1532  596   569240 73304 20    0     0     0     bg  c16899cb 4006c6ee S MtpServer
u0_a18    4419  596   569240 73304 20    0     0     0     fg  c176dce8 4006cae2 S Binder_6
u0_a18    4486  596   569240 73304 20    0     0     0     fg  c176dce8 4006cae2 S Binder_7
u0_a18    4539  596   569240 73304 20    0     0     0     bg  c12875f8 4006e46d S RefQueueWorker@
u0_a18    4769  596   569240 73304 20    0     0     0     bg  c12875f8 4006e46d S RefQueueWorker@
u0_a18    4963  596   569240 73304 20    0     0     0     bg  c12875f8 4006e46d S RefQueueWorker@
u0_a18    5257  596   569240 73304 20    0     0     0     bg  c12875f8 4006e46d S RefQueueWorker@
u0_a18    7490  596   569240 73304 30    10    0     0     bg  c1327c9e 4006e302 S Thread-869
u0_a18    7491  596   569240 73304 20    0     0     0     bg  c12875f8 4006e46d S RefQueueWorker@
u0_a18    7493  596   569240 73304 30    10    0     0     bg  c1327c9e 4006e302 S Thread-871
u0_a18    7494  596   569240 73304 20    0     0     0     bg  c12875f8 4006e46d S RefQueueWorker@
u0_a18    7495  596   569240 73304 30    10    0     0     bg  c1327c9e 4006e302 S Thread-873
u0_a18    7496  596   569240 73304 20    0     0     0     bg  c12875f8 4006e46d S RefQueueWorker@
u0_a18    7497  596   569240 73304 30    10    0     0     bg  c1327c9e 4006e302 S Thread-875
u0_a18    7498  596   569240 73304 30    10    0     0     bg  c1327c9e 4006e302 S Thread-876
u0_a18    7499  596   569240 73304 20    0     0     0     bg  c12875f8 4006e46d S RefQueueWorker@
u0_a18    7500  596   569240 73304 20    0     0     0     bg  c12875f8 4006e46d S RefQueueWorker@
u0_a34    610   143   1033792 84340 20    0     0     0     fg  ffffffff 4006e24f S com.google.android.inputmethod.latin
u0_a34    616   610   1033792 84340 20    0     0     0     fg  c12875f8 4006e46d S GC
u0_a34    617   610   1033792 84340 20    0     0     0     fg  c124e714 4006da97 S Signal Catcher
u0_a34    618   610   1033792 84340 20    0     0     0     fg  c18bd73b 4006dd53 S JDWP
u0_a34    619   610   1033792 84340 20    0     0     0     fg  c12875f8 4006e46d S Compiler
u0_a34    622   610   1033792 84340 20    0     0     0     fg  c12875f8 4006e46d S ReferenceQueueD
u0_a34    623   610   1033792 84340 20    0     0     0     fg  c12875f8 4006e46d S FinalizerDaemon
u0_a34    624   610   1033792 84340 20    0     0     0     fg  c12875f8 4006e46d S FinalizerWatchd
u0_a34    625   610   1033792 84340 20    0     0     0     fg  c176dce8 4006cae2 S Binder_1
u0_a34    628   610   1033792 84340 20    0     0     0     fg  c176dce8 4006cae2 S Binder_2
u0_a34    1602  610   1033792 84340 20    0     0     0     fg  c176dce8 4006cae2 S Binder_3
u0_a34    1603  610   1033792 84340 30    10    0     0     bg  c12875f8 4006e46d S AsyncTask #1
u0_a34    1615  610   1033792 84340 30    10    0     0     bg  c12875f8 4006e46d S AsyncTask #2
u0_a34    1715  610   1033792 84340 30    10    0     0     bg  c12875f8 4006e46d S AsyncTask #3
u0_a34    2152  610   1033792 84340 30    10    0     0     bg  c12875f8 4006e46d S AsyncTask #4
u0_a34    2185  610   1033792 84340 30    10    0     0     bg  c12875f8 4006e46d S AsyncTask #5
u0_a34    7275  610   1033792 84340 20    0     0     0     fg  c176dce8 4006cae2 S Binder_4
radio     630   143   557308 70708 20    0     0     0     fg  ffffffff 4006e24f S com.android.phone
radio     635   630   557308 70708 20    0     0     0     fg  c12875f8 4006e46d S GC
radio     638   630   557308 70708 20    0     0     0     fg  c124e714 4006da97 S Signal Catcher
radio     643   630   557308 70708 20    0     0     0     fg  c18bd73b 4006dd53 S JDWP
radio     645   630   557308 70708 20    0     0     0     fg  c12875f8 4006e46d S Compiler
radio     646   630   557308 70708 20    0     0     0     fg  c12875f8 4006e46d S ReferenceQueueD
radio     649   630   557308 70708 20    0     0     0     fg  c12875f8 4006e46d S FinalizerDaemon
radio     652   630   557308 70708 20    0     0     0     fg  c12875f8 4006e46d S FinalizerWatchd
radio     660   630   557308 70708 20    0     0     0     fg  c176dce8 4006cae2 S Binder_1
radio     661   630   557308 70708 20    0     0     0     fg  c176dce8 4006cae2 S Binder_2
radio     777   630   557308 70708 20    0     0     0     fg  c13533d1 4006e24f S RILSender
radio     781   630   557308 70708 20    0     0     0     fg  c18bd73b 4006dd53 S RILReceiver
radio     813   630   557308 70708 20    0     0     0     fg  c13533d1 4006e24f S AsyncQueryWorke
radio     824   630   557308 70708 30    10    0     0     bg  c12875f8 4006e46d S AsyncTask #1
radio     825   630   557308 70708 4     -16   0     0     fg  c12875f8 4006e46d S AudioTrack
radio     841   630   557308 70708 20    0     0     0     fg  c176dce8 4006cae2 S Binder_3
radio     848   630   557308 70708 20    0     0     0     fg  c13533d1 4006e24f S ervice.Executor
radio     849   630   557308 70708 20    0     0     0     fg  c13533d1 4006e24f S WifiManager
radio     1051  630   557308 70708 20    0     0     0     fg  c13533d1 4006e24f S Stk App Service
radio     1342  630   557308 70708 20    0     0     0     fg  c176dce8 4006cae2 S Binder_4
radio     1343  630   557308 70708 20    0     0     0     fg  c176dce8 4006cae2 S Binder_5
radio     7274  630   557308 70708 30    10    0     0     bg  c12875f8 4006e46d S AsyncTask #2
radio     7304  630   557308 70708 30    10    0     0     bg  c12875f8 4006e46d S AsyncTask #3
system    637   143   510232 35276 20    0     0     0     fg  ffffffff 4006e24f S com.intel.security.service
system    647   637   510232 35276 20    0     0     0     fg  c12875f8 4006e46d S GC
system    648   637   510232 35276 20    0     0     0     fg  c124e714 4006da97 S Signal Catcher
system    650   637   510232 35276 20    0     0     0     fg  c18bd73b 4006dd53 S JDWP
system    651   637   510232 35276 20    0     0     0     fg  c12875f8 4006e46d S Compiler
system    653   637   510232 35276 20    0     0     0     fg  c12875f8 4006e46d S ReferenceQueueD
system    656   637   510232 35276 20    0     0     0     fg  c12875f8 4006e46d S FinalizerDaemon
system    657   637   510232 35276 20    0     0     0     fg  c12875f8 4006e46d S FinalizerWatchd
system    666   637   510232 35276 20    0     0     0     fg  c176dce8 4006cae2 S Binder_1
system    667   637   510232 35276 20    0     0     0     fg  c176dce8 4006cae2 S Binder_2
u0_a43    654   143   510168 35316 20    0     0     0     fg  ffffffff 4006e24f S com.android.musicfx
u0_a43    662   654   510168 35316 20    0     0     0     fg  c12875f8 4006e46d S GC
